14:21:06 **** Clean-only build of project Assignment_2 ****
buildplatform.bat 55444 Assignment_2 clean 
XSDB Server Channel: tcfchan#8
Reading the platform  : "Assignment_2"
Cleaning the zynq_fsbl application.
rm -rf  sd.o  nand.o  nor.o  image_mover.o  md5.o  fsbl_hooks.o  main.o  rsa.o  qspi.o  ps7_init.o  pcap.o  fsbl_handoff.o zynq
_fsbl_bsp/ps7_cortexa9_0/lib/libxil.a fsbl.elf *.o

rm: cannot lstat `*.o': Invalid argument
make: *** [Makefile:42: clean] Error 1
Failed to do platform clean.
    invoked from within
"::tcf::eval -progress {apply {{msg} {puts $msg}}} {tcf_send_command tcfchan#0 xsdb eval s es {{platform active Assignment_2; platform clean}}}"
    (procedure "::tcf::send_command" line 4)
    invoked from within
"tcf send_command $::xsdb::curchan xsdb eval s es [list "platform active $PLATFORM_NAME; platform clean"]"
    invoked from within
"if { $iswindows == 1 } {    

    set XSDB_PORT [lindex $argv 0]
    set PLATFORM_NAME [lindex $argv 1]
    set arglen [llength $argv]
    set lastind..."
    (file "C:/Software/Xilinx/Vitis/2022.1\scripts\vitis\util\buildplatform.tcl" line 11)

14:21:13 Build Finished (took 7s.95ms)

