17:20:58 **** Incremental Build of configuration Debug for project cpu_1 ****
make all 
make --no-print-directory pre-build
a9-linaro-pre-build-step
' '
make --no-print-directory main-build
'Building file: ../src/core1_main.c'
'Invoking: ARM v7 gcc compiler'
arm-none-eabi-gcc -Wall -O0 -g3 -c -fmessage-length=0 -MT"src/core1_main.o" -mcpu=cortex-a9 -mfpu=vfpv3 -mfloat-abi=hard -IC:/Users/hmcculla/ECE423/ECE-423-Labs/workspace/Assignment3_platform/export/Assignment3_platform/sw/Assignment3_platform/standalone_ps7_cortexa9_1/bspinclude/include -MMD -MP -MF"src/core1_main.d" -MT"src/core1_main.o" -o "src/core1_main.o" "../src/core1_main.c"
../src/core1_main.c:53:21: warning: initialization of 'UINTPTR *' {aka 'unsigned int *'} from 'int' makes pointer from integer without a cast [-Wint-conversion]
   53 | UINTPTR* lock_ptr = 0x14dd5144;
      |                     ^~~~~~~~~~
../src/core1_main.c: In function 'main':
../src/core1_main.c:68:15: warning: passing argument 1 of 'spin_lock' makes pointer from integer without a cast [-Wint-conversion]
   68 |     spin_lock(*lock_ptr);
      |               ^~~~~~~~~
      |               |
      |               UINTPTR {aka unsigned int}
In file included from ../src/core1_main.c:51:
../src/spinlocks/spinlock1.h:4:25: note: expected 'UINTPTR *' {aka 'unsigned int *'} but argument is of type 'UINTPTR' {aka 'unsigned int'}
    4 | void spin_lock(UINTPTR *lock);
      |                ~~~~~~~~~^~~~
'Finished building: ../src/core1_main.c'
' '
'Building target: cpu_1.elf'
'Invoking: ARM v7 gcc linker'
arm-none-eabi-gcc -mcpu=cortex-a9 -mfpu=vfpv3 -mfloat-abi=hard -Wl,-build-id=none -specs=Xilinx.spec -Wl,-T -Wl,../src/lscript.ld -LC:/Users/hmcculla/ECE423/ECE-423-Labs/workspace/Assignment3_platform/export/Assignment3_platform/sw/Assignment3_platform/standalone_ps7_cortexa9_1/bsplib/lib -o "cpu_1.elf"  ./src/spinlocks/spinlock1.o  ./src/core1_main.o ./src/platform.o   -Wl,--start-group,-lxil,-lgcc,-lc,--end-group -Wl,--start-group,-lxilffs,-lxil,-lgcc,-lc,--end-group
'Finished building target: cpu_1.elf'
' '
'Invoking: ARM v7 Print Size'
arm-none-eabi-size cpu_1.elf  |tee "cpu_1.elf.size"
   text	   data	    bss	    dec	    hex	filename
  49587	   2548	130006248	130058383	7c0888f	cpu_1.elf
'Finished building: cpu_1.elf.size'
' '

17:20:59 Build Finished (took 1s.406ms)

