19:05:45 **** Incremental Build of configuration Debug for project ece423_lab1 ****
make all 
make --no-print-directory pre-build
a9-linaro-pre-build-step
' '
make --no-print-directory main-build
'Building file: ../src/main.c'
'Invoking: ARM v7 gcc compiler'
arm-none-eabi-gcc -Wall -O0 -g3 -c -fmessage-length=0 -MT"src/main.o" -mcpu=cortex-a9 -mfpu=vfpv3 -mfloat-abi=hard -IC:/Users/j54mao/ECE423/ECE-423-Labs/workspace/Assignment3_platform/export/Assignment3_platform/sw/Assignment3_platform/standalone_domain/bspinclude/include -MMD -MP -MF"src/main.d" -MT"src/main.o" -o "src/main.o" "../src/main.c"
In file included from ../src/common/util.h:12,
                 from ../src/main.c:57:
../src/common/mjpeg423_types.h:17: warning: "FALSE" redefined
   17 | #define FALSE (0)
      | 
In file included from C:/Users/j54mao/ECE423/ECE-423-Labs/workspace/Assignment3_platform/export/Assignment3_platform/sw/Assignment3_platform/standalone_domain/bspinclude/include/xil_printf.h:15,
                 from ../src/main.c:50:
C:/Users/j54mao/ECE423/ECE-423-Labs/workspace/Assignment3_platform/export/Assignment3_platform/sw/Assignment3_platform/standalone_domain/bspinclude/include/xil_types.h:53: note: this is the location of the previous definition
   53 | #  define FALSE         0U
      | 
In file included from ../src/common/util.h:12,
                 from ../src/main.c:57:
../src/common/mjpeg423_types.h:18: warning: "TRUE" redefined
   18 | #define TRUE !FALSE
      | 
In file included from C:/Users/j54mao/ECE423/ECE-423-Labs/workspace/Assignment3_platform/export/Assignment3_platform/sw/Assignment3_platform/standalone_domain/bspinclude/include/xil_printf.h:15,
                 from ../src/main.c:50:
C:/Users/j54mao/ECE423/ECE-423-Labs/workspace/Assignment3_platform/export/Assignment3_platform/sw/Assignment3_platform/standalone_domain/bspinclude/include/xil_types.h:49: note: this is the location of the previous definition
   49 | #  define TRUE          1U
      | 
../src/main.c: In function 'scan_files':
../src/main.c:121:43: warning: passing argument 1 of 'snprintf' from incompatible pointer type [-Wincompatible-pointer-types]
  121 |                         snprintf(file_name[i], sizeof(file_name[i]), "%s/%s", "3:/", fno.fname);
      |                                  ~~~~~~~~~^~~
      |                                           |
      |                                           char **
In file included from ../src/main.c:48:
c:\software\xilinx\vitis\2022.1\gnu\aarch32\nt\gcc-arm-none-eabi\aarch32-xilinx-eabi\usr\include\stdio.h:266:19: note: expected 'char * restrict' but argument is of type 'char **'
  266 | int     snprintf (char *__restrict, size_t, const char *__restrict, ...)
      |                   ^
../src/main.c:122:34: warning: format '%s' expects argument of type 'char *', but argument 2 has type 'char **' [-Wformat=]
  122 |                         printf("%s\n", file_name[i]);
      |                                 ~^     ~~~~~~~~~~~~
      |                                  |              |
      |                                  char *         char **
../src/main.c: In function 'main':
../src/main.c:146:37: warning: format '%x' expects argument of type 'unsigned int', but argument 2 has type 'volatile UINTPTR *' {aka 'volatile unsigned int *'} [-Wformat=]
  146 |         printf("CORE0 LOCK IS HERE %x\n",&lock);
      |                                    ~^    ~~~~~
      |                                     |    |
      |                                     |    volatile UINTPTR * {aka volatile unsigned int *}
      |                                     unsigned int
      |                                    %ls
../src/main.c:147:9: warning: implicit declaration of function 'Xil_SetTlbAttributes' [-Wimplicit-function-declaration]
  147 |         Xil_SetTlbAttributes(0x15000000, DEVICE_MEMORY); //DEVICE_MEMORY        //MODIFY THIS ONCE WE KNOW!!!
      |         ^~~~~~~~~~~~~~~~~~~~
../src/main.c:148:19: warning: passing argument 1 of 'spin_lock' discards 'volatile' qualifier from pointer target type [-Wdiscarded-qualifiers]
  148 |         spin_lock(&lock);       // starting lock, core 1 cannot lock now
      |                   ^~~~~
In file included from ../src/main.c:61:
../src/spinlocks/spinlock1.h:4:25: note: expected 'UINTPTR *' {aka 'unsigned int *'} but argument is of type 'volatile UINTPTR *' {aka 'volatile unsigned int *'}
    4 | void spin_lock(UINTPTR *lock);
      |                ~~~~~~~~~^~~~
../src/main.c:160:35: warning: passing argument 2 of 'timer_gpio_init' from incompatible pointer type [-Wincompatible-pointer-types]
  160 |     timer_gpio_init(TimerHandler, GpioHandler);
      |                                   ^~~~~~~~~~~
      |                                   |
      |                                   void (*)(void *, u32,  u32) {aka void (*)(void *, long unsigned int,  long unsigned int)}
In file included from ../src/main.c:54:
../src/timer_gpio.h:4:59: note: expected 'void (*)(void *)' but argument is of type 'void (*)(void *, u32,  u32)' {aka 'void (*)(void *, long unsigned int,  long unsigned int)'}
    4 | int timer_gpio_init(void (*fun_timer)(void* data), void (*fun_gpio)(void* data));
      |                                                    ~~~~~~~^~~~~~~~~~~~~~~~~~~~~
../src/main.c:177:25: warning: passing argument 1 of 'load_video' from incompatible pointer type [-Wincompatible-pointer-types]
  177 |     load_video(file_name[file_counter]);
      |                ~~~~~~~~~^~~~~~~~~~~~~~
      |                         |
      |                         char **
In file included from ../src/main.c:58:
../src/decoder/mjpeg423_decoder.h:30:29: note: expected 'const char *' but argument is of type 'char **'
   30 | void load_video(const char* filename_in);
      |                 ~~~~~~~~~~~~^~~~~~~~~~~
../src/main.c:197:46: warning: passing argument 1 of 'decode_entire_video' from incompatible pointer type [-Wincompatible-pointer-types]
  197 |                 decode_entire_video(file_name[1]);
      |                                     ~~~~~~~~~^~~
      |                                              |
      |                                              char **
In file included from ../src/main.c:58:
../src/decoder/mjpeg423_decoder.h:29:38: note: expected 'const char *' but argument is of type 'char **'
   29 | void decode_entire_video(const char* filename_in);
      |                          ~~~~~~~~~~~~^~~~~~~~~~~
../src/main.c:230:41: warning: passing argument 1 of 'load_video' from incompatible pointer type [-Wincompatible-pointer-types]
  230 |                     load_video(file_name[file_counter]);
      |                                ~~~~~~~~~^~~~~~~~~~~~~~
      |                                         |
      |                                         char **
In file included from ../src/main.c:58:
../src/decoder/mjpeg423_decoder.h:30:29: note: expected 'const char *' but argument is of type 'char **'
   30 | void load_video(const char* filename_in);
      |                 ~~~~~~~~~~~~^~~~~~~~~~~
'Finished building: ../src/main.c'
' '
'Building target: ece423_lab1.elf'
'Invoking: ARM v7 gcc linker'
arm-none-eabi-gcc -mcpu=cortex-a9 -mfpu=vfpv3 -mfloat-abi=hard -Wl,-build-id=none -specs=Xilinx.spec -Wl,-T -Wl,../src/lscript.ld -LC:/Users/j54mao/ECE423/ECE-423-Labs/workspace/Assignment3_platform/export/Assignment3_platform/sw/Assignment3_platform/standalone_domain/bsplib/lib -o "ece423_lab1.elf"  ./src/spinlocks/spinlock1.o  ./src/ece423_vid_ctl/ece423_vid_ctl.o  ./src/decoder/idct.o ./src/decoder/lossless_decode.o ./src/decoder/mjpeg423_decoder.o ./src/decoder/ycbcr_to_rgb.o  ./src/common/tables.o ./src/common/util.o  ./src/main.o ./src/platform.o ./src/timer_gpio.o   -Wl,--start-group,-lxil,-lgcc,-lc,--end-group -Wl,--start-group,-lxilffs,-lxil,-lgcc,-lc,--end-group
'Finished building target: ece423_lab1.elf'
' '
'Invoking: ARM v7 Print Size'
arm-none-eabi-size ece423_lab1.elf  |tee "ece423_lab1.elf.size"
   text	   data	    bss	    dec	    hex	filename
 132460	2101136	215012224	217245820	cf2e87c	ece423_lab1.elf
'Finished building: ece423_lab1.elf.size'
' '

19:05:46 Build Finished (took 1s.672ms)

