14:27:16 **** Incremental Build of configuration Release for project ece423_lab1 ****
make all 
make --no-print-directory pre-build
a9-linaro-pre-build-step
' '
make --no-print-directory main-build
'Building file: ../src/ece423_vid_ctl/ece423_vid_ctl.c'
'Invoking: ARM v7 gcc compiler'
arm-none-eabi-gcc -Wall -O2 -c -fmessage-length=0 -MT"src/ece423_vid_ctl/ece423_vid_ctl.o" -mcpu=cortex-a9 -mfpu=vfpv3 -mfloat-abi=hard -IC:/Users/j54mao/ECE423/ECE-423-Labs/workspace/assignment2_hunter_test/export/assignment2_hunter_test/sw/assignment2_hunter_test/standalone_domain/bspinclude/include -MMD -MP -MF"src/ece423_vid_ctl/ece423_vid_ctl.d" -MT"src/ece423_vid_ctl/ece423_vid_ctl.o" -o "src/ece423_vid_ctl/ece423_vid_ctl.o" "../src/ece423_vid_ctl/ece423_vid_ctl.c"
In file included from ../src/ece423_vid_ctl/ece423_vid_ctl.h:4,
                 from ../src/ece423_vid_ctl/ece423_vid_ctl.c:1:
../src/ece423_vid_ctl/../common/mjpeg423_types.h:17: warning: "FALSE" redefined
   17 | #define FALSE (0)
      | 
In file included from C:/Users/j54mao/ECE423/ECE-423-Labs/workspace/assignment2_hunter_test/export/assignment2_hunter_test/sw/assignment2_hunter_test/standalone_domain/bspinclude/include/xstatus.h:32,
                 from C:/Users/j54mao/ECE423/ECE-423-Labs/workspace/assignment2_hunter_test/export/assignment2_hunter_test/sw/assignment2_hunter_test/standalone_domain/bspinclude/include/xaxidma_bdring.h:60,
                 from C:/Users/j54mao/ECE423/ECE-423-Labs/workspace/assignment2_hunter_test/export/assignment2_hunter_test/sw/assignment2_hunter_test/standalone_domain/bspinclude/include/xaxidma.h:467,
                 from ../src/ece423_vid_ctl/../common/mjpeg423_types.h:14,
                 from ../src/ece423_vid_ctl/ece423_vid_ctl.h:4,
                 from ../src/ece423_vid_ctl/ece423_vid_ctl.c:1:
C:/Users/j54mao/ECE423/ECE-423-Labs/workspace/assignment2_hunter_test/export/assignment2_hunter_test/sw/assignment2_hunter_test/standalone_domain/bspinclude/include/xil_types.h:53: note: this is the location of the previous definition
   53 | #  define FALSE         0U
      | 
In file included from ../src/ece423_vid_ctl/ece423_vid_ctl.h:4,
                 from ../src/ece423_vid_ctl/ece423_vid_ctl.c:1:
../src/ece423_vid_ctl/../common/mjpeg423_types.h:18: warning: "TRUE" redefined
   18 | #define TRUE !FALSE
      | 
In file included from C:/Users/j54mao/ECE423/ECE-423-Labs/workspace/assignment2_hunter_test/export/assignment2_hunter_test/sw/assignment2_hunter_test/standalone_domain/bspinclude/include/xstatus.h:32,
                 from C:/Users/j54mao/ECE423/ECE-423-Labs/workspace/assignment2_hunter_test/export/assignment2_hunter_test/sw/assignment2_hunter_test/standalone_domain/bspinclude/include/xaxidma_bdring.h:60,
                 from C:/Users/j54mao/ECE423/ECE-423-Labs/workspace/assignment2_hunter_test/export/assignment2_hunter_test/sw/assignment2_hunter_test/standalone_domain/bspinclude/include/xaxidma.h:467,
                 from ../src/ece423_vid_ctl/../common/mjpeg423_types.h:14,
                 from ../src/ece423_vid_ctl/ece423_vid_ctl.h:4,
                 from ../src/ece423_vid_ctl/ece423_vid_ctl.c:1:
C:/Users/j54mao/ECE423/ECE-423-Labs/workspace/assignment2_hunter_test/export/assignment2_hunter_test/sw/assignment2_hunter_test/standalone_domain/bspinclude/include/xil_types.h:49: note: this is the location of the previous definition
   49 | #  define TRUE          1U
      | 
'Finished building: ../src/ece423_vid_ctl/ece423_vid_ctl.c'
' '
'Building file: ../src/decoder/idct.c'
'Invoking: ARM v7 gcc compiler'
arm-none-eabi-gcc -Wall -O2 -c -fmessage-length=0 -MT"src/decoder/idct.o" -mcpu=cortex-a9 -mfpu=vfpv3 -mfloat-abi=hard -IC:/Users/j54mao/ECE423/ECE-423-Labs/workspace/assignment2_hunter_test/export/assignment2_hunter_test/sw/assignment2_hunter_test/standalone_domain/bspinclude/include -MMD -MP -MF"src/decoder/idct.d" -MT"src/decoder/idct.o" -o "src/decoder/idct.o" "../src/decoder/idct.c"
In file included from ../src/decoder/mjpeg423_decoder.h:12,
                 from ../src/decoder/idct.c:10:
../src/decoder/../common/mjpeg423_types.h:17: warning: "FALSE" redefined
   17 | #define FALSE (0)
      | 
In file included from C:/Users/j54mao/ECE423/ECE-423-Labs/workspace/assignment2_hunter_test/export/assignment2_hunter_test/sw/assignment2_hunter_test/standalone_domain/bspinclude/include/xstatus.h:32,
                 from C:/Users/j54mao/ECE423/ECE-423-Labs/workspace/assignment2_hunter_test/export/assignment2_hunter_test/sw/assignment2_hunter_test/standalone_domain/bspinclude/include/xaxidma_bdring.h:60,
                 from C:/Users/j54mao/ECE423/ECE-423-Labs/workspace/assignment2_hunter_test/export/assignment2_hunter_test/sw/assignment2_hunter_test/standalone_domain/bspinclude/include/xaxidma.h:467,
                 from ../src/decoder/../common/mjpeg423_types.h:14,
                 from ../src/decoder/mjpeg423_decoder.h:12,
                 from ../src/decoder/idct.c:10:
C:/Users/j54mao/ECE423/ECE-423-Labs/workspace/assignment2_hunter_test/export/assignment2_hunter_test/sw/assignment2_hunter_test/standalone_domain/bspinclude/include/xil_types.h:53: note: this is the location of the previous definition
   53 | #  define FALSE         0U
      | 
In file included from ../src/decoder/mjpeg423_decoder.h:12,
                 from ../src/decoder/idct.c:10:
../src/decoder/../common/mjpeg423_types.h:18: warning: "TRUE" redefined
   18 | #define TRUE !FALSE
      | 
In file included from C:/Users/j54mao/ECE423/ECE-423-Labs/workspace/assignment2_hunter_test/export/assignment2_hunter_test/sw/assignment2_hunter_test/standalone_domain/bspinclude/include/xstatus.h:32,
                 from C:/Users/j54mao/ECE423/ECE-423-Labs/workspace/assignment2_hunter_test/export/assignment2_hunter_test/sw/assignment2_hunter_test/standalone_domain/bspinclude/include/xaxidma_bdring.h:60,
                 from C:/Users/j54mao/ECE423/ECE-423-Labs/workspace/assignment2_hunter_test/export/assignment2_hunter_test/sw/assignment2_hunter_test/standalone_domain/bspinclude/include/xaxidma.h:467,
                 from ../src/decoder/../common/mjpeg423_types.h:14,
                 from ../src/decoder/mjpeg423_decoder.h:12,
                 from ../src/decoder/idct.c:10:
C:/Users/j54mao/ECE423/ECE-423-Labs/workspace/assignment2_hunter_test/export/assignment2_hunter_test/sw/assignment2_hunter_test/standalone_domain/bspinclude/include/xil_types.h:49: note: this is the location of the previous definition
   49 | #  define TRUE          1U
      | 
../src/decoder/idct.c:31:24: warning: argument 1 of type 'pdct_block_t' {aka 'short int (*)[8]'} declared as a pointer [-Warray-parameter=]
   31 | void idct(pdct_block_t DCAC, pcolor_block_t block)
      |           ~~~~~~~~~~~~~^~~~
In file included from ../src/decoder/idct.c:10:
../src/decoder/mjpeg423_decoder.h:40:23: note: previously declared as an array 'int16_t[8][8]' {aka 'short int[8][8]'}
   40 | void idct(dct_block_t DCAC, color_block_t block);
      |           ~~~~~~~~~~~~^~~~
../src/decoder/idct.c:31:45: warning: argument 2 of type 'pcolor_block_t' {aka 'unsigned char (*)[8]'} declared as a pointer [-Warray-parameter=]
   31 | void idct(pdct_block_t DCAC, pcolor_block_t block)
      |                              ~~~~~~~~~~~~~~~^~~~~
In file included from ../src/decoder/idct.c:10:
../src/decoder/mjpeg423_decoder.h:40:43: note: previously declared as an array 'uint8_t[8][8]' {aka 'unsigned char[8][8]'}
   40 | void idct(dct_block_t DCAC, color_block_t block);
      |                             ~~~~~~~~~~~~~~^~~~~
'Finished building: ../src/decoder/idct.c'
' '
'Building file: ../src/decoder/lossless_decode.c'
'Invoking: ARM v7 gcc compiler'
arm-none-eabi-gcc -Wall -O2 -c -fmessage-length=0 -MT"src/decoder/lossless_decode.o" -mcpu=cortex-a9 -mfpu=vfpv3 -mfloat-abi=hard -IC:/Users/j54mao/ECE423/ECE-423-Labs/workspace/assignment2_hunter_test/export/assignment2_hunter_test/sw/assignment2_hunter_test/standalone_domain/bspinclude/include -MMD -MP -MF"src/decoder/lossless_decode.d" -MT"src/decoder/lossless_decode.o" -o "src/decoder/lossless_decode.o" "../src/decoder/lossless_decode.c"
In file included from ../src/decoder/lossless_decode.c:10:
../src/decoder/../common/mjpeg423_types.h:17: warning: "FALSE" redefined
   17 | #define FALSE (0)
      | 
In file included from C:/Users/j54mao/ECE423/ECE-423-Labs/workspace/assignment2_hunter_test/export/assignment2_hunter_test/sw/assignment2_hunter_test/standalone_domain/bspinclude/include/xstatus.h:32,
                 from C:/Users/j54mao/ECE423/ECE-423-Labs/workspace/assignment2_hunter_test/export/assignment2_hunter_test/sw/assignment2_hunter_test/standalone_domain/bspinclude/include/xaxidma_bdring.h:60,
                 from C:/Users/j54mao/ECE423/ECE-423-Labs/workspace/assignment2_hunter_test/export/assignment2_hunter_test/sw/assignment2_hunter_test/standalone_domain/bspinclude/include/xaxidma.h:467,
                 from ../src/decoder/../common/mjpeg423_types.h:14,
                 from ../src/decoder/lossless_decode.c:10:
C:/Users/j54mao/ECE423/ECE-423-Labs/workspace/assignment2_hunter_test/export/assignment2_hunter_test/sw/assignment2_hunter_test/standalone_domain/bspinclude/include/xil_types.h:53: note: this is the location of the previous definition
   53 | #  define FALSE         0U
      | 
In file included from ../src/decoder/lossless_decode.c:10:
../src/decoder/../common/mjpeg423_types.h:18: warning: "TRUE" redefined
   18 | #define TRUE !FALSE
      | 
In file included from C:/Users/j54mao/ECE423/ECE-423-Labs/workspace/assignment2_hunter_test/export/assignment2_hunter_test/sw/assignment2_hunter_test/standalone_domain/bspinclude/include/xstatus.h:32,
                 from C:/Users/j54mao/ECE423/ECE-423-Labs/workspace/assignment2_hunter_test/export/assignment2_hunter_test/sw/assignment2_hunter_test/standalone_domain/bspinclude/include/xaxidma_bdring.h:60,
                 from C:/Users/j54mao/ECE423/ECE-423-Labs/workspace/assignment2_hunter_test/export/assignment2_hunter_test/sw/assignment2_hunter_test/standalone_domain/bspinclude/include/xaxidma.h:467,
                 from ../src/decoder/../common/mjpeg423_types.h:14,
                 from ../src/decoder/lossless_decode.c:10:
C:/Users/j54mao/ECE423/ECE-423-Labs/workspace/assignment2_hunter_test/export/assignment2_hunter_test/sw/assignment2_hunter_test/standalone_domain/bspinclude/include/xil_types.h:49: note: this is the location of the previous definition
   49 | #  define TRUE          1U
      | 
'Finished building: ../src/decoder/lossless_decode.c'
' '
'Building file: ../src/decoder/mjpeg423_decoder.c'
'Invoking: ARM v7 gcc compiler'
arm-none-eabi-gcc -Wall -O2 -c -fmessage-length=0 -MT"src/decoder/mjpeg423_decoder.o" -mcpu=cortex-a9 -mfpu=vfpv3 -mfloat-abi=hard -IC:/Users/j54mao/ECE423/ECE-423-Labs/workspace/assignment2_hunter_test/export/assignment2_hunter_test/sw/assignment2_hunter_test/standalone_domain/bspinclude/include -MMD -MP -MF"src/decoder/mjpeg423_decoder.d" -MT"src/decoder/mjpeg423_decoder.o" -o "src/decoder/mjpeg423_decoder.o" "../src/decoder/mjpeg423_decoder.c"
In file included from ../src/decoder/mjpeg423_decoder.c:13:
../src/decoder/../common/mjpeg423_types.h:17: warning: "FALSE" redefined
   17 | #define FALSE (0)
      | 
In file included from C:/Users/j54mao/ECE423/ECE-423-Labs/workspace/assignment2_hunter_test/export/assignment2_hunter_test/sw/assignment2_hunter_test/standalone_domain/bspinclude/include/xstatus.h:32,
                 from C:/Users/j54mao/ECE423/ECE-423-Labs/workspace/assignment2_hunter_test/export/assignment2_hunter_test/sw/assignment2_hunter_test/standalone_domain/bspinclude/include/xaxidma_bdring.h:60,
                 from C:/Users/j54mao/ECE423/ECE-423-Labs/workspace/assignment2_hunter_test/export/assignment2_hunter_test/sw/assignment2_hunter_test/standalone_domain/bspinclude/include/xaxidma.h:467,
                 from ../src/decoder/../common/mjpeg423_types.h:14,
                 from ../src/decoder/mjpeg423_decoder.c:13:
C:/Users/j54mao/ECE423/ECE-423-Labs/workspace/assignment2_hunter_test/export/assignment2_hunter_test/sw/assignment2_hunter_test/standalone_domain/bspinclude/include/xil_types.h:53: note: this is the location of the previous definition
   53 | #  define FALSE         0U
      | 
In file included from ../src/decoder/mjpeg423_decoder.c:13:
../src/decoder/../common/mjpeg423_types.h:18: warning: "TRUE" redefined
   18 | #define TRUE !FALSE
      | 
In file included from C:/Users/j54mao/ECE423/ECE-423-Labs/workspace/assignment2_hunter_test/export/assignment2_hunter_test/sw/assignment2_hunter_test/standalone_domain/bspinclude/include/xstatus.h:32,
                 from C:/Users/j54mao/ECE423/ECE-423-Labs/workspace/assignment2_hunter_test/export/assignment2_hunter_test/sw/assignment2_hunter_test/standalone_domain/bspinclude/include/xaxidma_bdring.h:60,
                 from C:/Users/j54mao/ECE423/ECE-423-Labs/workspace/assignment2_hunter_test/export/assignment2_hunter_test/sw/assignment2_hunter_test/standalone_domain/bspinclude/include/xaxidma.h:467,
                 from ../src/decoder/../common/mjpeg423_types.h:14,
                 from ../src/decoder/mjpeg423_decoder.c:13:
C:/Users/j54mao/ECE423/ECE-423-Labs/workspace/assignment2_hunter_test/export/assignment2_hunter_test/sw/assignment2_hunter_test/standalone_domain/bspinclude/include/xil_types.h:49: note: this is the location of the previous definition
   49 | #  define TRUE          1U
      | 
../src/decoder/mjpeg423_decoder.c: In function 'decode_single_frame':
../src/decoder/mjpeg423_decoder.c:336:14: warning: format '%d' expects argument of type 'int', but argument 2 has type 'uint32_t' {aka 'long unsigned int'} [-Wformat=]
  336 |     printf("%d , %d, %llu\n",frame_index,frame_type, end - start + timer_delay);
      |             ~^               ~~~~~~~~~~~
      |              |               |
      |              int             uint32_t {aka long unsigned int}
      |             %ld
../src/decoder/mjpeg423_decoder.c:336:19: warning: format '%d' expects argument of type 'int', but argument 3 has type 'uint32_t' {aka 'long unsigned int'} [-Wformat=]
  336 |     printf("%d , %d, %llu\n",frame_index,frame_type, end - start + timer_delay);
      |                  ~^                      ~~~~~~~~~~
      |                   |                      |
      |                   int                    uint32_t {aka long unsigned int}
      |                  %ld
../src/decoder/mjpeg423_decoder.c: In function 'forward_button':
../src/decoder/mjpeg423_decoder.c:465:40: warning: format '%d' expects argument of type 'int', but argument 2 has type 'uint32_t' {aka 'long unsigned int'} [-Wformat=]
  465 |                 printf("Current frame %d is too close to the end, pausing video\n",frame_index);
      |                                       ~^                                           ~~~~~~~~~~~
      |                                        |                                           |
      |                                        int                                         uint32_t {aka long unsigned int}
      |                                       %ld
../src/decoder/mjpeg423_decoder.c:474:48: warning: format '%d' expects argument of type 'int', but argument 2 has type 'uint32_t' {aka 'long unsigned int'} [-Wformat=]
  474 |                         printf("Current frame %d, seeking to %d\n",frame_index,trailer[count + 1].frame_index);
      |                                               ~^                   ~~~~~~~~~~~
      |                                                |                   |
      |                                                int                 uint32_t {aka long unsigned int}
      |                                               %ld
../src/decoder/mjpeg423_decoder.c:474:63: warning: format '%d' expects argument of type 'int', but argument 3 has type 'uint32_t' {aka 'long unsigned int'} [-Wformat=]
  474 |                         printf("Current frame %d, seeking to %d\n",frame_index,trailer[count + 1].frame_index);
      |                                                              ~^                ~~~~~~~~~~~~~~~~~~~~~~~~~~~~~~
      |                                                               |                                  |
      |                                                               int                                uint32_t {aka long unsigned int}
      |                                                              %ld
../src/decoder/mjpeg423_decoder.c: In function 'backward_button':
../src/decoder/mjpeg423_decoder.c:490:40: warning: format '%d' expects argument of type 'int', but argument 2 has type 'uint32_t' {aka 'long unsigned int'} [-Wformat=]
  490 |                 printf("Current frame %d is too close to beginning, setting to frame 0\n",frame_index);
      |                                       ~^                                                  ~~~~~~~~~~~
      |                                        |                                                  |
      |                                        int                                                uint32_t {aka long unsigned int}
      |                                       %ld
../src/decoder/mjpeg423_decoder.c:499:48: warning: format '%d' expects argument of type 'int', but argument 2 has type 'uint32_t' {aka 'long unsigned int'} [-Wformat=]
  499 |                         printf("Current frame %d, seeking to %d\n",frame_index,trailer[count-1].frame_index);
      |                                               ~^                   ~~~~~~~~~~~
      |                                                |                   |
      |                                                int                 uint32_t {aka long unsigned int}
      |                                               %ld
../src/decoder/mjpeg423_decoder.c:499:63: warning: format '%d' expects argument of type 'int', but argument 3 has type 'uint32_t' {aka 'long unsigned int'} [-Wformat=]
  499 |                         printf("Current frame %d, seeking to %d\n",frame_index,trailer[count-1].frame_index);
      |                                                              ~^                ~~~~~~~~~~~~~~~~~~~~~~~~~~~~
      |                                                               |                                |
      |                                                               int                              uint32_t {aka long unsigned int}
      |                                                              %ld
'Finished building: ../src/decoder/mjpeg423_decoder.c'
' '
'Building file: ../src/decoder/ycbcr_to_rgb.c'
'Invoking: ARM v7 gcc compiler'
arm-none-eabi-gcc -Wall -O2 -c -fmessage-length=0 -MT"src/decoder/ycbcr_to_rgb.o" -mcpu=cortex-a9 -mfpu=vfpv3 -mfloat-abi=hard -IC:/Users/j54mao/ECE423/ECE-423-Labs/workspace/assignment2_hunter_test/export/assignment2_hunter_test/sw/assignment2_hunter_test/standalone_domain/bspinclude/include -MMD -MP -MF"src/decoder/ycbcr_to_rgb.d" -MT"src/decoder/ycbcr_to_rgb.o" -o "src/decoder/ycbcr_to_rgb.o" "../src/decoder/ycbcr_to_rgb.c"
In file included from ../src/decoder/mjpeg423_decoder.h:12,
                 from ../src/decoder/ycbcr_to_rgb.c:10:
../src/decoder/../common/mjpeg423_types.h:17: warning: "FALSE" redefined
   17 | #define FALSE (0)
      | 
In file included from C:/Users/j54mao/ECE423/ECE-423-Labs/workspace/assignment2_hunter_test/export/assignment2_hunter_test/sw/assignment2_hunter_test/standalone_domain/bspinclude/include/xstatus.h:32,
                 from C:/Users/j54mao/ECE423/ECE-423-Labs/workspace/assignment2_hunter_test/export/assignment2_hunter_test/sw/assignment2_hunter_test/standalone_domain/bspinclude/include/xaxidma_bdring.h:60,
                 from C:/Users/j54mao/ECE423/ECE-423-Labs/workspace/assignment2_hunter_test/export/assignment2_hunter_test/sw/assignment2_hunter_test/standalone_domain/bspinclude/include/xaxidma.h:467,
                 from ../src/decoder/../common/mjpeg423_types.h:14,
                 from ../src/decoder/mjpeg423_decoder.h:12,
                 from ../src/decoder/ycbcr_to_rgb.c:10:
C:/Users/j54mao/ECE423/ECE-423-Labs/workspace/assignment2_hunter_test/export/assignment2_hunter_test/sw/assignment2_hunter_test/standalone_domain/bspinclude/include/xil_types.h:53: note: this is the location of the previous definition
   53 | #  define FALSE         0U
      | 
In file included from ../src/decoder/mjpeg423_decoder.h:12,
                 from ../src/decoder/ycbcr_to_rgb.c:10:
../src/decoder/../common/mjpeg423_types.h:18: warning: "TRUE" redefined
   18 | #define TRUE !FALSE
      | 
In file included from C:/Users/j54mao/ECE423/ECE-423-Labs/workspace/assignment2_hunter_test/export/assignment2_hunter_test/sw/assignment2_hunter_test/standalone_domain/bspinclude/include/xstatus.h:32,
                 from C:/Users/j54mao/ECE423/ECE-423-Labs/workspace/assignment2_hunter_test/export/assignment2_hunter_test/sw/assignment2_hunter_test/standalone_domain/bspinclude/include/xaxidma_bdring.h:60,
                 from C:/Users/j54mao/ECE423/ECE-423-Labs/workspace/assignment2_hunter_test/export/assignment2_hunter_test/sw/assignment2_hunter_test/standalone_domain/bspinclude/include/xaxidma.h:467,
                 from ../src/decoder/../common/mjpeg423_types.h:14,
                 from ../src/decoder/mjpeg423_decoder.h:12,
                 from ../src/decoder/ycbcr_to_rgb.c:10:
C:/Users/j54mao/ECE423/ECE-423-Labs/workspace/assignment2_hunter_test/export/assignment2_hunter_test/sw/assignment2_hunter_test/standalone_domain/bspinclude/include/xil_types.h:49: note: this is the location of the previous definition
   49 | #  define TRUE          1U
      | 
'Finished building: ../src/decoder/ycbcr_to_rgb.c'
' '
'Building file: ../src/common/tables.c'
'Invoking: ARM v7 gcc compiler'
arm-none-eabi-gcc -Wall -O2 -c -fmessage-length=0 -MT"src/common/tables.o" -mcpu=cortex-a9 -mfpu=vfpv3 -mfloat-abi=hard -IC:/Users/j54mao/ECE423/ECE-423-Labs/workspace/assignment2_hunter_test/export/assignment2_hunter_test/sw/assignment2_hunter_test/standalone_domain/bspinclude/include -MMD -MP -MF"src/common/tables.d" -MT"src/common/tables.o" -o "src/common/tables.o" "../src/common/tables.c"
In file included from ../src/common/tables.c:10:
../src/common/mjpeg423_types.h:17: warning: "FALSE" redefined
   17 | #define FALSE (0)
      | 
In file included from C:/Users/j54mao/ECE423/ECE-423-Labs/workspace/assignment2_hunter_test/export/assignment2_hunter_test/sw/assignment2_hunter_test/standalone_domain/bspinclude/include/xstatus.h:32,
                 from C:/Users/j54mao/ECE423/ECE-423-Labs/workspace/assignment2_hunter_test/export/assignment2_hunter_test/sw/assignment2_hunter_test/standalone_domain/bspinclude/include/xaxidma_bdring.h:60,
                 from C:/Users/j54mao/ECE423/ECE-423-Labs/workspace/assignment2_hunter_test/export/assignment2_hunter_test/sw/assignment2_hunter_test/standalone_domain/bspinclude/include/xaxidma.h:467,
                 from ../src/common/mjpeg423_types.h:14,
                 from ../src/common/tables.c:10:
C:/Users/j54mao/ECE423/ECE-423-Labs/workspace/assignment2_hunter_test/export/assignment2_hunter_test/sw/assignment2_hunter_test/standalone_domain/bspinclude/include/xil_types.h:53: note: this is the location of the previous definition
   53 | #  define FALSE         0U
      | 
In file included from ../src/common/tables.c:10:
../src/common/mjpeg423_types.h:18: warning: "TRUE" redefined
   18 | #define TRUE !FALSE
      | 
In file included from C:/Users/j54mao/ECE423/ECE-423-Labs/workspace/assignment2_hunter_test/export/assignment2_hunter_test/sw/assignment2_hunter_test/standalone_domain/bspinclude/include/xstatus.h:32,
                 from C:/Users/j54mao/ECE423/ECE-423-Labs/workspace/assignment2_hunter_test/export/assignment2_hunter_test/sw/assignment2_hunter_test/standalone_domain/bspinclude/include/xaxidma_bdring.h:60,
                 from C:/Users/j54mao/ECE423/ECE-423-Labs/workspace/assignment2_hunter_test/export/assignment2_hunter_test/sw/assignment2_hunter_test/standalone_domain/bspinclude/include/xaxidma.h:467,
                 from ../src/common/mjpeg423_types.h:14,
                 from ../src/common/tables.c:10:
C:/Users/j54mao/ECE423/ECE-423-Labs/workspace/assignment2_hunter_test/export/assignment2_hunter_test/sw/assignment2_hunter_test/standalone_domain/bspinclude/include/xil_types.h:49: note: this is the location of the previous definition
   49 | #  define TRUE          1U
      | 
'Finished building: ../src/common/tables.c'
' '
'Building file: ../src/common/util.c'
'Invoking: ARM v7 gcc compiler'
arm-none-eabi-gcc -Wall -O2 -c -fmessage-length=0 -MT"src/common/util.o" -mcpu=cortex-a9 -mfpu=vfpv3 -mfloat-abi=hard -IC:/Users/j54mao/ECE423/ECE-423-Labs/workspace/assignment2_hunter_test/export/assignment2_hunter_test/sw/assignment2_hunter_test/standalone_domain/bspinclude/include -MMD -MP -MF"src/common/util.d" -MT"src/common/util.o" -o "src/common/util.o" "../src/common/util.c"
In file included from ../src/common/util.h:12,
                 from ../src/common/util.c:11:
../src/common/mjpeg423_types.h:17: warning: "FALSE" redefined
   17 | #define FALSE (0)
      | 
In file included from C:/Users/j54mao/ECE423/ECE-423-Labs/workspace/assignment2_hunter_test/export/assignment2_hunter_test/sw/assignment2_hunter_test/standalone_domain/bspinclude/include/xstatus.h:32,
                 from C:/Users/j54mao/ECE423/ECE-423-Labs/workspace/assignment2_hunter_test/export/assignment2_hunter_test/sw/assignment2_hunter_test/standalone_domain/bspinclude/include/xaxidma_bdring.h:60,
                 from C:/Users/j54mao/ECE423/ECE-423-Labs/workspace/assignment2_hunter_test/export/assignment2_hunter_test/sw/assignment2_hunter_test/standalone_domain/bspinclude/include/xaxidma.h:467,
                 from ../src/common/mjpeg423_types.h:14,
                 from ../src/common/util.h:12,
                 from ../src/common/util.c:11:
C:/Users/j54mao/ECE423/ECE-423-Labs/workspace/assignment2_hunter_test/export/assignment2_hunter_test/sw/assignment2_hunter_test/standalone_domain/bspinclude/include/xil_types.h:53: note: this is the location of the previous definition
   53 | #  define FALSE         0U
      | 
In file included from ../src/common/util.h:12,
                 from ../src/common/util.c:11:
../src/common/mjpeg423_types.h:18: warning: "TRUE" redefined
   18 | #define TRUE !FALSE
      | 
In file included from C:/Users/j54mao/ECE423/ECE-423-Labs/workspace/assignment2_hunter_test/export/assignment2_hunter_test/sw/assignment2_hunter_test/standalone_domain/bspinclude/include/xstatus.h:32,
                 from C:/Users/j54mao/ECE423/ECE-423-Labs/workspace/assignment2_hunter_test/export/assignment2_hunter_test/sw/assignment2_hunter_test/standalone_domain/bspinclude/include/xaxidma_bdring.h:60,
                 from C:/Users/j54mao/ECE423/ECE-423-Labs/workspace/assignment2_hunter_test/export/assignment2_hunter_test/sw/assignment2_hunter_test/standalone_domain/bspinclude/include/xaxidma.h:467,
                 from ../src/common/mjpeg423_types.h:14,
                 from ../src/common/util.h:12,
                 from ../src/common/util.c:11:
C:/Users/j54mao/ECE423/ECE-423-Labs/workspace/assignment2_hunter_test/export/assignment2_hunter_test/sw/assignment2_hunter_test/standalone_domain/bspinclude/include/xil_types.h:49: note: this is the location of the previous definition
   49 | #  define TRUE          1U
      | 
../src/common/util.c: In function 'error_and_exit_error_code':
../src/common/util.c:14:31: warning: format '%u' expects argument of type 'unsigned int', but argument 3 has type 'uint32_t' {aka 'long unsigned int'} [-Wformat=]
   14 |     printf("Error: %s (code: %u)\n", str, error_code);
      |                              ~^           ~~~~~~~~~~
      |                               |           |
      |                               |           uint32_t {aka long unsigned int}
      |                               unsigned int
      |                              %lu
'Finished building: ../src/common/util.c'
' '
'Building file: ../src/main.c'
'Invoking: ARM v7 gcc compiler'
arm-none-eabi-gcc -Wall -O2 -c -fmessage-length=0 -MT"src/main.o" -mcpu=cortex-a9 -mfpu=vfpv3 -mfloat-abi=hard -IC:/Users/j54mao/ECE423/ECE-423-Labs/workspace/assignment2_hunter_test/export/assignment2_hunter_test/sw/assignment2_hunter_test/standalone_domain/bspinclude/include -MMD -MP -MF"src/main.d" -MT"src/main.o" -o "src/main.o" "../src/main.c"
In file included from ../src/common/util.h:12,
                 from ../src/main.c:57:
../src/common/mjpeg423_types.h:17: warning: "FALSE" redefined
   17 | #define FALSE (0)
      | 
In file included from C:/Users/j54mao/ECE423/ECE-423-Labs/workspace/assignment2_hunter_test/export/assignment2_hunter_test/sw/assignment2_hunter_test/standalone_domain/bspinclude/include/xil_printf.h:15,
                 from ../src/main.c:50:
C:/Users/j54mao/ECE423/ECE-423-Labs/workspace/assignment2_hunter_test/export/assignment2_hunter_test/sw/assignment2_hunter_test/standalone_domain/bspinclude/include/xil_types.h:53: note: this is the location of the previous definition
   53 | #  define FALSE         0U
      | 
In file included from ../src/common/util.h:12,
                 from ../src/main.c:57:
../src/common/mjpeg423_types.h:18: warning: "TRUE" redefined
   18 | #define TRUE !FALSE
      | 
In file included from C:/Users/j54mao/ECE423/ECE-423-Labs/workspace/assignment2_hunter_test/export/assignment2_hunter_test/sw/assignment2_hunter_test/standalone_domain/bspinclude/include/xil_printf.h:15,
                 from ../src/main.c:50:
C:/Users/j54mao/ECE423/ECE-423-Labs/workspace/assignment2_hunter_test/export/assignment2_hunter_test/sw/assignment2_hunter_test/standalone_domain/bspinclude/include/xil_types.h:49: note: this is the location of the previous definition
   49 | #  define TRUE          1U
      | 
../src/main.c: In function 'scan_files':
../src/main.c:97:43: warning: passing argument 1 of 'snprintf' from incompatible pointer type [-Wincompatible-pointer-types]
   97 |                         snprintf(file_name[i], sizeof(file_name[i]), "%s/%s", "3:/", fno.fname);
      |                                  ~~~~~~~~~^~~
      |                                           |
      |                                           char **
In file included from ../src/main.c:48:
c:\software\xilinx\vitis\2022.1\gnu\aarch32\nt\gcc-arm-none-eabi\aarch32-xilinx-eabi\usr\include\stdio.h:266:19: note: expected 'char * restrict' but argument is of type 'char **'
  266 | int     snprintf (char *__restrict, size_t, const char *__restrict, ...)
      |                   ^
../src/main.c:98:34: warning: format '%s' expects argument of type 'char *', but argument 2 has type 'char **' [-Wformat=]
   98 |                         printf("%s\n", file_name[i]);
      |                                 ~^     ~~~~~~~~~~~~
      |                                  |              |
      |                                  char *         char **
../src/main.c: In function 'main':
../src/main.c:126:35: warning: passing argument 2 of 'timer_gpio_init' from incompatible pointer type [-Wincompatible-pointer-types]
  126 |     timer_gpio_init(TimerHandler, GpioHandler);
      |                                   ^~~~~~~~~~~
      |                                   |
      |                                   void (*)(void *, u32,  u32) {aka void (*)(void *, long unsigned int,  long unsigned int)}
In file included from ../src/main.c:54:
../src/timer_gpio.h:4:59: note: expected 'void (*)(void *)' but argument is of type 'void (*)(void *, u32,  u32)' {aka 'void (*)(void *, long unsigned int,  long unsigned int)'}
    4 | int timer_gpio_init(void (*fun_timer)(void* data), void (*fun_gpio)(void* data));
      |                                                    ~~~~~~~^~~~~~~~~~~~~~~~~~~~~
../src/main.c:143:25: warning: passing argument 1 of 'load_video' from incompatible pointer type [-Wincompatible-pointer-types]
  143 |     load_video(file_name[file_counter]);
      |                ~~~~~~~~~^~~~~~~~~~~~~~
      |                         |
      |                         char **
In file included from ../src/main.c:58:
../src/decoder/mjpeg423_decoder.h:30:29: note: expected 'const char *' but argument is of type 'char **'
   30 | void load_video(const char* filename_in);
      |                 ~~~~~~~~~~~~^~~~~~~~~~~
../src/main.c:166:46: warning: passing argument 1 of 'decode_entire_video' from incompatible pointer type [-Wincompatible-pointer-types]
  166 |                 decode_entire_video(file_name[1]);
      |                                     ~~~~~~~~~^~~
      |                                              |
      |                                              char **
In file included from ../src/main.c:58:
../src/decoder/mjpeg423_decoder.h:29:38: note: expected 'const char *' but argument is of type 'char **'
   29 | void decode_entire_video(const char* filename_in);
      |                          ~~~~~~~~~~~~^~~~~~~~~~~
../src/main.c:194:41: warning: passing argument 1 of 'load_video' from incompatible pointer type [-Wincompatible-pointer-types]
  194 |                     load_video(file_name[file_counter]);
      |                                ~~~~~~~~~^~~~~~~~~~~~~~
      |                                         |
      |                                         char **
In file included from ../src/main.c:58:
../src/decoder/mjpeg423_decoder.h:30:29: note: expected 'const char *' but argument is of type 'char **'
   30 | void load_video(const char* filename_in);
      |                 ~~~~~~~~~~~~^~~~~~~~~~~
'Finished building: ../src/main.c'
' '
'Building file: ../src/platform.c'
'Invoking: ARM v7 gcc compiler'
arm-none-eabi-gcc -Wall -O2 -c -fmessage-length=0 -MT"src/platform.o" -mcpu=cortex-a9 -mfpu=vfpv3 -mfloat-abi=hard -IC:/Users/j54mao/ECE423/ECE-423-Labs/workspace/assignment2_hunter_test/export/assignment2_hunter_test/sw/assignment2_hunter_test/standalone_domain/bspinclude/include -MMD -MP -MF"src/platform.d" -MT"src/platform.o" -o "src/platform.o" "../src/platform.c"
'Finished building: ../src/platform.c'
' '
'Building file: ../src/timer_gpio.c'
'Invoking: ARM v7 gcc compiler'
arm-none-eabi-gcc -Wall -O2 -c -fmessage-length=0 -MT"src/timer_gpio.o" -mcpu=cortex-a9 -mfpu=vfpv3 -mfloat-abi=hard -IC:/Users/j54mao/ECE423/ECE-423-Labs/workspace/assignment2_hunter_test/export/assignment2_hunter_test/sw/assignment2_hunter_test/standalone_domain/bspinclude/include -MMD -MP -MF"src/timer_gpio.d" -MT"src/timer_gpio.o" -o "src/timer_gpio.o" "../src/timer_gpio.c"
../src/timer_gpio.c: In function 'setup_gpiops':
../src/timer_gpio.c:192:13: warning: variable 'Status' set but not used [-Wunused-but-set-variable]
  192 |         int Status;
      |             ^~~~~~
'Finished building: ../src/timer_gpio.c'
' '
'Building target: ece423_lab1.elf'
'Invoking: ARM v7 gcc linker'
arm-none-eabi-gcc -mcpu=cortex-a9 -mfpu=vfpv3 -mfloat-abi=hard -Wl,-build-id=none -specs=Xilinx.spec -Wl,-T -Wl,../src/lscript.ld -LC:/Users/j54mao/ECE423/ECE-423-Labs/workspace/assignment2_hunter_test/export/assignment2_hunter_test/sw/assignment2_hunter_test/standalone_domain/bsplib/lib -o "ece423_lab1.elf"  ./src/ece423_vid_ctl/ece423_vid_ctl.o  ./src/decoder/idct.o ./src/decoder/lossless_decode.o ./src/decoder/mjpeg423_decoder.o ./src/decoder/ycbcr_to_rgb.o  ./src/common/tables.o ./src/common/util.o  ./src/main.o ./src/platform.o ./src/timer_gpio.o   -Wl,--start-group,-lxil,-lgcc,-lc,--end-group -Wl,--start-group,-lxilffs,-lxil,-lgcc,-lc,--end-group
'Finished building target: ece423_lab1.elf'
' '
'Invoking: ARM v7 Print Size'
arm-none-eabi-size ece423_lab1.elf  |tee "ece423_lab1.elf.size"
   text	   data	    bss	    dec	    hex	filename
 120800	   3984	419442688	419567472	19021770	ece423_lab1.elf
'Finished building: ece423_lab1.elf.size'
' '

14:27:21 Build Finished (took 5s.251ms)

