Nothing to build in platform 'lab_prefab_wrapper'

21:38:28 **** Incremental Build of configuration Release for project ece423_lab1 ****
make all 
make --no-print-directory pre-build
a9-linaro-pre-build-step
' '
make --no-print-directory main-build
'Building file: ../src/decoder/mjpeg423_decoder.c'
'Invoking: ARM v7 gcc compiler'
arm-none-eabi-gcc -Wall -O2 -c -fmessage-length=0 -MT"src/decoder/mjpeg423_decoder.o" -mcpu=cortex-a9 -mfpu=vfpv3 -mfloat-abi=hard -IC:/Users/hmcculla/ECE423/ECE-423-Labs/workspace/lab_prefab_wrapper/export/lab_prefab_wrapper/sw/lab_prefab_wrapper/standalone_ps7_cortexa9_0/bspinclude/include -MMD -MP -MF"src/decoder/mjpeg423_decoder.d" -MT"src/decoder/mjpeg423_decoder.o" -o "src/decoder/mjpeg423_decoder.o" "../src/decoder/mjpeg423_decoder.c"
../src/decoder/mjpeg423_decoder.c: In function 'forward_button':
../src/decoder/mjpeg423_decoder.c:417:40: warning: format '%d' expects argument of type 'int', but argument 2 has type 'uint32_t' {aka 'long unsigned int'} [-Wformat=]
  417 |                 printf("Current frame %d is too close to the end, pausing video\n",frame_index);
      |                                       ~^                                           ~~~~~~~~~~~
      |                                        |                                           |
      |                                        int                                         uint32_t {aka long unsigned int}
      |                                       %ld
../src/decoder/mjpeg423_decoder.c:426:48: warning: format '%d' expects argument of type 'int', but argument 2 has type 'uint32_t' {aka 'long unsigned int'} [-Wformat=]
  426 |                         printf("Current frame %d, seeking to %d\n",frame_index,trailer[count + 1].frame_index);
      |                                               ~^                   ~~~~~~~~~~~
      |                                                |                   |
      |                                                int                 uint32_t {aka long unsigned int}
      |                                               %ld
../src/decoder/mjpeg423_decoder.c:426:63: warning: format '%d' expects argument of type 'int', but argument 3 has type 'uint32_t' {aka 'long unsigned int'} [-Wformat=]
  426 |                         printf("Current frame %d, seeking to %d\n",frame_index,trailer[count + 1].frame_index);
      |                                                              ~^                ~~~~~~~~~~~~~~~~~~~~~~~~~~~~~~
      |                                                               |                                  |
      |                                                               int                                uint32_t {aka long unsigned int}
      |                                                              %ld
../src/decoder/mjpeg423_decoder.c: In function 'backward_button':
../src/decoder/mjpeg423_decoder.c:442:40: warning: format '%d' expects argument of type 'int', but argument 2 has type 'uint32_t' {aka 'long unsigned int'} [-Wformat=]
  442 |                 printf("Current frame %d is too close to beginning, setting to frame 0\n",frame_index);
      |                                       ~^                                                  ~~~~~~~~~~~
      |                                        |                                                  |
      |                                        int                                                uint32_t {aka long unsigned int}
      |                                       %ld
../src/decoder/mjpeg423_decoder.c:451:48: warning: format '%d' expects argument of type 'int', but argument 2 has type 'uint32_t' {aka 'long unsigned int'} [-Wformat=]
  451 |                         printf("Current frame %d, seeking to %d\n",frame_index,trailer[count-1].frame_index);
      |                                               ~^                   ~~~~~~~~~~~
      |                                                |                   |
      |                                                int                 uint32_t {aka long unsigned int}
      |                                               %ld
../src/decoder/mjpeg423_decoder.c:451:63: warning: format '%d' expects argument of type 'int', but argument 3 has type 'uint32_t' {aka 'long unsigned int'} [-Wformat=]
  451 |                         printf("Current frame %d, seeking to %d\n",frame_index,trailer[count-1].frame_index);
      |                                                              ~^                ~~~~~~~~~~~~~~~~~~~~~~~~~~~~
      |                                                               |                                |
      |                                                               int                              uint32_t {aka long unsigned int}
      |                                                              %ld
'Finished building: ../src/decoder/mjpeg423_decoder.c'
' '
'Building file: ../src/main.c'
'Invoking: ARM v7 gcc compiler'
arm-none-eabi-gcc -Wall -O2 -c -fmessage-length=0 -MT"src/main.o" -mcpu=cortex-a9 -mfpu=vfpv3 -mfloat-abi=hard -IC:/Users/hmcculla/ECE423/ECE-423-Labs/workspace/lab_prefab_wrapper/export/lab_prefab_wrapper/sw/lab_prefab_wrapper/standalone_ps7_cortexa9_0/bspinclude/include -MMD -MP -MF"src/main.d" -MT"src/main.o" -o "src/main.o" "../src/main.c"
In file included from ../src/common/util.h:12,
                 from ../src/main.c:57:
../src/common/mjpeg423_types.h:16: warning: "FALSE" redefined
   16 | #define FALSE (0)
      | 
In file included from C:/Users/hmcculla/ECE423/ECE-423-Labs/workspace/lab_prefab_wrapper/export/lab_prefab_wrapper/sw/lab_prefab_wrapper/standalone_ps7_cortexa9_0/bspinclude/include/xil_printf.h:15,
                 from ../src/main.c:50:
C:/Users/hmcculla/ECE423/ECE-423-Labs/workspace/lab_prefab_wrapper/export/lab_prefab_wrapper/sw/lab_prefab_wrapper/standalone_ps7_cortexa9_0/bspinclude/include/xil_types.h:53: note: this is the location of the previous definition
   53 | #  define FALSE         0U
      | 
In file included from ../src/common/util.h:12,
                 from ../src/main.c:57:
../src/common/mjpeg423_types.h:17: warning: "TRUE" redefined
   17 | #define TRUE !FALSE
      | 
In file included from C:/Users/hmcculla/ECE423/ECE-423-Labs/workspace/lab_prefab_wrapper/export/lab_prefab_wrapper/sw/lab_prefab_wrapper/standalone_ps7_cortexa9_0/bspinclude/include/xil_printf.h:15,
                 from ../src/main.c:50:
C:/Users/hmcculla/ECE423/ECE-423-Labs/workspace/lab_prefab_wrapper/export/lab_prefab_wrapper/sw/lab_prefab_wrapper/standalone_ps7_cortexa9_0/bspinclude/include/xil_types.h:49: note: this is the location of the previous definition
   49 | #  define TRUE          1U
      | 
../src/main.c: In function 'scan_files':
../src/main.c:93:43: warning: passing argument 1 of 'snprintf' from incompatible pointer type [-Wincompatible-pointer-types]
   93 |                         snprintf(file_name[i], sizeof(file_name[i]), "%s/%s", "3:/", fno.fname);
      |                                  ~~~~~~~~~^~~
      |                                           |
      |                                           char **
In file included from ../src/main.c:48:
c:\software\xilinx\vitis\2022.1\gnu\aarch32\nt\gcc-arm-none-eabi\aarch32-xilinx-eabi\usr\include\stdio.h:266:19: note: expected 'char * restrict' but argument is of type 'char **'
  266 | int     snprintf (char *__restrict, size_t, const char *__restrict, ...)
      |                   ^
../src/main.c:94:34: warning: format '%s' expects argument of type 'char *', but argument 2 has type 'char **' [-Wformat=]
   94 |                         printf("%s\n", file_name[i]);
      |                                 ~^     ~~~~~~~~~~~~
      |                                  |              |
      |                                  char *         char **
../src/main.c: In function 'main':
../src/main.c:120:35: warning: passing argument 2 of 'timer_gpio_init' from incompatible pointer type [-Wincompatible-pointer-types]
  120 |     timer_gpio_init(TimerHandler, GpioHandler);
      |                                   ^~~~~~~~~~~
      |                                   |
      |                                   void (*)(void *, u32,  u32) {aka void (*)(void *, long unsigned int,  long unsigned int)}
In file included from ../src/main.c:54:
../src/timer_gpio.h:4:59: note: expected 'void (*)(void *)' but argument is of type 'void (*)(void *, u32,  u32)' {aka 'void (*)(void *, long unsigned int,  long unsigned int)'}
    4 | int timer_gpio_init(void (*fun_timer)(void* data), void (*fun_gpio)(void* data));
      |                                                    ~~~~~~~^~~~~~~~~~~~~~~~~~~~~
../src/main.c:127:25: warning: passing argument 1 of 'load_video' from incompatible pointer type [-Wincompatible-pointer-types]
  127 |     load_video(file_name[file_counter]);
      |                ~~~~~~~~~^~~~~~~~~~~~~~
      |                         |
      |                         char **
In file included from ../src/main.c:58:
../src/decoder/mjpeg423_decoder.h:30:29: note: expected 'const char *' but argument is of type 'char **'
   30 | void load_video(const char* filename_in);
      |                 ~~~~~~~~~~~~^~~~~~~~~~~
../src/main.c:150:46: warning: passing argument 1 of 'decode_entire_video' from incompatible pointer type [-Wincompatible-pointer-types]
  150 |                 decode_entire_video(file_name[1]);
      |                                     ~~~~~~~~~^~~
      |                                              |
      |                                              char **
In file included from ../src/main.c:58:
../src/decoder/mjpeg423_decoder.h:29:38: note: expected 'const char *' but argument is of type 'char **'
   29 | void decode_entire_video(const char* filename_in);
      |                          ~~~~~~~~~~~~^~~~~~~~~~~
../src/main.c:178:41: warning: passing argument 1 of 'load_video' from incompatible pointer type [-Wincompatible-pointer-types]
  178 |                     load_video(file_name[file_counter]);
      |                                ~~~~~~~~~^~~~~~~~~~~~~~
      |                                         |
      |                                         char **
In file included from ../src/main.c:58:
../src/decoder/mjpeg423_decoder.h:30:29: note: expected 'const char *' but argument is of type 'char **'
   30 | void load_video(const char* filename_in);
      |                 ~~~~~~~~~~~~^~~~~~~~~~~
'Finished building: ../src/main.c'
' '
'Building target: ece423_lab1.elf'
'Invoking: ARM v7 gcc linker'
arm-none-eabi-gcc -mcpu=cortex-a9 -mfpu=vfpv3 -mfloat-abi=hard -Wl,-build-id=none -specs=Xilinx.spec -Wl,-T -Wl,../src/lscript.ld -LC:/Users/hmcculla/ECE423/ECE-423-Labs/workspace/lab_prefab_wrapper/export/lab_prefab_wrapper/sw/lab_prefab_wrapper/standalone_ps7_cortexa9_0/bsplib/lib -o "ece423_lab1.elf"  ./src/ece423_vid_ctl/ece423_vid_ctl.o  ./src/decoder/idct.o ./src/decoder/lossless_decode.o ./src/decoder/mjpeg423_decoder.o ./src/decoder/ycbcr_to_rgb.o  ./src/common/tables.o ./src/common/util.o  ./src/main.o ./src/platform.o ./src/timer_gpio.o   -Wl,--start-group,-lxil,-lgcc,-lc,--end-group -Wl,--start-group,-lxilffs,-lxil,-lgcc,-lc,--end-group
'Finished building target: ece423_lab1.elf'
' '
'Invoking: ARM v7 Print Size'
arm-none-eabi-size ece423_lab1.elf  |tee "ece423_lab1.elf.size"
   text	   data	    bss	    dec	    hex	filename
 113664	   3912	419440832	419558408	1901f408	ece423_lab1.elf
'Finished building: ece423_lab1.elf.size'
' '
