=~=~=~=~=~=~=~=~=~=~=~= PuTTY log 2025.02.13 14:15:14 =~=~=~=~=~=~=~=~=~=~=~=
self test ok
3://V1_621.MPG
3://V1_300.MPG
3://V1_1730.MPG
Decoding 3://V1_621.MPG to VDMA
Decoder start. Num frames #621
Width 1280
Height 720
Num i frames 230
Payload Size 113133240
I frame index 0, position 20
I frame index 6, position 1220732
I frame index 7, position 1434028
I frame index 8, position 1636348
I frame index 9, position 1837012
I frame index 10, position 2033216
I frame index 11, position 2235160
I frame index 12, position 2434720
I frame index 16, position 3200168
I frame index 17, position 3404824
I frame index 18, position 3603160
I frame index 19, position 3795068
I frame index 20, position 3976652
I frame index 21, position 4159032
I frame index 22, position 4335496
I frame index 44, position 8008388
I frame index 45, position 8200888
I frame index 46, position 8392500
I frame index 47, position 8588120
I frame index 57, position 10379140
I frame index 76, position 13659376
I frame index 77, position 13853664
I frame index 78, position 14045168
I frame index 79, position 14232228
I frame index 80, position 14420024
I frame index 94, position 16839088
I frame index 95, position 17023036
I frame index 96, position 17209296
I frame index 97, position 17394808
I frame index 98, position 17581364
I frame index 122, position 21741316
I frame index 123, position 21927800
I frame index 124, position 22113024
I frame index 125, position 22294636
I frame index 130, position 23177932
I frame index 131, position 23357288
I frame index 132, position 23537592
I frame index 137, position 24385476
I frame index 138, position 24558608
I frame index 139, position 24719768
I frame index 140, position 24874972
I frame index 141, position 25029720
I frame index 142, position 25187952
I frame index 143, position 25345344
I frame index 144, position 25507308
I frame index 145, position 25670380
I frame index 146, position 25833116
I frame index 147, position 25997980
I frame index 148, position 26162332
I frame index 149, position 26323736
I frame index 150, position 26484872
I frame index 151, position 26643896
I frame index 152, position 26803636
I frame index 153, position 26962916
I frame index 154, position 27123328
I frame index 155, position 27286752
I frame index 161, position 28200660
I frame index 162, position 28372864
I frame index 163, position 28533360
I frame index 164, position 28678772
I frame index 165, position 28830548
I frame index 166, position 28985004
I frame index 167, position 29145032
I frame index 168, position 29308172
I frame index 169, position 29475612
I frame index 170, position 29646508
I frame index 171, position 29820692
I frame index 172, position 29994248
I frame index 173, position 30168216
I frame index 174, position 30339476
I frame index 175, position 30512196
I frame index 176, position 30686368
I frame index 177, position 30864740
I frame index 178, position 31048396
I frame index 179, position 31237076
I frame index 180, position 31429516
I frame index 181, position 31622244
I frame index 185, position 32413828
I frame index 186, position 32615300
I frame index 187, position 32817120
I frame index 188, position 33020200
I frame index 189, position 33222596
I frame index 190, position 33428064
I frame index 191, position 33625664
I frame index 192, position 33822444
I frame index 193, position 34020008
I frame index 194, position 34222224
I frame index 195, position 34423144
I frame index 210, position 37222096
I frame index 211, position 37422048
I frame index 212, position 37618852
I frame index 213, position 37805688
I frame index 214, position 37988588
I frame index 215, position 38169248
I frame index 216, position 38349900
I frame index 217, position 38531312
I frame index 218, position 38713776
I frame index 219, position 38903548
I frame index 220, position 39093200
I frame index 226, position 40256756
I frame index 229, position 40848360
I frame index 231, position 41240880
I frame index 255, position 45441456
I frame index 278, position 49598900
I frame index 286, position 51150380
I frame index 287, position 51367412
I frame index 288, position 51575688
I frame index 289, position 51778344
I frame index 290, position 51975504
I frame index 291, position 52174888
I frame index 292, position 52370860
I frame index 293, position 52563992
I frame index 294, position 52761720
I frame index 295, position 52962528
I frame index 310, position 55782792
I frame index 311, position 55988656
I frame index 312, position 56194804
I frame index 313, position 56399912
I frame index 314, position 56609528
I frame index 318, position 57414616
I frame index 319, position 57622848
I frame index 320, position 57823996
I frame index 321, position 58015356
I frame index 322, position 58191956
I frame index 323, position 58373420
I frame index 324, position 58538172
I frame index 325, position 58703768
I frame index 326, position 58874464
I frame index 327, position 59058484
I frame index 328, position 59250496
I frame index 329, position 59453460
I frame index 331, position 59861248
I frame index 334, position 60473004
I frame index 335, position 60683124
I frame index 339, position 61527800
I frame index 340, position 61737544
I frame index 341, position 61945288
I frame index 342, position 62153572
I frame index 343, position 62361760
I frame index 349, position 63599444
I frame index 350, position 63804560
I frame index 351, position 64006632
I frame index 352, position 64195984
I frame index 353, position 64384140
I frame index 354, position 64568868
I frame index 355, position 64753840
I frame index 356, position 64942204
I frame index 357, position 65130812
I frame index 359, position 65506264
I frame index 360, position 65698528
I frame index 361, position 65886152
I frame index 362, position 66071056
I frame index 363, position 66254036
I frame index 364, position 66439692
I frame index 365, position 66625224
I frame index 367, position 66999632
I frame index 372, position 67930608
I frame index 373, position 68120436
I frame index 374, position 68310380
I frame index 375, position 68493128
I frame index 376, position 68676944
I frame index 377, position 68857568
I frame index 395, position 72042636
I frame index 396, position 72242268
I frame index 397, position 72443448
I frame index 398, position 72644208
I frame index 402, position 73438464
I frame index 404, position 73829244
I frame index 405, position 74024060
I frame index 406, position 74215796
I frame index 407, position 74405376
I frame index 408, position 74596712
I frame index 409, position 74784576
I frame index 410, position 74975008
I frame index 411, position 75162456
I frame index 417, position 76303520
I frame index 418, position 76500024
I frame index 419, position 76689728
I frame index 420, position 76879444
I frame index 430, position 78651880
I frame index 431, position 78851428
I frame index 432, position 79046532
I frame index 433, position 79242364
I frame index 434, position 79439112
I frame index 435, position 79640072
I frame index 445, position 81569240
I frame index 446, position 81777648
I frame index 447, position 81987008
I frame index 448, position 82192872
I frame index 452, position 82990468
I frame index 453, position 83195720
I frame index 454, position 83398632
I frame index 455, position 83603236
I frame index 456, position 83803148
I frame index 457, position 84005180
I frame index 462, position 84902704
I frame index 463, position 85104392
I frame index 464, position 85298268
I frame index 465, position 85494680
I frame index 489, position 89310332
I frame index 513, position 93213224
I frame index 532, position 96492388
I frame index 533, position 96689444
I frame index 534, position 96879008
I frame index 535, position 97068576
I frame index 536, position 97257148
I frame index 537, position 97446592
I frame index 538, position 97633204
I frame index 558, position 101112080
I frame index 568, position 102923808
I frame index 569, position 103124564
I frame index 570, position 103322472
I frame index 575, position 104200676
I frame index 576, position 104400552
I frame index 577, position 104601244
I frame index 579, position 105004884
I frame index 586, position 106351744
I frame index 587, position 106559312
I frame index 588, position 106763528
I frame index 607, position 110275092
I frame index 608, position 110475480
I frame index 609, position 110670776
I frame index 610, position 110867720
I frame index 611, position 111065012
I frame index 612, position 111264520
I frame index 614, position 111661904
I frame index 615, position 111866088
I frame index 616, position 112072768
I frame index 617, position 112281280
I frame index 618, position 112492648
0 , 0, 7992
button 1 has been pressed!
Video Play
1 , 1, 8056
2 , 1, 7872
3 , 1, 7832
4 , 1, 7868
5 , 1, 7886
6 , 0, 7909
7 , 0, 7910
8 , 0, 7899
9 , 0, 7913
10 , 0, 7898
11 , 0, 7894
12 , 0, 7902
13 , 1, 7882
14 , 1, 7858
15 , 1, 7879
16 , 0, 7940
17 , 0, 7929
18 , 0, 7954
19 , 0, 7959
20 , 0, 7893
21 , 0, 7933
22 , 0, 7957
23 , 1, 7832
24 , 1, 7873
25 , 1, 7858
26 , 1, 7873
27 , 1, 7842
28 , 1, 7872
29 , 1, 7876
30 , 1, 7892
31 , 1, 7862
32 , 1, 7857
33 , 1, 7889
34 , 1, 7827
35 , 1, 7844
36 , 1, 7906
37 , 1, 7843
38 , 1, 7902
39 , 1, 7872
40 , 1, 7916
41 , 1, 7857
42 , 1, 7912
43 , 1, 7847
44 , 0, 7900
45 , 0, 7930
46 , 0, 7908
47 , 0, 7959
48 , 1, 7852
49 , 1, 7853
50 , 1, 7960
51 , 1, 7872
52 , 1, 7853
53 , 1, 7889
54 , 1, 7912
55 , 1, 7851
56 , 1, 7883
57 , 0, 7938
58 , 1, 7858
59 , 1, 7883
60 , 1, 8372
61 , 1, 7872
62 , 1, 7877
63 , 1, 7878
64 , 1, 7888
65 , 1, 7878
66 , 1, 7906
67 , 1, 7868
68 , 1, 7877
69 , 1, 7888
70 , 1, 7867
71 , 1, 7863
72 , 1, 7881
73 , 1, 7897
74 , 1, 7852
75 , 1, 8037
76 , 0, 7954
77 , 0, 7890
78 , 0, 7943
79 , 0, 7892
80 , 0, 7914
81 , 1, 7862
82 , 1, 7857
83 , 1, 7867
84 , 1, 7903
85 , 1, 7863
86 , 1, 7866
87 , 1, 7843
88 , 1, 7842
89 , 1, 7881
90 , 1, 7882
91 , 1, 7894
92 , 1, 7879
93 , 1, 7871
94 , 0, 7943
95 , 0, 7923
96 , 0, 7893
97 , 0, 8076
98 , 0, 7859
99 , 1, 7813
100 , 1, 7827
101 , 1, 7817
102 , 1, 7865
103 , 1, 7843
104 , 1, 7822
105 , 1, 7833
106 , 1, 7878
107 , 1, 7927
108 , 1, 7877
109 , 1, 7823
110 , 1, 7832
111 , 1, 7833
112 , 1, 7838
113 , 1, 7858
114 , 1, 7893
115 , 1, 7876
116 , 1, 7862
117 , 1, 7813
118 , 1, 7870
119 , 1, 7898
120 , 1, 7892
121 , 1, 7885
122 , 0, 7859
123 , 0, 7875
124 , 0, 8003
125 , 0, 7895
126 , 1, 7823
127 , 1, 7887
128 , 1, 7813
129 , 1, 7849
130 , 0, 7895
131 , 0, 7924
132 , 0, 7955
133 , 1, 7898
134 , 1, 7873
135 , 1, 7888
136 , 1, 7816
137 , 0, 7888
138 , 0, 7939
139 , 0, 7915
140 , 0, 7929
141 , 0, 8017
142 , 0, 7877
143 , 0, 7911
144 , 0, 7900
145 , 0, 7899
146 , 0, 7943
147 , 0, 7924
148 , 0, 7881
149 , 0, 7879
150 , 0, 7901
151 , 0, 7896
152 , 0, 7897
153 , 0, 7920
154 , 0, 7924
155 , 0, 7879
156 , 1, 7843
157 , 1, 7859
158 , 1, 7882
159 , 1, 7863
160 , 1, 7853
161 , 0, 7929
162 , 0, 7874
163 , 0, 7922
164 , 0, 7938
165 , 0, 7900
166 , 0, 7887
167 , 0, 7949
168 , 0, 7942
169 , 0, 7927
170 , 0, 8020
171 , 0, 7917
172 , 0, 7861
173 , 0, 7839
174 , 0, 7877
175 , 0, 7925
176 , 0, 7920
177 , 0, 7982
178 , 0, 7882
179 , 0, 7890
180 , 0, 7920
181 , 0, 7931
182 , 1, 7903
183 , 1, 7882
184 , 1, 7897
185 , 0, 7888
186 , 0, 7915
187 , 0, 7903
188 , 0, 7872
189 , 0, 7878
190 , 0, 7948
191 , 0, 7848
192 , 0, 7843
193 , 0, 7966
194 , 0, 7879
195 , 0, 7874
196 , 1, 7843
197 , 1, 7920
198 , 1, 7864
199 , 1, 7823
200 , 1, 7868
201 , 1, 7879
202 , 1, 7852
203 , 1, 7877
204 , 1, 7862
205 , 1, 7823
206 , 1, 7907
207 , 1, 7827
208 , 1, 7833
209 , 1, 7893
210 , 0, 7914
211 , 0, 7933
212 , 0, 7894
213 , 0, 7897
214 , 0, 7919
215 , 0, 7881
216 , 0, 7963
217 , 0, 7894
218 , 0, 7997
219 , 0, 7907
220 , 0, 7908
221 , 1, 7888
222 , 1, 7873
223 , 1, 7889
224 , 1, 7873
225 , 1, 7850
226 , 0, 7934
227 , 1, 7879
228 , 1, 7873
229 , 0, 7939
230 , 1, 7867
231 , 0, 8008
232 , 1, 7871
233 , 1, 7898
234 , 1, 7825
235 , 1, 7823
236 , 1, 7816
237 , 1, 7918
238 , 1, 7906
239 , 1, 7883
240 , 1, 7842
241 , 1, 7867
242 , 1, 7882
243 , 1, 7866
244 , 1, 7878
245 , 1, 7884
246 , 1, 7872
247 , 1, 7873
248 , 1, 7827
249 , 1, 7834
250 , 1, 7868
251 , 1, 7883
252 , 1, 7843
253 , 1, 7818
254 , 1, 7877
255 , 0, 7860
256 , 1, 7866
257 , 1, 7882
258 , 1, 7906
259 , 1, 7920
260 , 1, 7912
261 , 1, 7872
262 , 1, 7841
263 , 1, 7843
264 , 1, 7858
265 , 1, 7834
266 , 1, 7892
267 , 1, 7878
268 , 1, 7818
269 , 1, 7941
270 , 1, 7868
271 , 1, 7832
272 , 1, 7813
273 , 1, 7883
274 , 1, 7807
275 , 1, 7867
276 , 1, 7861
277 , 1, 7921
278 , 0, 7949
279 , 1, 7877
280 , 1, 7878
281 , 1, 7888
282 , 1, 7878
283 , 1, 7858
284 , 1, 7858
285 , 1, 7884
286 , 0, 7919
287 , 0, 7929
288 , 0, 7888
289 , 0, 7940
290 , 0, 7910
291 , 0, 7909
292 , 0, 7905
293 , 0, 7927
294 , 0, 7844
295 , 0, 7969
296 , 1, 7827
297 , 1, 7828
298 , 1, 7926
299 , 1, 7842
300 , 1, 7917
301 , 1, 7947
302 , 1, 7915
303 , 1, 7872
304 , 1, 7902
305 , 1, 7882
306 , 1, 7848
307 , 1, 7862
308 , 1, 7873
309 , 1, 7898
310 , 0, 8049
311 , 0, 7914
312 , 0, 7968
313 , 0, 7905
314 , 0, 7929
315 , 1, 7943
316 , 1, 7878
317 , 1, 7867
318 , 0, 7897
319 , 0, 7876
320 , 0, 7938
321 , 0, 7918
322 , 0, 7953
323 , 0, 7924
324 , 0, 7909
325 , 0, 7861
326 , 0, 7930
327 , 0, 7919
328 , 0, 7906
329 , 0, 7858
330 , 1, 7872
331 , 0, 7929
332 , 1, 7928
333 , 1, 7828
334 , 0, 7869
335 , 0, 7933
336 , 1, 7908
337 , 1, 7858
338 , 1, 7819
339 , 0, 7938
340 , 0, 7900
341 , 0, 7928
342 , 0, 7894
343 , 0, 7944
344 , 1, 7868
345 , 1, 7872
346 , 1, 7867
347 , 1, 7861
348 , 1, 7838
349 , 0, 7949
350 , 0, 7913
351 , 0, 7858
352 , 0, 7935
353 , 0, 8014
354 , 0, 7864
355 , 0, 7965
356 , 0, 7895
357 , 0, 7899
358 , 1, 7829
359 , 0, 7870
360 , 0, 7939
361 , 0, 7929
362 , 0, 7935
363 , 0, 8498
364 , 0, 7908
365 , 0, 7939
366 , 1, 7888
367 , 0, 7855
368 , 1, 7852
369 , 1, 7878
370 , 1, 7889
371 , 1, 7847
372 , 0, 7900
373 , 0, 8576
374 , 0, 7888
375 , 0, 8010
376 , 0, 7904
377 , 0, 7925
378 , 1, 7857
379 , 1, 7817
380 , 1, 7837
381 , 1, 7847
382 , 1, 7884
383 , 1, 7863
384 , 1, 7839
385 , 1, 7822
386 , 1, 7842
387 , 1, 7897
388 , 1, 7853
389 , 1, 7812
390 , 1, 7819
391 , 1, 7926
392 , 1, 7814
393 , 1, 7816
394 , 1, 7822
395 , 0, 7859
396 , 0, 7848
397 , 0, 7898
398 , 0, 7926
399 , 1, 7888
400 , 1, 7862
401 , 1, 7888
402 , 0, 7859
403 , 1, 7872
404 , 0, 8038
405 , 0, 7932
406 , 0, 7993
407 , 0, 7915
408 , 0, 7944
409 , 0, 7909
410 , 0, 7869
411 , 0, 7920
412 , 1, 7882
413 , 1, 7883
414 , 1, 7851
415 , 1, 7922
416 , 1, 7863
417 , 0, 7872
418 , 0, 7894
419 , 0, 7933
420 , 0, 7939
421 , 1, 7818
422 , 1, 7851
423 , 1, 7843
424 , 1, 7873
425 , 1, 7872
426 , 1, 7914
427 , 1, 7834
428 , 1, 7816
429 , 1, 7908
430 , 0, 7865
431 , 0, 7893
432 , 0, 7816
433 , 0, 7888
434 , 0, 7902
435 , 0, 7875
436 , 1, 7902
437 , 1, 7848
438 , 1, 7862
439 , 1, 7861
440 , 1, 7853
441 , 1, 7862
442 , 1, 7868
443 , 1, 7889
444 , 1, 7863
445 , 0, 7920
446 , 0, 7925
447 , 0, 7954
448 , 0, 7937
449 , 1, 7868
450 , 1, 7882
451 , 1, 7884
452 , 0, 7897
453 , 0, 7915
454 , 0, 7963
455 , 0, 7893
456 , 0, 7913
457 , 0, 7974
458 , 1, 7868
459 , 1, 7894
460 , 1, 7889
461 , 1, 7878
462 , 0, 7917
463 , 0, 7928
464 , 0, 7930
465 , 0, 7991
466 , 1, 7877
467 , 1, 7931
468 , 1, 7857
469 , 1, 7878
470 , 1, 7826
471 , 1, 7849
472 , 1, 7849
473 , 1, 7888
474 , 1, 7862
475 , 1, 7857
476 , 1, 7873
477 , 1, 7831
478 , 1, 7807
479 , 1, 7857
480 , 1, 7936
481 , 1, 7877
482 , 1, 7898
483 , 1, 7823
484 , 1, 7848
485 , 1, 7848
486 , 1, 7843
487 , 1, 7847
488 , 1, 7847
489 , 0, 7893
490 , 1, 8240
491 , 1, 7883
492 , 1, 7872
493 , 1, 7872
494 , 1, 7877
495 , 1, 7857
496 , 1, 7823
497 , 1, 7913
498 , 1, 7883
499 , 1, 7893
500 , 1, 7859
501 , 1, 7847
502 , 1, 7851
503 , 1, 7868
504 , 1, 7899
505 , 1, 7888
506 , 1, 7878
507 , 1, 7833
508 , 1, 7818
509 , 1, 7822
510 , 1, 7831
511 , 1, 7802
512 , 1, 7818
513 , 0, 7858
514 , 1, 7822
515 , 1, 7813
516 , 1, 7859
517 , 1, 7893
518 , 1, 7863
519 , 1, 7843
520 , 1, 7857
521 , 1, 7862
522 , 1, 7904
523 , 1, 7920
524 , 1, 7904
525 , 1, 7873
526 , 1, 7847
527 , 1, 7883
528 , 1, 7898
529 , 1, 7868
530 , 1, 7842
531 , 1, 7892
532 , 0, 7895
533 , 0, 7915
534 , 0, 7889
535 , 0, 7874
536 , 0, 7919
537 , 0, 7939
538 , 0, 7894
539 , 1, 7873
540 , 1, 7877
541 , 1, 7878
542 , 1, 7893
543 , 1, 7906
544 , 1, 7911
545 , 1, 7844
546 , 1, 7830
547 , 1, 7816
548 , 1, 7854
549 , 1, 7892
550 , 1, 7923
551 , 1, 7878
552 , 1, 7823
553 , 1, 7818
554 , 1, 7846
555 , 1, 7907
556 , 1, 7873
557 , 1, 7838
558 , 0, 7909
559 , 1, 7897
560 , 1, 7882
561 , 1, 7888
562 , 1, 7880
563 , 1, 7868
564 , 1, 7826
565 , 1, 7892
566 , 1, 7847
567 , 1, 7844
568 , 0, 7925
569 , 0, 7971
570 , 0, 7924
571 , 1, 7858
572 , 1, 7819
573 , 1, 7843
574 , 1, 7867
575 , 0, 7889
576 , 0, 8020
577 , 0, 7954
578 , 1, 7853
579 , 0, 7910
580 , 1, 7889
581 , 1, 7888
582 , 1, 7852
583 , 1, 7823
584 , 1, 7873
585 , 1, 7876
586 , 0, 7914
587 , 0, 7874
588 , 0, 7903
589 , 1, 7899
590 , 1, 7869
591 , 1, 7892
592 , 1, 7918
593 , 1, 7847
594 , 1, 7883
595 , 1, 7903
596 , 1, 7878
597 , 1, 7823
598 , 1, 7885
599 , 1, 7868
600 , 1, 7862
601 , 1, 7881
602 , 1, 7892
603 , 1, 7823
604 , 1, 7818
605 , 1, 7865
606 , 1, 7844
607 , 0, 7903
608 , 0, 7915
609 , 0, 7909
610 , 0, 7924
611 , 0, 7920
612 , 0, 7932
613 , 1, 7889
614 , 0, 7873
615 , 0, 7900
616 , 0, 7948
617 , 0, 7935
618 , 0, 7915
619 , 1, 7812
620 , 1, 7818
