INFO: [COSIM-47] Using XSIM for RTL simulation.
INFO: [COSIM-14] Instrumenting C test bench ...
   Build using "C:/Software/Xilinx/Vitis_HLS/2022.1/tps/win64/msys64/mingw64/bin/g++"
   Compiling idct_tb_1.cpp_pre.cpp.tb.cpp
   Compiling apatb_idct.cpp
   Compiling 2D_idct.cpp_pre.cpp.tb.cpp
   Compiling util.c_pre.c.tb.c
   Compiling tables.c_pre.c.tb.c
   Compiling apatb_idct_ir.ll
   Generating cosim.tv.exe
INFO: [COSIM-302] Starting C TB testing ... 
INFO: [COSIM-333] Generating C post check test bench ...
INFO: [COSIM-12] Generating RTL test bench ...
INFO: [COSIM-1] *** C/RTL co-simulation file generation completed. ***
INFO: [COSIM-323] Starting verilog simulation. 
INFO: [COSIM-15] Starting XSIM ...
INFO: [COSIM-316] Starting C post checking ...
Running test 1...
Count: 0
Running test 2...
Count: 0
Running test 3...
Count: 0
Running test 4...
Count: 0
Running test 5...
Count: 0
Running test 6...
Count: 0

C:\Users\j54mao\ECE423\ECE-423-Labs\HLS\ECE423_Lab2\solution1\sim\verilog>set PATH= 

C:\Users\j54mao\ECE423\ECE-423-Labs\HLS\ECE423_Lab2\solution1\sim\verilog>call C:/Software/Xilinx/Vivado/2022.1/bin/xelab xil_defaultlib.apatb_idct_top glbl -Oenable_linking_all_libraries  -prj idct.prj -L smartconnect_v1_0 -L axi_protocol_checker_v1_1_12 -L axi_protocol_checker_v1_1_13 -L axis_protocol_checker_v1_1_11 -L axis_protocol_checker_v1_1_12 -L xil_defaultlib -L unisims_ver -L xpm  -L floating_point_v7_0_20 -L floating_point_v7_1_14 --lib "ieee_proposed=./ieee_proposed" -s idct -debug wave 
Vivado Simulator v2022.1
Copyright 1986-1999, 2001-2022 Xilinx, Inc. All Rights Reserved.
Running: C:/Software/Xilinx/Vivado/2022.1/bin/unwrapped/win64.o/xelab.exe xil_defaultlib.apatb_idct_top glbl -Oenable_linking_all_libraries -prj idct.prj -L smartconnect_v1_0 -L axi_protocol_checker_v1_1_12 -L axi_protocol_checker_v1_1_13 -L axis_protocol_checker_v1_1_11 -L axis_protocol_checker_v1_1_12 -L xil_defaultlib -L unisims_ver -L xpm -L floating_point_v7_0_20 -L floating_point_v7_1_14 --lib ieee_proposed=./ieee_proposed -s idct -debug wave 
Multi-threading is on. Using 2 slave threads.
INFO: [VRFC 10-2263] Analyzing SystemVerilog file "C:/Users/j54mao/ECE423/ECE-423-Labs/HLS/ECE423_Lab2/solution1/sim/verilog/glbl.v" into library work
INFO: [VRFC 10-311] analyzing module glbl
INFO: [VRFC 10-2263] Analyzing SystemVerilog file "C:/Users/j54mao/ECE423/ECE-423-Labs/HLS/ECE423_Lab2/solution1/sim/verilog/AESL_axi_s_blockout.v" into library xil_defaultlib
INFO: [VRFC 10-311] analyzing module AESL_axi_s_blockout
INFO: [VRFC 10-2263] Analyzing SystemVerilog file "C:/Users/j54mao/ECE423/ECE-423-Labs/HLS/ECE423_Lab2/solution1/sim/verilog/AESL_axi_s_DCAC.v" into library xil_defaultlib
INFO: [VRFC 10-311] analyzing module AESL_axi_s_DCAC
INFO: [VRFC 10-2263] Analyzing SystemVerilog file "C:/Users/j54mao/ECE423/ECE-423-Labs/HLS/ECE423_Lab2/solution1/sim/verilog/AESL_deadlock_detection_unit.v" into library xil_defaultlib
INFO: [VRFC 10-311] analyzing module AESL_deadlock_detect_unit
INFO: [VRFC 10-2263] Analyzing SystemVerilog file "C:/Users/j54mao/ECE423/ECE-423-Labs/HLS/ECE423_Lab2/solution1/sim/verilog/AESL_deadlock_detector.v" into library xil_defaultlib
INFO: [VRFC 10-311] analyzing module AESL_deadlock_detector
INFO: [VRFC 10-2263] Analyzing SystemVerilog file "C:/Users/j54mao/ECE423/ECE-423-Labs/HLS/ECE423_Lab2/solution1/sim/verilog/AESL_deadlock_idx0_monitor.v" into library xil_defaultlib
INFO: [VRFC 10-311] analyzing module AESL_deadlock_idx0_monitor
INFO: [VRFC 10-2263] Analyzing SystemVerilog file "C:/Users/j54mao/ECE423/ECE-423-Labs/HLS/ECE423_Lab2/solution1/sim/verilog/AESL_deadlock_kernel_monitor_top.v" into library xil_defaultlib
INFO: [VRFC 10-311] analyzing module AESL_deadlock_kernel_monitor_top
WARNING: [VRFC 10-3824] variable 'block_delay' must explicitly be declared as automatic or static [C:/Users/j54mao/ECE423/ECE-423-Labs/HLS/ECE423_Lab2/solution1/sim/verilog/AESL_deadlock_kernel_monitor_top.v:34]
INFO: [VRFC 10-2263] Analyzing SystemVerilog file "C:/Users/j54mao/ECE423/ECE-423-Labs/HLS/ECE423_Lab2/solution1/sim/verilog/AESL_deadlock_report_unit.v" into library xil_defaultlib
INFO: [VRFC 10-311] analyzing module AESL_deadlock_report_unit
INFO: [VRFC 10-2263] Analyzing SystemVerilog file "C:/Users/j54mao/ECE423/ECE-423-Labs/HLS/ECE423_Lab2/solution1/sim/verilog/AESL_fifo.v" into library xil_defaultlib
INFO: [VRFC 10-311] analyzing module fifo
INFO: [VRFC 10-2263] Analyzing SystemVerilog file "C:/Users/j54mao/ECE423/ECE-423-Labs/HLS/ECE423_Lab2/solution1/sim/verilog/idct.autotb.v" into library xil_defaultlib
INFO: [VRFC 10-311] analyzing module apatb_idct_top
INFO: [VRFC 10-2263] Analyzing SystemVerilog file "C:/Users/j54mao/ECE423/ECE-423-Labs/HLS/ECE423_Lab2/solution1/sim/verilog/idct.v" into library xil_defaultlib
INFO: [VRFC 10-311] analyzing module idct
INFO: [VRFC 10-2263] Analyzing SystemVerilog file "C:/Users/j54mao/ECE423/ECE-423-Labs/HLS/ECE423_Lab2/solution1/sim/verilog/idct_am_addmul_16s_16s_13ns_30_4_1.v" into library xil_defaultlib
INFO: [VRFC 10-311] analyzing module idct_am_addmul_16s_16s_13ns_30_4_1_DSP48_11
INFO: [VRFC 10-311] analyzing module idct_am_addmul_16s_16s_13ns_30_4_1
INFO: [VRFC 10-2263] Analyzing SystemVerilog file "C:/Users/j54mao/ECE423/ECE-423-Labs/HLS/ECE423_Lab2/solution1/sim/verilog/idct_am_addmul_16s_16s_13ns_31_4_1.v" into library xil_defaultlib
INFO: [VRFC 10-311] analyzing module idct_am_addmul_16s_16s_13ns_31_4_1_DSP48_0
INFO: [VRFC 10-311] analyzing module idct_am_addmul_16s_16s_13ns_31_4_1
INFO: [VRFC 10-2263] Analyzing SystemVerilog file "C:/Users/j54mao/ECE423/ECE-423-Labs/HLS/ECE423_Lab2/solution1/sim/verilog/idct_am_addmul_16s_16s_14s_30_4_1.v" into library xil_defaultlib
INFO: [VRFC 10-311] analyzing module idct_am_addmul_16s_16s_14s_30_4_1_DSP48_14
INFO: [VRFC 10-311] analyzing module idct_am_addmul_16s_16s_14s_30_4_1
INFO: [VRFC 10-2263] Analyzing SystemVerilog file "C:/Users/j54mao/ECE423/ECE-423-Labs/HLS/ECE423_Lab2/solution1/sim/verilog/idct_am_addmul_16s_16s_14s_31_4_1.v" into library xil_defaultlib
INFO: [VRFC 10-311] analyzing module idct_am_addmul_16s_16s_14s_31_4_1_DSP48_5
INFO: [VRFC 10-311] analyzing module idct_am_addmul_16s_16s_14s_31_4_1
INFO: [VRFC 10-2263] Analyzing SystemVerilog file "C:/Users/j54mao/ECE423/ECE-423-Labs/HLS/ECE423_Lab2/solution1/sim/verilog/idct_am_addmul_16s_16s_16s_30_4_1.v" into library xil_defaultlib
INFO: [VRFC 10-311] analyzing module idct_am_addmul_16s_16s_16s_30_4_1_DSP48_12
INFO: [VRFC 10-311] analyzing module idct_am_addmul_16s_16s_16s_30_4_1
INFO: [VRFC 10-2263] Analyzing SystemVerilog file "C:/Users/j54mao/ECE423/ECE-423-Labs/HLS/ECE423_Lab2/solution1/sim/verilog/idct_am_addmul_16s_16s_16s_32_4_1.v" into library xil_defaultlib
INFO: [VRFC 10-311] analyzing module idct_am_addmul_16s_16s_16s_32_4_1_DSP48_3
INFO: [VRFC 10-311] analyzing module idct_am_addmul_16s_16s_16s_32_4_1
INFO: [VRFC 10-2263] Analyzing SystemVerilog file "C:/Users/j54mao/ECE423/ECE-423-Labs/HLS/ECE423_Lab2/solution1/sim/verilog/idct_am_addmul_17s_17s_14ns_30_4_1.v" into library xil_defaultlib
INFO: [VRFC 10-311] analyzing module idct_am_addmul_17s_17s_14ns_30_4_1_DSP48_13
INFO: [VRFC 10-311] analyzing module idct_am_addmul_17s_17s_14ns_30_4_1
INFO: [VRFC 10-2263] Analyzing SystemVerilog file "C:/Users/j54mao/ECE423/ECE-423-Labs/HLS/ECE423_Lab2/solution1/sim/verilog/idct_am_addmul_17s_17s_14ns_32_4_1.v" into library xil_defaultlib
INFO: [VRFC 10-311] analyzing module idct_am_addmul_17s_17s_14ns_32_4_1_DSP48_4
INFO: [VRFC 10-311] analyzing module idct_am_addmul_17s_17s_14ns_32_4_1
INFO: [VRFC 10-2263] Analyzing SystemVerilog file "C:/Users/j54mao/ECE423/ECE-423-Labs/HLS/ECE423_Lab2/solution1/sim/verilog/idct_am_addmul_21s_21s_13ns_32_4_1.v" into library xil_defaultlib
INFO: [VRFC 10-311] analyzing module idct_am_addmul_21s_21s_13ns_32_4_1_DSP48_26
INFO: [VRFC 10-311] analyzing module idct_am_addmul_21s_21s_13ns_32_4_1
INFO: [VRFC 10-2263] Analyzing SystemVerilog file "C:/Users/j54mao/ECE423/ECE-423-Labs/HLS/ECE423_Lab2/solution1/sim/verilog/idct_am_addmul_21s_21s_14s_32_4_1.v" into library xil_defaultlib
INFO: [VRFC 10-311] analyzing module idct_am_addmul_21s_21s_14s_32_4_1_DSP48_21
INFO: [VRFC 10-311] analyzing module idct_am_addmul_21s_21s_14s_32_4_1
INFO: [VRFC 10-2263] Analyzing SystemVerilog file "C:/Users/j54mao/ECE423/ECE-423-Labs/HLS/ECE423_Lab2/solution1/sim/verilog/idct_am_addmul_21s_21s_16s_32_4_1.v" into library xil_defaultlib
INFO: [VRFC 10-311] analyzing module idct_am_addmul_21s_21s_16s_32_4_1_DSP48_19
INFO: [VRFC 10-311] analyzing module idct_am_addmul_21s_21s_16s_32_4_1
INFO: [VRFC 10-2263] Analyzing SystemVerilog file "C:/Users/j54mao/ECE423/ECE-423-Labs/HLS/ECE423_Lab2/solution1/sim/verilog/idct_am_addmul_22s_22s_14ns_32_4_1.v" into library xil_defaultlib
INFO: [VRFC 10-311] analyzing module idct_am_addmul_22s_22s_14ns_32_4_1_DSP48_20
INFO: [VRFC 10-311] analyzing module idct_am_addmul_22s_22s_14ns_32_4_1
INFO: [VRFC 10-2263] Analyzing SystemVerilog file "C:/Users/j54mao/ECE423/ECE-423-Labs/HLS/ECE423_Lab2/solution1/sim/verilog/idct_Block_idct_for_cond_i_exit_proc2.v" into library xil_defaultlib
INFO: [VRFC 10-311] analyzing module idct_Block_idct_for_cond_i_exit_proc2
INFO: [VRFC 10-2263] Analyzing SystemVerilog file "C:/Users/j54mao/ECE423/ECE-423-Labs/HLS/ECE423_Lab2/solution1/sim/verilog/idct_DCAC_temp_RAM_AUTO_1R1W.v" into library xil_defaultlib
INFO: [VRFC 10-311] analyzing module idct_DCAC_temp_RAM_AUTO_1R1W
INFO: [VRFC 10-2263] Analyzing SystemVerilog file "C:/Users/j54mao/ECE423/ECE-423-Labs/HLS/ECE423_Lab2/solution1/sim/verilog/idct_DCAC_temp_RAM_AUTO_1R1W_memcore.v" into library xil_defaultlib
INFO: [VRFC 10-311] analyzing module idct_DCAC_temp_RAM_AUTO_1R1W_memcore
INFO: [VRFC 10-2263] Analyzing SystemVerilog file "C:/Users/j54mao/ECE423/ECE-423-Labs/HLS/ECE423_Lab2/solution1/sim/verilog/idct_flow_control_loop_pipe.v" into library xil_defaultlib
INFO: [VRFC 10-311] analyzing module idct_flow_control_loop_pipe
INFO: [VRFC 10-2263] Analyzing SystemVerilog file "C:/Users/j54mao/ECE423/ECE-423-Labs/HLS/ECE423_Lab2/solution1/sim/verilog/idct_Loop_VITIS_LOOP_39_1_proc1.v" into library xil_defaultlib
INFO: [VRFC 10-311] analyzing module idct_Loop_VITIS_LOOP_39_1_proc1
INFO: [VRFC 10-2263] Analyzing SystemVerilog file "C:/Users/j54mao/ECE423/ECE-423-Labs/HLS/ECE423_Lab2/solution1/sim/verilog/idct_mac_muladd_16s_12ns_30s_30_4_1.v" into library xil_defaultlib
INFO: [VRFC 10-311] analyzing module idct_mac_muladd_16s_12ns_30s_30_4_1_DSP48_22
INFO: [VRFC 10-311] analyzing module idct_mac_muladd_16s_12ns_30s_30_4_1
INFO: [VRFC 10-2263] Analyzing SystemVerilog file "C:/Users/j54mao/ECE423/ECE-423-Labs/HLS/ECE423_Lab2/solution1/sim/verilog/idct_mac_muladd_16s_12ns_31s_31_4_1.v" into library xil_defaultlib
INFO: [VRFC 10-311] analyzing module idct_mac_muladd_16s_12ns_31s_31_4_1_DSP48_6
INFO: [VRFC 10-311] analyzing module idct_mac_muladd_16s_12ns_31s_31_4_1
INFO: [VRFC 10-2263] Analyzing SystemVerilog file "C:/Users/j54mao/ECE423/ECE-423-Labs/HLS/ECE423_Lab2/solution1/sim/verilog/idct_mac_muladd_16s_13ns_30ns_30_4_1.v" into library xil_defaultlib
INFO: [VRFC 10-311] analyzing module idct_mac_muladd_16s_13ns_30ns_30_4_1_DSP48_2
INFO: [VRFC 10-311] analyzing module idct_mac_muladd_16s_13ns_30ns_30_4_1
INFO: [VRFC 10-2263] Analyzing SystemVerilog file "C:/Users/j54mao/ECE423/ECE-423-Labs/HLS/ECE423_Lab2/solution1/sim/verilog/idct_mac_muladd_16s_13ns_30s_30_4_1.v" into library xil_defaultlib
INFO: [VRFC 10-311] analyzing module idct_mac_muladd_16s_13ns_30s_30_4_1_DSP48_16
INFO: [VRFC 10-311] analyzing module idct_mac_muladd_16s_13ns_30s_30_4_1
INFO: [VRFC 10-2263] Analyzing SystemVerilog file "C:/Users/j54mao/ECE423/ECE-423-Labs/HLS/ECE423_Lab2/solution1/sim/verilog/idct_mac_muladd_16s_14ns_30ns_30_4_1.v" into library xil_defaultlib
INFO: [VRFC 10-311] analyzing module idct_mac_muladd_16s_14ns_30ns_30_4_1_DSP48_25
INFO: [VRFC 10-311] analyzing module idct_mac_muladd_16s_14ns_30ns_30_4_1
INFO: [VRFC 10-2263] Analyzing SystemVerilog file "C:/Users/j54mao/ECE423/ECE-423-Labs/HLS/ECE423_Lab2/solution1/sim/verilog/idct_mac_muladd_16s_14ns_31s_31_4_1.v" into library xil_defaultlib
INFO: [VRFC 10-311] analyzing module idct_mac_muladd_16s_14ns_31s_31_4_1_DSP48_7
INFO: [VRFC 10-311] analyzing module idct_mac_muladd_16s_14ns_31s_31_4_1
INFO: [VRFC 10-2263] Analyzing SystemVerilog file "C:/Users/j54mao/ECE423/ECE-423-Labs/HLS/ECE423_Lab2/solution1/sim/verilog/idct_mac_muladd_16s_15ns_30ns_30_4_1.v" into library xil_defaultlib
INFO: [VRFC 10-311] analyzing module idct_mac_muladd_16s_15ns_30ns_30_4_1_DSP48_23
INFO: [VRFC 10-311] analyzing module idct_mac_muladd_16s_15ns_30ns_30_4_1
INFO: [VRFC 10-2263] Analyzing SystemVerilog file "C:/Users/j54mao/ECE423/ECE-423-Labs/HLS/ECE423_Lab2/solution1/sim/verilog/idct_mac_muladd_16s_15ns_30s_30_4_1.v" into library xil_defaultlib
INFO: [VRFC 10-311] analyzing module idct_mac_muladd_16s_15ns_30s_30_4_1_DSP48_24
INFO: [VRFC 10-311] analyzing module idct_mac_muladd_16s_15ns_30s_30_4_1
INFO: [VRFC 10-2263] Analyzing SystemVerilog file "C:/Users/j54mao/ECE423/ECE-423-Labs/HLS/ECE423_Lab2/solution1/sim/verilog/idct_mac_muladd_16s_15ns_32s_32_4_1.v" into library xil_defaultlib
INFO: [VRFC 10-311] analyzing module idct_mac_muladd_16s_15ns_32s_32_4_1_DSP48_10
INFO: [VRFC 10-311] analyzing module idct_mac_muladd_16s_15ns_32s_32_4_1
INFO: [VRFC 10-2263] Analyzing SystemVerilog file "C:/Users/j54mao/ECE423/ECE-423-Labs/HLS/ECE423_Lab2/solution1/sim/verilog/idct_mac_muladd_16s_15s_30s_30_4_1.v" into library xil_defaultlib
INFO: [VRFC 10-311] analyzing module idct_mac_muladd_16s_15s_30s_30_4_1_DSP48_15
INFO: [VRFC 10-311] analyzing module idct_mac_muladd_16s_15s_30s_30_4_1
INFO: [VRFC 10-2263] Analyzing SystemVerilog file "C:/Users/j54mao/ECE423/ECE-423-Labs/HLS/ECE423_Lab2/solution1/sim/verilog/idct_mac_muladd_16s_15s_31s_31_4_1.v" into library xil_defaultlib
INFO: [VRFC 10-311] analyzing module idct_mac_muladd_16s_15s_31s_31_4_1_DSP48_1
INFO: [VRFC 10-311] analyzing module idct_mac_muladd_16s_15s_31s_31_4_1
INFO: [VRFC 10-2263] Analyzing SystemVerilog file "C:/Users/j54mao/ECE423/ECE-423-Labs/HLS/ECE423_Lab2/solution1/sim/verilog/idct_mac_muladd_17s_13s_30s_30_4_1.v" into library xil_defaultlib
INFO: [VRFC 10-311] analyzing module idct_mac_muladd_17s_13s_30s_30_4_1_DSP48_18
INFO: [VRFC 10-311] analyzing module idct_mac_muladd_17s_13s_30s_30_4_1
INFO: [VRFC 10-2263] Analyzing SystemVerilog file "C:/Users/j54mao/ECE423/ECE-423-Labs/HLS/ECE423_Lab2/solution1/sim/verilog/idct_mac_muladd_17s_13s_32s_32_4_1.v" into library xil_defaultlib
INFO: [VRFC 10-311] analyzing module idct_mac_muladd_17s_13s_32s_32_4_1_DSP48_9
INFO: [VRFC 10-311] analyzing module idct_mac_muladd_17s_13s_32s_32_4_1
INFO: [VRFC 10-2263] Analyzing SystemVerilog file "C:/Users/j54mao/ECE423/ECE-423-Labs/HLS/ECE423_Lab2/solution1/sim/verilog/idct_mac_muladd_17s_15s_30s_30_4_1.v" into library xil_defaultlib
INFO: [VRFC 10-311] analyzing module idct_mac_muladd_17s_15s_30s_30_4_1_DSP48_17
INFO: [VRFC 10-311] analyzing module idct_mac_muladd_17s_15s_30s_30_4_1
INFO: [VRFC 10-2263] Analyzing SystemVerilog file "C:/Users/j54mao/ECE423/ECE-423-Labs/HLS/ECE423_Lab2/solution1/sim/verilog/idct_mac_muladd_17s_15s_32s_32_4_1.v" into library xil_defaultlib
INFO: [VRFC 10-311] analyzing module idct_mac_muladd_17s_15s_32s_32_4_1_DSP48_8
INFO: [VRFC 10-311] analyzing module idct_mac_muladd_17s_15s_32s_32_4_1
INFO: [VRFC 10-2263] Analyzing SystemVerilog file "C:/Users/j54mao/ECE423/ECE-423-Labs/HLS/ECE423_Lab2/solution1/sim/verilog/idct_mac_muladd_21s_12ns_32ns_32_4_1.v" into library xil_defaultlib
INFO: [VRFC 10-311] analyzing module idct_mac_muladd_21s_12ns_32ns_32_4_1_DSP48_31
INFO: [VRFC 10-311] analyzing module idct_mac_muladd_21s_12ns_32ns_32_4_1
INFO: [VRFC 10-2263] Analyzing SystemVerilog file "C:/Users/j54mao/ECE423/ECE-423-Labs/HLS/ECE423_Lab2/solution1/sim/verilog/idct_mac_muladd_21s_13ns_32s_32_4_1.v" into library xil_defaultlib
INFO: [VRFC 10-311] analyzing module idct_mac_muladd_21s_13ns_32s_32_4_1_DSP48_30
INFO: [VRFC 10-311] analyzing module idct_mac_muladd_21s_13ns_32s_32_4_1
INFO: [VRFC 10-2263] Analyzing SystemVerilog file "C:/Users/j54mao/ECE423/ECE-423-Labs/HLS/ECE423_Lab2/solution1/sim/verilog/idct_mac_muladd_21s_14ns_32ns_32_4_1.v" into library xil_defaultlib
INFO: [VRFC 10-311] analyzing module idct_mac_muladd_21s_14ns_32ns_32_4_1_DSP48_33
INFO: [VRFC 10-311] analyzing module idct_mac_muladd_21s_14ns_32ns_32_4_1
INFO: [VRFC 10-2263] Analyzing SystemVerilog file "C:/Users/j54mao/ECE423/ECE-423-Labs/HLS/ECE423_Lab2/solution1/sim/verilog/idct_mac_muladd_21s_15ns_32ns_32_4_1.v" into library xil_defaultlib
INFO: [VRFC 10-311] analyzing module idct_mac_muladd_21s_15ns_32ns_32_4_1_DSP48_32
INFO: [VRFC 10-311] analyzing module idct_mac_muladd_21s_15ns_32ns_32_4_1
INFO: [VRFC 10-2263] Analyzing SystemVerilog file "C:/Users/j54mao/ECE423/ECE-423-Labs/HLS/ECE423_Lab2/solution1/sim/verilog/idct_mac_muladd_21s_15s_32s_32_4_1.v" into library xil_defaultlib
INFO: [VRFC 10-311] analyzing module idct_mac_muladd_21s_15s_32s_32_4_1_DSP48_29
INFO: [VRFC 10-311] analyzing module idct_mac_muladd_21s_15s_32s_32_4_1
INFO: [VRFC 10-2263] Analyzing SystemVerilog file "C:/Users/j54mao/ECE423/ECE-423-Labs/HLS/ECE423_Lab2/solution1/sim/verilog/idct_mac_muladd_22s_13s_32s_32_4_1.v" into library xil_defaultlib
INFO: [VRFC 10-311] analyzing module idct_mac_muladd_22s_13s_32s_32_4_1_DSP48_28
INFO: [VRFC 10-311] analyzing module idct_mac_muladd_22s_13s_32s_32_4_1
INFO: [VRFC 10-2263] Analyzing SystemVerilog file "C:/Users/j54mao/ECE423/ECE-423-Labs/HLS/ECE423_Lab2/solution1/sim/verilog/idct_mac_muladd_22s_15s_32s_32_4_1.v" into library xil_defaultlib
INFO: [VRFC 10-311] analyzing module idct_mac_muladd_22s_15s_32s_32_4_1_DSP48_27
INFO: [VRFC 10-311] analyzing module idct_mac_muladd_22s_15s_32s_32_4_1
INFO: [VRFC 10-2263] Analyzing SystemVerilog file "C:/Users/j54mao/ECE423/ECE-423-Labs/HLS/ECE423_Lab2/solution1/sim/verilog/idct_regslice_both.v" into library xil_defaultlib
INFO: [VRFC 10-311] analyzing module idct_regslice_both
INFO: [VRFC 10-311] analyzing module idct_regslice_both_w1
INFO: [VRFC 10-2263] Analyzing SystemVerilog file "C:/Users/j54mao/ECE423/ECE-423-Labs/HLS/ECE423_Lab2/solution1/sim/verilog/dataflow_monitor.sv" into library xil_defaultlib
INFO: [VRFC 10-311] analyzing module dataflow_monitor
Starting static elaboration
Pass Through NonSizing Optimizer
WARNING: [VRFC 10-3645] port 'axis_block_info' remains unconnected for this instance [C:/Users/j54mao/ECE423/ECE-423-Labs/HLS/ECE423_Lab2/solution1/sim/verilog/AESL_deadlock_kernel_monitor_top.v:24]
WARNING: [VRFC 10-3705] select index -1 into 'axis_block_sigs' is out of bounds [C:/Users/j54mao/ECE423/ECE-423-Labs/HLS/ECE423_Lab2/solution1/sim/verilog/AESL_deadlock_idx0_monitor.v:49]
WARNING: [VRFC 10-3705] select index -1 into 'axis_block_sigs' is out of bounds [C:/Users/j54mao/ECE423/ECE-423-Labs/HLS/ECE423_Lab2/solution1/sim/verilog/AESL_deadlock_idx0_monitor.v:57]
Completed static elaboration
Starting simulation data flow analysis
Completed simulation data flow analysis
Time Resolution for simulation is 1ps
Compiling package xil_defaultlib.$unit_dataflow_monitor_sv
Compiling module xil_defaultlib.idct_DCAC_temp_RAM_AUTO_1R1W_mem...
Compiling module xil_defaultlib.idct_DCAC_temp_RAM_AUTO_1R1W_def...
Compiling module xil_defaultlib.idct_flow_control_loop_pipe
Compiling module xil_defaultlib.idct_regslice_both(DataWidth=16)
Compiling module xil_defaultlib.idct_Loop_VITIS_LOOP_39_1_proc1
Compiling module xil_defaultlib.idct_am_addmul_16s_16s_13ns_31_4...
Compiling module xil_defaultlib.idct_am_addmul_16s_16s_13ns_31_4...
Compiling module xil_defaultlib.idct_mac_muladd_16s_15s_31s_31_4...
Compiling module xil_defaultlib.idct_mac_muladd_16s_15s_31s_31_4...
Compiling module xil_defaultlib.idct_mac_muladd_16s_13ns_30ns_30...
Compiling module xil_defaultlib.idct_mac_muladd_16s_13ns_30ns_30...
Compiling module xil_defaultlib.idct_am_addmul_16s_16s_16s_32_4_...
Compiling module xil_defaultlib.idct_am_addmul_16s_16s_16s_32_4_...
Compiling module xil_defaultlib.idct_am_addmul_17s_17s_14ns_32_4...
Compiling module xil_defaultlib.idct_am_addmul_17s_17s_14ns_32_4...
Compiling module xil_defaultlib.idct_am_addmul_16s_16s_14s_31_4_...
Compiling module xil_defaultlib.idct_am_addmul_16s_16s_14s_31_4_...
Compiling module xil_defaultlib.idct_mac_muladd_16s_12ns_31s_31_...
Compiling module xil_defaultlib.idct_mac_muladd_16s_12ns_31s_31_...
Compiling module xil_defaultlib.idct_mac_muladd_16s_14ns_31s_31_...
Compiling module xil_defaultlib.idct_mac_muladd_16s_14ns_31s_31_...
Compiling module xil_defaultlib.idct_mac_muladd_17s_15s_32s_32_4...
Compiling module xil_defaultlib.idct_mac_muladd_17s_15s_32s_32_4...
Compiling module xil_defaultlib.idct_mac_muladd_17s_13s_32s_32_4...
Compiling module xil_defaultlib.idct_mac_muladd_17s_13s_32s_32_4...
Compiling module xil_defaultlib.idct_mac_muladd_16s_15ns_32s_32_...
Compiling module xil_defaultlib.idct_mac_muladd_16s_15ns_32s_32_...
Compiling module xil_defaultlib.idct_am_addmul_16s_16s_13ns_30_4...
Compiling module xil_defaultlib.idct_am_addmul_16s_16s_13ns_30_4...
Compiling module xil_defaultlib.idct_am_addmul_16s_16s_16s_30_4_...
Compiling module xil_defaultlib.idct_am_addmul_16s_16s_16s_30_4_...
Compiling module xil_defaultlib.idct_am_addmul_17s_17s_14ns_30_4...
Compiling module xil_defaultlib.idct_am_addmul_17s_17s_14ns_30_4...
Compiling module xil_defaultlib.idct_am_addmul_16s_16s_14s_30_4_...
Compiling module xil_defaultlib.idct_am_addmul_16s_16s_14s_30_4_...
Compiling module xil_defaultlib.idct_mac_muladd_16s_15s_30s_30_4...
Compiling module xil_defaultlib.idct_mac_muladd_16s_15s_30s_30_4...
Compiling module xil_defaultlib.idct_mac_muladd_16s_13ns_30s_30_...
Compiling module xil_defaultlib.idct_mac_muladd_16s_13ns_30s_30_...
Compiling module xil_defaultlib.idct_mac_muladd_17s_15s_30s_30_4...
Compiling module xil_defaultlib.idct_mac_muladd_17s_15s_30s_30_4...
Compiling module xil_defaultlib.idct_mac_muladd_17s_13s_30s_30_4...
Compiling module xil_defaultlib.idct_mac_muladd_17s_13s_30s_30_4...
Compiling module xil_defaultlib.idct_am_addmul_21s_21s_16s_32_4_...
Compiling module xil_defaultlib.idct_am_addmul_21s_21s_16s_32_4_...
Compiling module xil_defaultlib.idct_am_addmul_22s_22s_14ns_32_4...
Compiling module xil_defaultlib.idct_am_addmul_22s_22s_14ns_32_4...
Compiling module xil_defaultlib.idct_am_addmul_21s_21s_14s_32_4_...
Compiling module xil_defaultlib.idct_am_addmul_21s_21s_14s_32_4_...
Compiling module xil_defaultlib.idct_mac_muladd_16s_12ns_30s_30_...
Compiling module xil_defaultlib.idct_mac_muladd_16s_12ns_30s_30_...
Compiling module xil_defaultlib.idct_mac_muladd_16s_15ns_30ns_30...
Compiling module xil_defaultlib.idct_mac_muladd_16s_15ns_30ns_30...
Compiling module xil_defaultlib.idct_mac_muladd_16s_15ns_30s_30_...
Compiling module xil_defaultlib.idct_mac_muladd_16s_15ns_30s_30_...
Compiling module xil_defaultlib.idct_mac_muladd_16s_14ns_30ns_30...
Compiling module xil_defaultlib.idct_mac_muladd_16s_14ns_30ns_30...
Compiling module xil_defaultlib.idct_am_addmul_21s_21s_13ns_32_4...
Compiling module xil_defaultlib.idct_am_addmul_21s_21s_13ns_32_4...
Compiling module xil_defaultlib.idct_mac_muladd_22s_15s_32s_32_4...
Compiling module xil_defaultlib.idct_mac_muladd_22s_15s_32s_32_4...
Compiling module xil_defaultlib.idct_mac_muladd_22s_13s_32s_32_4...
Compiling module xil_defaultlib.idct_mac_muladd_22s_13s_32s_32_4...
Compiling module xil_defaultlib.idct_mac_muladd_21s_15s_32s_32_4...
Compiling module xil_defaultlib.idct_mac_muladd_21s_15s_32s_32_4...
Compiling module xil_defaultlib.idct_mac_muladd_21s_13ns_32s_32_...
Compiling module xil_defaultlib.idct_mac_muladd_21s_13ns_32s_32_...
Compiling module xil_defaultlib.idct_mac_muladd_21s_12ns_32ns_32...
Compiling module xil_defaultlib.idct_mac_muladd_21s_12ns_32ns_32...
Compiling module xil_defaultlib.idct_mac_muladd_21s_15ns_32ns_32...
Compiling module xil_defaultlib.idct_mac_muladd_21s_15ns_32ns_32...
Compiling module xil_defaultlib.idct_mac_muladd_21s_14ns_32ns_32...
Compiling module xil_defaultlib.idct_mac_muladd_21s_14ns_32ns_32...
Compiling module xil_defaultlib.idct_regslice_both(DataWidth=8)
Compiling module xil_defaultlib.idct_Block_idct_for_cond_i_exit_...
Compiling module xil_defaultlib.idct
Compiling module xil_defaultlib.fifo(DEPTH=64,WIDTH=16)
Compiling module xil_defaultlib.AESL_axi_s_DCAC
Compiling module xil_defaultlib.fifo(DEPTH=64)
Compiling module xil_defaultlib.AESL_axi_s_blockout
Compiling module xil_defaultlib.AESL_deadlock_detect_unit(PROC_N...
Compiling module xil_defaultlib.AESL_deadlock_detect_unit(PROC_N...
Compiling module xil_defaultlib.AESL_deadlock_report_unit(PROC_N...
Compiling module xil_defaultlib.AESL_deadlock_detector_1
Compiling module xil_defaultlib.AESL_deadlock_idx0_monitor
Compiling module xil_defaultlib.AESL_deadlock_kernel_monitor_top...
Compiling module xil_defaultlib.df_process_intf
Compiling module xil_defaultlib.nodf_module_intf
Compiling module xil_defaultlib.upc_loop_intf(FSM_WIDTH=1)
Compiling module xil_defaultlib.dataflow_monitor_1
Compiling module xil_defaultlib.apatb_idct_top
Compiling module work.glbl
Built simulation snapshot idct

****** xsim v2022.1 (64-bit)
  **** SW Build 3526262 on Mon Apr 18 15:48:16 MDT 2022
  **** IP Build 3524634 on Mon Apr 18 20:55:01 MDT 2022
    ** Copyright 1986-2022 Xilinx, Inc. All Rights Reserved.

source xsim.dir/idct/xsim_script.tcl
# xsim {idct} -view {{idct_dataflow_ana.wcfg}} -tclbatch {idct.tcl} -protoinst {idct.protoinst}
INFO: [Wavedata 42-565] Reading protoinst file idct.protoinst
INFO: [Wavedata 42-564]   Found protocol instance at /apatb_idct_top/AESL_inst_idct/Block_idct_for_cond_i_exit_proc2_U0/Block_idct_for_cond_i_exit_proc2_U0_activity
INFO: [Wavedata 42-564]   Found protocol instance at /apatb_idct_top/AESL_inst_idct/Loop_VITIS_LOOP_39_1_proc1_U0/Loop_VITIS_LOOP_39_1_proc1_U0_activity
Time resolution is 1 ps
open_wave_config idct_dataflow_ana.wcfg
source idct.tcl
## log_wave -r /
WARNING: [Simtcl 6-197] One or more HDL objects could not be logged because of object type or size limitations.  To see details please rerun the command with -verbose (-v).
## set designtopgroup [add_wave_group "Design Top Signals"]
## set coutputgroup [add_wave_group "C Outputs" -into $designtopgroup]
## set return_group [add_wave_group return(axis) -into $coutputgroup]
## add_wave /apatb_idct_top/AESL_inst_idct/blockout_TREADY -into $return_group -color #ffff00 -radix hex
## add_wave /apatb_idct_top/AESL_inst_idct/blockout_TVALID -into $return_group -color #ffff00 -radix hex
## add_wave /apatb_idct_top/AESL_inst_idct/blockout_TDATA -into $return_group -radix hex
## set cinputgroup [add_wave_group "C Inputs" -into $designtopgroup]
## set return_group [add_wave_group return(axis) -into $cinputgroup]
## add_wave /apatb_idct_top/AESL_inst_idct/DCAC_TREADY -into $return_group -color #ffff00 -radix hex
## add_wave /apatb_idct_top/AESL_inst_idct/DCAC_TVALID -into $return_group -color #ffff00 -radix hex
## add_wave /apatb_idct_top/AESL_inst_idct/DCAC_TDATA -into $return_group -radix hex
## set resetgroup [add_wave_group "Reset" -into $designtopgroup]
## add_wave /apatb_idct_top/AESL_inst_idct/ap_rst_n -into $resetgroup
## set clockgroup [add_wave_group "Clock" -into $designtopgroup]
## add_wave /apatb_idct_top/AESL_inst_idct/ap_clk -into $clockgroup
## set testbenchgroup [add_wave_group "Test Bench Signals"]
## set tbinternalsiggroup [add_wave_group "Internal Signals" -into $testbenchgroup]
## set tb_simstatus_group [add_wave_group "Simulation Status" -into $tbinternalsiggroup]
## set tb_portdepth_group [add_wave_group "Port Depth" -into $tbinternalsiggroup]
## add_wave /apatb_idct_top/AUTOTB_TRANSACTION_NUM -into $tb_simstatus_group -radix hex
## add_wave /apatb_idct_top/ready_cnt -into $tb_simstatus_group -radix hex
## add_wave /apatb_idct_top/done_cnt -into $tb_simstatus_group -radix hex
## add_wave /apatb_idct_top/ap_c_n_tvin_trans_num_DCAC -into $tb_simstatus_group -radix hex
## add_wave /apatb_idct_top/ap_c_n_tvout_trans_num_blockout -into $tb_simstatus_group -radix hex
## add_wave /apatb_idct_top/LENGTH_DCAC -into $tb_portdepth_group -radix hex
## add_wave /apatb_idct_top/LENGTH_blockout -into $tb_portdepth_group -radix hex
## set tbcoutputgroup [add_wave_group "C Outputs" -into $testbenchgroup]
## set tb_return_group [add_wave_group return(axis) -into $tbcoutputgroup]
## add_wave /apatb_idct_top/blockout_TREADY -into $tb_return_group -color #ffff00 -radix hex
## add_wave /apatb_idct_top/blockout_TVALID -into $tb_return_group -color #ffff00 -radix hex
## add_wave /apatb_idct_top/blockout_TDATA -into $tb_return_group -radix hex
## set tbcinputgroup [add_wave_group "C Inputs" -into $testbenchgroup]
## set tb_return_group [add_wave_group return(axis) -into $tbcinputgroup]
## add_wave /apatb_idct_top/DCAC_TREADY -into $tb_return_group -color #ffff00 -radix hex
## add_wave /apatb_idct_top/DCAC_TVALID -into $tb_return_group -color #ffff00 -radix hex
## add_wave /apatb_idct_top/DCAC_TDATA -into $tb_return_group -radix hex
## save_wave_config idct.wcfg
## run all
////////////////////////////////////////////////////////////////////////////////////
// Inter-Transaction Progress: Completed Transaction / Total Transaction
// Intra-Transaction Progress: Measured Latency / Latency Estimation * 100%
//
// RTL Simulation : "Inter-Transaction Progress" ["Intra-Transaction Progress"] @ "Simulation Time"
////////////////////////////////////////////////////////////////////////////////////
// RTL Simulation : 0 / 6 [0.00%] @ "125000"
find kernel block.
// RTL Simulation : 1 / 6 [57.24%] @ "1655000"
// RTL Simulation : 2 / 6 [71.05%] @ "2515000"
// RTL Simulation : 3 / 6 [70.39%] @ "3375000"
// RTL Simulation : 4 / 6 [70.39%] @ "4235000"
// RTL Simulation : 5 / 6 [70.39%] @ "5095000"
// RTL Simulation : 6 / 6 [100.00%] @ "5955000"
////////////////////////////////////////////////////////////////////////////////////
$finish called at time : 6015 ns : File "C:/Users/j54mao/ECE423/ECE-423-Labs/HLS/ECE423_Lab2/solution1/sim/verilog/idct.autotb.v" Line 194
## quit
INFO: [Common 17-206] Exiting xsim at Tue Feb 11 19:26:38 2025...
Running test 1...
Count: 0
Running test 2...
Count: 0
Running test 3...
Count: 0
Running test 4...
Count: 0
Running test 5...
Count: 0
Running test 6...
Count: 0
INFO: [COSIM-1000] *** C/RTL co-simulation finished: PASS ***
