INFO: [SIM 2] *************** CSIM start ***************
INFO: [SIM 4] CSIM will launch GCC as the compiler.
   Compiling ../../../../../Testbenches/idct_tb_1.cpp in debug mode
   Compiling(apcc) ../../../../../import_files/import_files/util.c in debug mode
INFO: [HLS 200-10] Running 'C:/Software/Xilinx/Vitis_HLS/2022.1/bin/unwrapped/win64.o/apcc.exe'
INFO: [HLS 200-10] For user 'hmcculla' on host 'ece-mcu2' (Windows NT_amd64 version 6.2) on Wed Feb 05 20:21:32 -0500 2025
INFO: [HLS 200-10] In directory 'C:/Users/hmcculla/ECE423/ECE-423-Labs/HLS/ECE423_Lab2/solution1/csim/build'
INFO: [APCC 202-3] Tmp directory is apcc_db
INFO: [APCC 202-1] APCC is done.
INFO: [HLS 200-112] Total CPU user time: 0 seconds. Total CPU system time: 0 seconds. Total elapsed time: 4.471 seconds; peak allocated memory: 1.004 MB.
   Compiling(apcc) ../../../../../import_files/import_files/tables.c in debug mode
INFO: [HLS 200-10] Running 'C:/Software/Xilinx/Vitis_HLS/2022.1/bin/unwrapped/win64.o/apcc.exe'
INFO: [HLS 200-10] For user 'hmcculla' on host 'ece-mcu2' (Windows NT_amd64 version 6.2) on Wed Feb 05 20:21:39 -0500 2025
INFO: [HLS 200-10] In directory 'C:/Users/hmcculla/ECE423/ECE-423-Labs/HLS/ECE423_Lab2/solution1/csim/build'
INFO: [APCC 202-3] Tmp directory is apcc_db
INFO: [APCC 202-1] APCC is done.
INFO: [HLS 200-112] Total CPU user time: 0 seconds. Total CPU system time: 0 seconds. Total elapsed time: 4.448 seconds; peak allocated memory: 0.688 MB.
   Compiling ../../../../../import_files/import_files/2D_idct.cpp in debug mode
   Generating csim.exe
INFO: [SIM 1] CSim file generation done with 0 errors.
INFO: [SIM 3] *************** CSIM finish ***************
