#-----------------------------------------------------------
# xsim v2022.1 (64-bit)
# SW Build 3526262 on Mon Apr 18 15:48:16 MDT 2022
# IP Build 3524634 on Mon Apr 18 20:55:01 MDT 2022
# Start of session at: Tue Feb 11 19:26:35 2025
# Process ID: 13544
# Current directory: C:/Users/j54mao/ECE423/ECE-423-Labs/HLS/ECE423_Lab2/solution1/sim/verilog
# Command line: xsim.exe -mode tcl -source {xsim.dir/idct/xsim_script.tcl}
# Log file: C:/Users/j54mao/ECE423/ECE-423-Labs/HLS/ECE423_Lab2/solution1/sim/verilog/xsim.log
# Journal file: C:/Users/j54mao/ECE423/ECE-423-Labs/HLS/ECE423_Lab2/solution1/sim/verilog\xsim.jou
# Running On: ECE-MCU1, OS: Windows, CPU Frequency: 3504 MHz, CPU Physical cores: 2, Host memory: 17066 MB
#-----------------------------------------------------------
source xsim.dir/idct/xsim_script.tcl
# xsim {idct} -view {{idct_dataflow_ana.wcfg}} -tclbatch {idct.tcl} -protoinst {idct.protoinst}
INFO: [Wavedata 42-565] Reading protoinst file idct.protoinst
INFO: [Wavedata 42-564]   Found protocol instance at /apatb_idct_top/AESL_inst_idct/Block_idct_for_cond_i_exit_proc2_U0/Block_idct_for_cond_i_exit_proc2_U0_activity
INFO: [Wavedata 42-564]   Found protocol instance at /apatb_idct_top/AESL_inst_idct/Loop_VITIS_LOOP_39_1_proc1_U0/Loop_VITIS_LOOP_39_1_proc1_U0_activity
Time resolution is 1 ps
open_wave_config idct_dataflow_ana.wcfg
source idct.tcl
## log_wave -r /
WARNING: [Simtcl 6-197] One or more HDL objects could not be logged because of object type or size limitations.  To see details please rerun the command with -verbose (-v).
## set designtopgroup [add_wave_group "Design Top Signals"]
## set coutputgroup [add_wave_group "C Outputs" -into $designtopgroup]
## set return_group [add_wave_group return(axis) -into $coutputgroup]
## add_wave /apatb_idct_top/AESL_inst_idct/blockout_TREADY -into $return_group -color #ffff00 -radix hex
## add_wave /apatb_idct_top/AESL_inst_idct/blockout_TVALID -into $return_group -color #ffff00 -radix hex
## add_wave /apatb_idct_top/AESL_inst_idct/blockout_TDATA -into $return_group -radix hex
## set cinputgroup [add_wave_group "C Inputs" -into $designtopgroup]
## set return_group [add_wave_group return(axis) -into $cinputgroup]
## add_wave /apatb_idct_top/AESL_inst_idct/DCAC_TREADY -into $return_group -color #ffff00 -radix hex
## add_wave /apatb_idct_top/AESL_inst_idct/DCAC_TVALID -into $return_group -color #ffff00 -radix hex
## add_wave /apatb_idct_top/AESL_inst_idct/DCAC_TDATA -into $return_group -radix hex
## set resetgroup [add_wave_group "Reset" -into $designtopgroup]
## add_wave /apatb_idct_top/AESL_inst_idct/ap_rst_n -into $resetgroup
## set clockgroup [add_wave_group "Clock" -into $designtopgroup]
## add_wave /apatb_idct_top/AESL_inst_idct/ap_clk -into $clockgroup
## set testbenchgroup [add_wave_group "Test Bench Signals"]
## set tbinternalsiggroup [add_wave_group "Internal Signals" -into $testbenchgroup]
## set tb_simstatus_group [add_wave_group "Simulation Status" -into $tbinternalsiggroup]
## set tb_portdepth_group [add_wave_group "Port Depth" -into $tbinternalsiggroup]
## add_wave /apatb_idct_top/AUTOTB_TRANSACTION_NUM -into $tb_simstatus_group -radix hex
## add_wave /apatb_idct_top/ready_cnt -into $tb_simstatus_group -radix hex
## add_wave /apatb_idct_top/done_cnt -into $tb_simstatus_group -radix hex
## add_wave /apatb_idct_top/ap_c_n_tvin_trans_num_DCAC -into $tb_simstatus_group -radix hex
## add_wave /apatb_idct_top/ap_c_n_tvout_trans_num_blockout -into $tb_simstatus_group -radix hex
## add_wave /apatb_idct_top/LENGTH_DCAC -into $tb_portdepth_group -radix hex
## add_wave /apatb_idct_top/LENGTH_blockout -into $tb_portdepth_group -radix hex
## set tbcoutputgroup [add_wave_group "C Outputs" -into $testbenchgroup]
## set tb_return_group [add_wave_group return(axis) -into $tbcoutputgroup]
## add_wave /apatb_idct_top/blockout_TREADY -into $tb_return_group -color #ffff00 -radix hex
## add_wave /apatb_idct_top/blockout_TVALID -into $tb_return_group -color #ffff00 -radix hex
## add_wave /apatb_idct_top/blockout_TDATA -into $tb_return_group -radix hex
## set tbcinputgroup [add_wave_group "C Inputs" -into $testbenchgroup]
## set tb_return_group [add_wave_group return(axis) -into $tbcinputgroup]
## add_wave /apatb_idct_top/DCAC_TREADY -into $tb_return_group -color #ffff00 -radix hex
## add_wave /apatb_idct_top/DCAC_TVALID -into $tb_return_group -color #ffff00 -radix hex
## add_wave /apatb_idct_top/DCAC_TDATA -into $tb_return_group -radix hex
## save_wave_config idct.wcfg
## run all
////////////////////////////////////////////////////////////////////////////////////
// Inter-Transaction Progress: Completed Transaction / Total Transaction
// Intra-Transaction Progress: Measured Latency / Latency Estimation * 100%
//
// RTL Simulation : "Inter-Transaction Progress" ["Intra-Transaction Progress"] @ "Simulation Time"
////////////////////////////////////////////////////////////////////////////////////
// RTL Simulation : 0 / 6 [0.00%] @ "125000"
find kernel block.
// RTL Simulation : 1 / 6 [57.24%] @ "1655000"
// RTL Simulation : 2 / 6 [71.05%] @ "2515000"
// RTL Simulation : 3 / 6 [70.39%] @ "3375000"
// RTL Simulation : 4 / 6 [70.39%] @ "4235000"
// RTL Simulation : 5 / 6 [70.39%] @ "5095000"
// RTL Simulation : 6 / 6 [100.00%] @ "5955000"
////////////////////////////////////////////////////////////////////////////////////
$finish called at time : 6015 ns : File "C:/Users/j54mao/ECE423/ECE-423-Labs/HLS/ECE423_Lab2/solution1/sim/verilog/idct.autotb.v" Line 194
## quit
INFO: [Common 17-206] Exiting xsim at Tue Feb 11 19:26:38 2025...
