

================================================================
== Vitis HLS Report for 'idct'
================================================================
* Date:           Wed Feb  5 18:39:09 2025

* Version:        2022.1 (Build 3526262 on Mon Apr 18 15:48:16 MDT 2022)
* Project:        ECE423_Lab2
* Solution:       solution1 (Vivado IP Flow Target)
* Product family: zynq
* Target device:  xc7z020-clg400-1


================================================================
== Performance Estimates
================================================================
+ Timing: 
    * Summary: 
    +--------+----------+----------+------------+
    |  Clock |  Target  | Estimated| Uncertainty|
    +--------+----------+----------+------------+
    |ap_clk  |  10.00 ns|  7.779 ns|     1.25 ns|
    +--------+----------+----------+------------+

+ Latency: 
    * Summary: 
    +---------+---------+----------+----------+-----+-----+----------+
    |  Latency (cycles) |  Latency (absolute) |  Interval | Pipeline |
    |   min   |   max   |    min   |    max   | min | max |   Type   |
    +---------+---------+----------+----------+-----+-----+----------+
    |      194|      194|  1.940 us|  1.940 us|   76|   76|  dataflow|
    +---------+---------+----------+----------+-----+-----+----------+

    + Detail: 
        * Instance: 
        +---------------------------------------+-----------------------------+---------+---------+----------+----------+-----+-----+---------+
        |                                       |                             |  Latency (cycles) |  Latency (absolute) |  Interval | Pipeline|
        |                Instance               |            Module           |   min   |   max   |    min   |    max   | min | max |   Type  |
        +---------------------------------------+-----------------------------+---------+---------+----------+----------+-----+-----+---------+
        |grp_Loop_VITIS_LOOP_38_1_proc1_fu_46   |Loop_VITIS_LOOP_38_1_proc1   |       66|       66|  0.660 us|  0.660 us|   66|   66|       no|
        |grp_Loop_VITIS_LOOP_59_2_proc_fu_53    |Loop_VITIS_LOOP_59_2_proc    |       51|       51|  0.510 us|  0.510 us|   51|   51|       no|
        |grp_Loop_VITIS_LOOP_130_3_proc2_fu_59  |Loop_VITIS_LOOP_130_3_proc2  |       75|       75|  0.750 us|  0.750 us|   75|   75|       no|
        +---------------------------------------+-----------------------------+---------+---------+----------+----------+-----+-----+---------+

        * Loop: 
        N/A

============================================================
+ Verbose Summary: Synthesis Manager
============================================================
InlineROM: 1
ExposeGlobal: 0
============================================================
+ Verbose Summary: CDFG Model
============================================================
IsTopModel: 1
ResetActiveHigh: 1
IsCombinational: 2
IsDatapathOnly: 0
HasWiredReturn: 1
HasMFsm: 0
HasVarLatency: 1
IsPipeline: 0
IsRtlPipelined: 0
IsInstanceOverlapped: 0
IsDontTouch: 0
HasImplIP: 0
IsGatedGlobalClock: 0


============================================================
+ Verbose Summary: Schedule
============================================================
* Number of FSM states : 8
* Pipeline : 0
* Dataflow Pipeline: 1
  DF-Pipeline-0: Size = 8, States = { 1 2 3 4 5 6 7 8 }

* FSM state transitions: 
1 --> 2 
2 --> 3 
3 --> 4 
4 --> 5 
5 --> 6 
6 --> 7 
7 --> 8 
8 --> 

* FSM state operations: 

State 1 <SV = 0> <Delay = 3.25>
ST_1 : Operation 9 [1/1] (3.25ns)   --->   "%DCAC_temp = alloca i64 1" [../import_files/import_files/2D_idct.cpp:30]   --->   Operation 9 'alloca' 'DCAC_temp' <Predicate = true> <Delay = 3.25>
ST_1 : Operation 10 [1/1] (3.25ns)   --->   "%workspace = alloca i64 1" [../import_files/import_files/2D_idct.cpp:51]   --->   Operation 10 'alloca' 'workspace' <Predicate = true> <Delay = 3.25>

State 2 <SV = 1> <Delay = 0.00>
ST_2 : Operation 11 [2/2] (0.00ns)   --->   "%call_ln0 = call void @Loop_VITIS_LOOP_38_1_proc1, i16 %DCAC, i32 %DCAC_temp"   --->   Operation 11 'call' 'call_ln0' <Predicate = true> <Delay = 0.00> <CoreType = "Generic">   --->   Core 0 '' <Latency = 0> <II = 1> <Delay = 1.00> <Generic> <Opcode : >

State 3 <SV = 2> <Delay = 0.00>
ST_3 : Operation 12 [1/2] (0.00ns)   --->   "%call_ln0 = call void @Loop_VITIS_LOOP_38_1_proc1, i16 %DCAC, i32 %DCAC_temp"   --->   Operation 12 'call' 'call_ln0' <Predicate = true> <Delay = 0.00> <CoreType = "Generic">   --->   Core 0 '' <Latency = 0> <II = 1> <Delay = 1.00> <Generic> <Opcode : >

State 4 <SV = 3> <Delay = 0.00>
ST_4 : Operation 13 [2/2] (0.00ns)   --->   "%call_ln0 = call void @Loop_VITIS_LOOP_59_2_proc, i32 %DCAC_temp, i21 %workspace"   --->   Operation 13 'call' 'call_ln0' <Predicate = true> <Delay = 0.00> <CoreType = "Generic">   --->   Core 0 '' <Latency = 0> <II = 1> <Delay = 1.00> <Generic> <Opcode : >

State 5 <SV = 4> <Delay = 0.00>
ST_5 : Operation 14 [1/2] (0.00ns)   --->   "%call_ln0 = call void @Loop_VITIS_LOOP_59_2_proc, i32 %DCAC_temp, i21 %workspace"   --->   Operation 14 'call' 'call_ln0' <Predicate = true> <Delay = 0.00> <CoreType = "Generic">   --->   Core 0 '' <Latency = 0> <II = 1> <Delay = 1.00> <Generic> <Opcode : >

State 6 <SV = 5> <Delay = 0.00>
ST_6 : Operation 15 [2/2] (0.00ns)   --->   "%call_ln0 = call void @Loop_VITIS_LOOP_130_3_proc2, i21 %workspace, i8 %blockout"   --->   Operation 15 'call' 'call_ln0' <Predicate = true> <Delay = 0.00> <CoreType = "Generic">   --->   Core 0 '' <Latency = 0> <II = 1> <Delay = 1.00> <Generic> <Opcode : >

State 7 <SV = 6> <Delay = 0.00>
ST_7 : Operation 16 [1/2] (0.00ns)   --->   "%call_ln0 = call void @Loop_VITIS_LOOP_130_3_proc2, i21 %workspace, i8 %blockout"   --->   Operation 16 'call' 'call_ln0' <Predicate = true> <Delay = 0.00> <CoreType = "Generic">   --->   Core 0 '' <Latency = 0> <II = 1> <Delay = 1.00> <Generic> <Opcode : >

State 8 <SV = 7> <Delay = 0.00>
ST_8 : Operation 17 [1/1] (0.00ns)   --->   "%specdataflowpipeline_ln26 = specdataflowpipeline void @_ssdm_op_SpecDataflowPipeline, i32 4294967295, i32 0, void @empty" [../import_files/import_files/2D_idct.cpp:26]   --->   Operation 17 'specdataflowpipeline' 'specdataflowpipeline_ln26' <Predicate = true> <Delay = 0.00>
ST_8 : Operation 18 [1/1] (0.00ns)   --->   "%spectopmodule_ln18 = spectopmodule void @_ssdm_op_SpecTopModule, void @empty_2" [../import_files/import_files/2D_idct.cpp:18]   --->   Operation 18 'spectopmodule' 'spectopmodule_ln18' <Predicate = true> <Delay = 0.00>
ST_8 : Operation 19 [1/1] (0.00ns)   --->   "%specinterface_ln18 = specinterface void @_ssdm_op_SpecInterface, i32 0, void @empty_3, i32 0, i32 0, void @empty, i32 0, i32 0, void @empty, void @empty, void @empty, i32 0, i32 0, i32 0, i32 0, void @empty, void @empty, i32 4294967295, i32 0" [../import_files/import_files/2D_idct.cpp:18]   --->   Operation 19 'specinterface' 'specinterface_ln18' <Predicate = true> <Delay = 0.00>
ST_8 : Operation 20 [1/1] (0.00ns)   --->   "%specinterface_ln0 = specinterface void @_ssdm_op_SpecInterface, i16 %DCAC, void @empty_0, i32 1, i32 1, void @empty_1, i32 0, i32 0, void @empty, void @empty, void @empty, i32 0, i32 0, i32 0, i32 0, void @empty, void @empty, i32 4294967295, i32 0"   --->   Operation 20 'specinterface' 'specinterface_ln0' <Predicate = true> <Delay = 0.00>
ST_8 : Operation 21 [1/1] (0.00ns)   --->   "%specbitsmap_ln0 = specbitsmap void @_ssdm_op_SpecBitsMap, i16 %DCAC"   --->   Operation 21 'specbitsmap' 'specbitsmap_ln0' <Predicate = true> <Delay = 0.00>
ST_8 : Operation 22 [1/1] (0.00ns)   --->   "%specinterface_ln0 = specinterface void @_ssdm_op_SpecInterface, i8 %blockout, void @empty_0, i32 1, i32 1, void @empty_1, i32 0, i32 0, void @empty, void @empty, void @empty, i32 0, i32 0, i32 0, i32 0, void @empty, void @empty, i32 4294967295, i32 0"   --->   Operation 22 'specinterface' 'specinterface_ln0' <Predicate = true> <Delay = 0.00>
ST_8 : Operation 23 [1/1] (0.00ns)   --->   "%specbitsmap_ln0 = specbitsmap void @_ssdm_op_SpecBitsMap, i8 %blockout"   --->   Operation 23 'specbitsmap' 'specbitsmap_ln0' <Predicate = true> <Delay = 0.00>
ST_8 : Operation 24 [1/1] (0.00ns)   --->   "%specbramwithbyteenable_ln0 = specbramwithbyteenable void @_ssdm_op_SpecBRAMWithByteEnable, i32 %DCAC_temp"   --->   Operation 24 'specbramwithbyteenable' 'specbramwithbyteenable_ln0' <Predicate = true> <Delay = 0.00>
ST_8 : Operation 25 [1/1] (0.00ns)   --->   "%ret_ln206 = ret" [../import_files/import_files/2D_idct.cpp:206]   --->   Operation 25 'ret' 'ret_ln206' <Predicate = true> <Delay = 0.00>


============================================================
+ Verbose Summary: Binding
============================================================
STG Binding: 
---------------- STG Properties BEGIN ----------------
- Is combinational: 0
- Is one-state seq: 0
- Is datapath-only: 0
- Is pipelined: 0
- Is top level: 1
Port [ Return ] is wired: 1; IO mode=ap_ctrl_none:ce=0
Port [ DCAC]:  wired=1; compound=1; hidden=0; nouse=0; global=0; static=0; extern=0; dir=0; type=0; pingpong=0; private_global=0; IO mode=axis:ce=0
Port [ blockout]:  wired=1; compound=1; hidden=0; nouse=0; global=0; static=0; extern=0; dir=1; type=0; pingpong=0; private_global=0; IO mode=axis:ce=0
---------------- STG Properties END ------------------

---------------- Datapath Model BEGIN ----------------

<LifeTime>
<method=bitvector/>
DCAC_temp                  (alloca                ) [ 001111111]
workspace                  (alloca                ) [ 001111110]
call_ln0                   (call                  ) [ 000000000]
call_ln0                   (call                  ) [ 000000000]
call_ln0                   (call                  ) [ 000000000]
specdataflowpipeline_ln26  (specdataflowpipeline  ) [ 000000000]
spectopmodule_ln18         (spectopmodule         ) [ 000000000]
specinterface_ln18         (specinterface         ) [ 000000000]
specinterface_ln0          (specinterface         ) [ 000000000]
specbitsmap_ln0            (specbitsmap           ) [ 000000000]
specinterface_ln0          (specinterface         ) [ 000000000]
specbitsmap_ln0            (specbitsmap           ) [ 000000000]
specbramwithbyteenable_ln0 (specbramwithbyteenable) [ 000000000]
ret_ln206                  (ret                   ) [ 000000000]
</LifeTime>

<model>

<comp_list>
<comp id="0" class="1000" name="DCAC">
<pin_list>
<pin id="1" dir="1" index="0" bw="1" slack="0"/>
</pin_list>
<bind>
<StgValue><ssdm name="DCAC"/></StgValue>
</bind>
</comp>

<comp id="2" class="1000" name="blockout">
<pin_list>
<pin id="3" dir="1" index="0" bw="1" slack="0"/>
</pin_list>
<bind>
<StgValue><ssdm name="blockout"/></StgValue>
</bind>
</comp>

<comp id="4" class="1001" name="const_4">
<pin_list>
<pin id="5" dir="1" index="0" bw="1" slack="0"/>
</pin_list>
<bind>
<StgValue><ssdm name=""/></StgValue>
</bind>
</comp>

<comp id="6" class="1001" name="const_6">
<pin_list>
<pin id="7" dir="1" index="0" bw="1" slack="0"/>
</pin_list>
<bind>
<StgValue><ssdm name="Loop_VITIS_LOOP_38_1_proc1"/></StgValue>
</bind>
</comp>

<comp id="8" class="1001" name="const_8">
<pin_list>
<pin id="9" dir="1" index="0" bw="1" slack="0"/>
</pin_list>
<bind>
<StgValue><ssdm name="Loop_VITIS_LOOP_59_2_proc"/></StgValue>
</bind>
</comp>

<comp id="10" class="1001" name="const_10">
<pin_list>
<pin id="11" dir="1" index="0" bw="1" slack="0"/>
</pin_list>
<bind>
<StgValue><ssdm name="Loop_VITIS_LOOP_130_3_proc2"/></StgValue>
</bind>
</comp>

<comp id="12" class="1001" name="const_12">
<pin_list>
<pin id="13" dir="1" index="0" bw="1" slack="2147483647"/>
</pin_list>
<bind>
<StgValue><ssdm name="_ssdm_op_SpecDataflowPipeline"/></StgValue>
</bind>
</comp>

<comp id="14" class="1001" name="const_14">
<pin_list>
<pin id="15" dir="1" index="0" bw="1" slack="2147483647"/>
</pin_list>
<bind>
<StgValue><ssdm name=""/></StgValue>
</bind>
</comp>

<comp id="16" class="1001" name="const_16">
<pin_list>
<pin id="17" dir="1" index="0" bw="1" slack="2147483647"/>
</pin_list>
<bind>
<StgValue><ssdm name=""/></StgValue>
</bind>
</comp>

<comp id="18" class="1001" name="const_18">
<pin_list>
<pin id="19" dir="1" index="0" bw="1" slack="2147483647"/>
</pin_list>
<bind>
<StgValue><ssdm name="empty"/></StgValue>
</bind>
</comp>

<comp id="20" class="1001" name="const_20">
<pin_list>
<pin id="21" dir="1" index="0" bw="1" slack="2147483647"/>
</pin_list>
<bind>
<StgValue><ssdm name="_ssdm_op_SpecTopModule"/></StgValue>
</bind>
</comp>

<comp id="22" class="1001" name="const_22">
<pin_list>
<pin id="23" dir="1" index="0" bw="1" slack="2147483647"/>
</pin_list>
<bind>
<StgValue><ssdm name="empty_2"/></StgValue>
</bind>
</comp>

<comp id="24" class="1001" name="const_24">
<pin_list>
<pin id="25" dir="1" index="0" bw="1" slack="2147483647"/>
</pin_list>
<bind>
<StgValue><ssdm name="_ssdm_op_SpecInterface"/></StgValue>
</bind>
</comp>

<comp id="26" class="1001" name="const_26">
<pin_list>
<pin id="27" dir="1" index="0" bw="1" slack="2147483647"/>
</pin_list>
<bind>
<StgValue><ssdm name="empty_3"/></StgValue>
</bind>
</comp>

<comp id="28" class="1001" name="const_28">
<pin_list>
<pin id="29" dir="1" index="0" bw="1" slack="2147483647"/>
</pin_list>
<bind>
<StgValue><ssdm name="empty_0"/></StgValue>
</bind>
</comp>

<comp id="30" class="1001" name="const_30">
<pin_list>
<pin id="31" dir="1" index="0" bw="1" slack="2147483647"/>
</pin_list>
<bind>
<StgValue><ssdm name=""/></StgValue>
</bind>
</comp>

<comp id="32" class="1001" name="const_32">
<pin_list>
<pin id="33" dir="1" index="0" bw="1" slack="2147483647"/>
</pin_list>
<bind>
<StgValue><ssdm name="empty_1"/></StgValue>
</bind>
</comp>

<comp id="34" class="1001" name="const_34">
<pin_list>
<pin id="35" dir="1" index="0" bw="1" slack="2147483647"/>
</pin_list>
<bind>
<StgValue><ssdm name="_ssdm_op_SpecBitsMap"/></StgValue>
</bind>
</comp>

<comp id="36" class="1001" name="const_36">
<pin_list>
<pin id="37" dir="1" index="0" bw="1" slack="2147483647"/>
</pin_list>
<bind>
<StgValue><ssdm name="_ssdm_op_SpecBRAMWithByteEnable"/></StgValue>
</bind>
</comp>

<comp id="38" class="1004" name="DCAC_temp_alloca_fu_38">
<pin_list>
<pin id="39" dir="0" index="0" bw="1" slack="0"/>
<pin id="40" dir="1" index="1" bw="32" slack="2147483647"/>
</pin_list>
<bind>
<opcode="alloca(26) " fcode="alloca"/>
<opset="DCAC_temp/1 "/>
</bind>
</comp>

<comp id="42" class="1004" name="workspace_alloca_fu_42">
<pin_list>
<pin id="43" dir="0" index="0" bw="1" slack="0"/>
<pin id="44" dir="1" index="1" bw="21" slack="2147483647"/>
</pin_list>
<bind>
<opcode="alloca(26) " fcode="alloca"/>
<opset="workspace/1 "/>
</bind>
</comp>

<comp id="46" class="1004" name="grp_Loop_VITIS_LOOP_38_1_proc1_fu_46">
<pin_list>
<pin id="47" dir="0" index="0" bw="0" slack="0"/>
<pin id="48" dir="0" index="1" bw="16" slack="0"/>
<pin id="49" dir="0" index="2" bw="32" slack="2147483647"/>
<pin id="50" dir="1" index="3" bw="0" slack="2147483647"/>
</pin_list>
<bind>
<opcode="call(48) " fcode="call"/>
<opset="call_ln0/2 "/>
</bind>
</comp>

<comp id="53" class="1004" name="grp_Loop_VITIS_LOOP_59_2_proc_fu_53">
<pin_list>
<pin id="54" dir="0" index="0" bw="0" slack="0"/>
<pin id="55" dir="0" index="1" bw="32" slack="2147483647"/>
<pin id="56" dir="0" index="2" bw="21" slack="2147483647"/>
<pin id="57" dir="1" index="3" bw="0" slack="2147483647"/>
</pin_list>
<bind>
<opcode="call(48) " fcode="call"/>
<opset="call_ln0/4 "/>
</bind>
</comp>

<comp id="59" class="1004" name="grp_Loop_VITIS_LOOP_130_3_proc2_fu_59">
<pin_list>
<pin id="60" dir="0" index="0" bw="0" slack="0"/>
<pin id="61" dir="0" index="1" bw="21" slack="2147483647"/>
<pin id="62" dir="0" index="2" bw="8" slack="0"/>
<pin id="63" dir="1" index="3" bw="0" slack="2147483647"/>
</pin_list>
<bind>
<opcode="call(48) " fcode="call"/>
<opset="call_ln0/6 "/>
</bind>
</comp>

</comp_list>

<net_list>
<net id="41"><net_src comp="4" pin="0"/><net_sink comp="38" pin=0"/></net>

<net id="45"><net_src comp="4" pin="0"/><net_sink comp="42" pin=0"/></net>

<net id="51"><net_src comp="6" pin="0"/><net_sink comp="46" pin=0"/></net>

<net id="52"><net_src comp="0" pin="0"/><net_sink comp="46" pin=1"/></net>

<net id="58"><net_src comp="8" pin="0"/><net_sink comp="53" pin=0"/></net>

<net id="64"><net_src comp="10" pin="0"/><net_sink comp="59" pin=0"/></net>

<net id="65"><net_src comp="2" pin="0"/><net_sink comp="59" pin=2"/></net>

</net_list>

</model> 
---------------- Datapath Model END ------------------

* FSMD analyzer results:
  - Output states:
	Port: blockout | {6 7 }
 - Input state : 
	Port: idct : DCAC | {2 3 }
  - Chain level:
	State 1
	State 2
	State 3
	State 4
	State 5
	State 6
	State 7
	State 8


============================================================
+ Verbose Summary: Datapath Resource usage 
============================================================

* Functional unit list:
|----------|---------------------------------------|---------|---------|---------|---------|
| Operation|            Functional Unit            |   DSP   |  Delay  |    FF   |   LUT   |
|----------|---------------------------------------|---------|---------|---------|---------|
|          |  grp_Loop_VITIS_LOOP_38_1_proc1_fu_46 |    0    |    0    |    35   |   109   |
|   call   |  grp_Loop_VITIS_LOOP_59_2_proc_fu_53  |    24   | 46.5348 |   2038  |   3919  |
|          | grp_Loop_VITIS_LOOP_130_3_proc2_fu_59 |    24   | 49.3012 |   2123  |   2558  |
|----------|---------------------------------------|---------|---------|---------|---------|
|   Total  |                                       |    48   |  95.836 |   4196  |   6586  |
|----------|---------------------------------------|---------|---------|---------|---------|

Memories:
+---------+--------+--------+--------+--------+
|         |  BRAM  |   FF   |   LUT  |  URAM  |
+---------+--------+--------+--------+--------+
|DCAC_temp|    4   |    0   |    0   |    0   |
|workspace|    4   |    0   |    0   |    0   |
+---------+--------+--------+--------+--------+
|  Total  |    8   |    0   |    0   |    0   |
+---------+--------+--------+--------+--------+

* Register list:
N/A

* Multiplexer (MUX) list: 
|--------|------|------|------|--------|
|  Comp  |  Pin | Size |  BW  | S x BW |
|--------|------|------|------|--------|
|  Total |      |      |      |    0   |
|--------|------|------|------|--------|



* Summary:
+-----------+--------+--------+--------+--------+--------+--------+
|           |  BRAM  |   DSP  |  Delay |   FF   |   LUT  |  URAM  |
+-----------+--------+--------+--------+--------+--------+--------+
|  Function |    -   |   48   |   95   |  4196  |  6586  |    -   |
|   Memory  |    8   |    -   |    -   |    0   |    0   |    0   |
|Multiplexer|    -   |    -   |    -   |    -   |    -   |    -   |
|  Register |    -   |    -   |    -   |    -   |    -   |    -   |
+-----------+--------+--------+--------+--------+--------+--------+
|   Total   |    8   |   48   |   95   |  4196  |  6586  |    0   |
+-----------+--------+--------+--------+--------+--------+--------+
