

================================================================
== Vitis HLS Report for 'Loop_DCAC_row_copy_proc1'
================================================================
* Date:           Wed Feb 12 14:35:44 2025

* Version:        2022.1 (Build 3526262 on Mon Apr 18 15:48:16 MDT 2022)
* Project:        ECE423_Lab2
* Solution:       solution1 (Vivado IP Flow Target)
* Product family: zynq
* Target device:  xc7z020-clg400-1


================================================================
== Performance Estimates
================================================================
+ Timing: 
    * Summary: 
    +--------+----------+----------+------------+
    |  Clock |  Target  | Estimated| Uncertainty|
    +--------+----------+----------+------------+
    |ap_clk  |  10.00 ns|  6.746 ns|     1.25 ns|
    +--------+----------+----------+------------+

+ Latency: 
    * Summary: 
    +---------+---------+----------+----------+-----+-----+---------+
    |  Latency (cycles) |  Latency (absolute) |  Interval | Pipeline|
    |   min   |   max   |    min   |    max   | min | max |   Type  |
    +---------+---------+----------+----------+-----+-----+---------+
    |       66|       66|  0.660 us|  0.660 us|   66|   66|       no|
    +---------+---------+----------+----------+-----+-----+---------+

    + Detail: 
        * Instance: 
        N/A

        * Loop: 
        +-------------------------------+---------+---------+----------+-----------+-----------+------+----------+
        |                               |  Latency (cycles) | Iteration|  Initiation Interval  | Trip |          |
        |           Loop Name           |   min   |   max   |  Latency |  achieved |   target  | Count| Pipelined|
        +-------------------------------+---------+---------+----------+-----------+-----------+------+----------+
        |- DCAC_row_copy_DCAC_col_copy  |       64|       64|         2|          1|          1|    64|       yes|
        +-------------------------------+---------+---------+----------+-----------+-----------+------+----------+

============================================================
+ Verbose Summary: Synthesis Manager
============================================================
InlineROM: 1
ExposeGlobal: 0
============================================================
+ Verbose Summary: CDFG Model
============================================================
IsTopModel: 0
ResetActiveHigh: 1
IsCombinational: 2
IsDatapathOnly: 0
HasWiredReturn: 1
HasMFsm: 2
HasVarLatency: 1
IsPipeline: 0
IsRtlPipelined: 0
IsInstanceOverlapped: 0
IsDontTouch: 0
HasImplIP: 0
IsGatedGlobalClock: 0

+ Individual pipeline summary: 
  * Pipeline-0: initiation interval (II) = 1, depth = 2


============================================================
+ Verbose Summary: Schedule
============================================================
* Number of FSM states : 2
* Pipeline : 1
  Pipeline-0 : II = 1, D = 2, States = { 1 2 }
* Dataflow Pipeline: 0

* FSM state transitions: 
1 --> 2 
2 --> 

* FSM state operations: 

State 1 <SV = 0> <Delay = 6.74>
ST_1 : Operation 5 [1/1] (0.00ns)   --->   "%c = alloca i32 1"   --->   Operation 5 'alloca' 'c' <Predicate = true> <Delay = 0.00>
ST_1 : Operation 6 [1/1] (0.00ns)   --->   "%r = alloca i32 1"   --->   Operation 6 'alloca' 'r' <Predicate = true> <Delay = 0.00>
ST_1 : Operation 7 [1/1] (0.00ns)   --->   "%indvar_flatten = alloca i32 1"   --->   Operation 7 'alloca' 'indvar_flatten' <Predicate = true> <Delay = 0.00>
ST_1 : Operation 8 [1/1] (0.00ns)   --->   "%specinterface_ln0 = specinterface void @_ssdm_op_SpecInterface, i32 %DCAC, void @empty_0, i32 1, i32 1, void @empty_1, i32 0, i32 0, void @empty, void @empty, void @empty, i32 0, i32 0, i32 0, i32 0, void @empty, void @empty, i32 4294967295, i32 0"   --->   Operation 8 'specinterface' 'specinterface_ln0' <Predicate = true> <Delay = 0.00>
ST_1 : Operation 9 [1/1] (1.58ns)   --->   "%store_ln0 = store i7 0, i7 %indvar_flatten"   --->   Operation 9 'store' 'store_ln0' <Predicate = true> <Delay = 1.58>
ST_1 : Operation 11 [1/1] (1.58ns)   --->   "%store_ln0 = store i4 0, i4 %c"   --->   Operation 11 'store' 'store_ln0' <Predicate = true> <Delay = 1.58>
ST_1 : Operation 12 [1/1] (0.00ns)   --->   "%br_ln0 = br void %for.inc.i.i"   --->   Operation 12 'br' 'br_ln0' <Predicate = true> <Delay = 0.00>
ST_1 : Operation 13 [1/1] (0.00ns)   --->   "%indvar_flatten_load = load i7 %indvar_flatten" [../import_files/import_files/2D_idct.cpp:33]   --->   Operation 13 'load' 'indvar_flatten_load' <Predicate = true> <Delay = 0.00>
ST_1 : Operation 14 [1/1] (1.48ns)   --->   "%icmp_ln33 = icmp_eq  i7 %indvar_flatten_load, i7 64" [../import_files/import_files/2D_idct.cpp:33]   --->   Operation 14 'icmp' 'icmp_ln33' <Predicate = true> <Delay = 1.48> <CoreInst = "Cmp">   --->   Core 9 'Cmp' <Latency = 0> <II = 1> <Delay = 1.48> <FuncUnit> <Opcode : 'icmp'> <InPorts = 2> <OutPorts = 1>
ST_1 : Operation 15 [1/1] (1.87ns)   --->   "%add_ln33_1 = add i7 %indvar_flatten_load, i7 1" [../import_files/import_files/2D_idct.cpp:33]   --->   Operation 15 'add' 'add_ln33_1' <Predicate = true> <Delay = 1.87> <CoreInst = "Adder">   --->   Core 1 'Adder' <Latency = 0> <II = 1> <Delay = 1.87> <FuncUnit> <Opcode : 'add' 'sub'> <InPorts = 2> <OutPorts = 1>
ST_1 : Operation 16 [1/1] (0.00ns)   --->   "%br_ln33 = br i1 %icmp_ln33, void %for.inc11.i.i, void %idct_for.cond.i.exit.exitStub" [../import_files/import_files/2D_idct.cpp:33]   --->   Operation 16 'br' 'br_ln33' <Predicate = true> <Delay = 0.00>
ST_1 : Operation 17 [1/1] (0.00ns)   --->   "%c_load = load i4 %c" [../import_files/import_files/2D_idct.cpp:35]   --->   Operation 17 'load' 'c_load' <Predicate = (!icmp_ln33)> <Delay = 0.00>
ST_1 : Operation 18 [1/1] (1.30ns)   --->   "%icmp_ln35 = icmp_eq  i4 %c_load, i4 8" [../import_files/import_files/2D_idct.cpp:35]   --->   Operation 18 'icmp' 'icmp_ln35' <Predicate = (!icmp_ln33)> <Delay = 1.30> <CoreInst = "Cmp">   --->   Core 9 'Cmp' <Latency = 0> <II = 1> <Delay = 1.30> <FuncUnit> <Opcode : 'icmp'> <InPorts = 2> <OutPorts = 1>
ST_1 : Operation 19 [1/1] (1.02ns)   --->   "%select_ln33 = select i1 %icmp_ln35, i4 0, i4 %c_load" [../import_files/import_files/2D_idct.cpp:33]   --->   Operation 19 'select' 'select_ln33' <Predicate = (!icmp_ln33)> <Delay = 1.02> <CoreInst = "Sel">   --->   Core 73 'Sel' <Latency = 0> <II = 1> <Delay = 1.02> <FuncUnit> <Opcode : 'select'> <InPorts = 3> <OutPorts = 1>
ST_1 : Operation 20 [1/1] (0.00ns)   --->   "%trunc_ln35_1 = trunc i4 %select_ln33" [../import_files/import_files/2D_idct.cpp:35]   --->   Operation 20 'trunc' 'trunc_ln35_1' <Predicate = (!icmp_ln33)> <Delay = 0.00>
ST_1 : Operation 21 [1/1] (0.00ns)   --->   "%tmp = bitselect i1 @_ssdm_op_BitSelect.i1.i4.i32, i4 %select_ln33, i32 2" [../import_files/import_files/2D_idct.cpp:38]   --->   Operation 21 'bitselect' 'tmp' <Predicate = (!icmp_ln33)> <Delay = 0.00>
ST_1 : Operation 22 [1/1] (0.00ns)   --->   "%and_ln = bitconcatenate i5 @_ssdm_op_BitConcatenate.i5.i1.i4, i1 %tmp, i4 0" [../import_files/import_files/2D_idct.cpp:38]   --->   Operation 22 'bitconcatenate' 'and_ln' <Predicate = (!icmp_ln33)> <Delay = 0.00>
ST_1 : Operation 23 [1/1] (0.00ns)   --->   "%DCAC_read = read i32 @_ssdm_op_Read.axis.volatile.i32P128A, i32 %DCAC" [../import_files/import_files/2D_idct.cpp:38]   --->   Operation 23 'read' 'DCAC_read' <Predicate = (!icmp_ln33)> <Delay = 0.00> <CoreInst = "axis">   --->   Core 115 'axis' <Latency = 0> <II = 1> <Delay = 1.00> <Adapter> <Opcode : >
ST_1 : Operation 24 [1/1] (0.00ns) (grouped into LUT with out node shl_ln38)   --->   "%zext_ln38 = zext i5 %and_ln" [../import_files/import_files/2D_idct.cpp:38]   --->   Operation 24 'zext' 'zext_ln38' <Predicate = (!icmp_ln33)> <Delay = 0.00>
ST_1 : Operation 25 [1/1] (0.00ns) (grouped into LUT with out node shl_ln38)   --->   "%lshr_ln38 = lshr i32 %DCAC_read, i32 %zext_ln38" [../import_files/import_files/2D_idct.cpp:38]   --->   Operation 25 'lshr' 'lshr_ln38' <Predicate = (!icmp_ln33)> <Delay = 0.00> <CoreInst = "Shifter">   --->   Core 75 'Shifter' <Latency = 0> <II = 1> <Delay = 4.42> <FuncUnit> <Opcode : 'shl' 'lshr' 'ashr'> <InPorts = 2> <OutPorts = 1>
ST_1 : Operation 26 [1/1] (0.00ns) (grouped into LUT with out node shl_ln38)   --->   "%trunc_ln38 = trunc i32 %lshr_ln38" [../import_files/import_files/2D_idct.cpp:38]   --->   Operation 26 'trunc' 'trunc_ln38' <Predicate = (!icmp_ln33)> <Delay = 0.00>
ST_1 : Operation 27 [1/1] (0.00ns) (grouped into LUT with out node shl_ln38)   --->   "%zext_ln38_2 = zext i5 %and_ln" [../import_files/import_files/2D_idct.cpp:38]   --->   Operation 27 'zext' 'zext_ln38_2' <Predicate = (!icmp_ln33)> <Delay = 0.00>
ST_1 : Operation 28 [1/1] (0.00ns) (grouped into LUT with out node shl_ln38)   --->   "%zext_ln38_3 = zext i16 %trunc_ln38" [../import_files/import_files/2D_idct.cpp:38]   --->   Operation 28 'zext' 'zext_ln38_3' <Predicate = (!icmp_ln33)> <Delay = 0.00>
ST_1 : Operation 29 [1/1] (4.42ns) (out node of the LUT)   --->   "%shl_ln38 = shl i32 %zext_ln38_3, i32 %zext_ln38_2" [../import_files/import_files/2D_idct.cpp:38]   --->   Operation 29 'shl' 'shl_ln38' <Predicate = (!icmp_ln33)> <Delay = 4.42> <CoreInst = "Shifter">   --->   Core 75 'Shifter' <Latency = 0> <II = 1> <Delay = 3.98> <FuncUnit> <Opcode : 'shl' 'lshr' 'ashr'> <InPorts = 2> <OutPorts = 1>
ST_1 : Operation 30 [1/1] (1.73ns)   --->   "%add_ln35 = add i4 %select_ln33, i4 1" [../import_files/import_files/2D_idct.cpp:35]   --->   Operation 30 'add' 'add_ln35' <Predicate = (!icmp_ln33)> <Delay = 1.73> <CoreInst = "Adder">   --->   Core 1 'Adder' <Latency = 0> <II = 1> <Delay = 1.73> <FuncUnit> <Opcode : 'add' 'sub'> <InPorts = 2> <OutPorts = 1>
ST_1 : Operation 31 [1/1] (1.58ns)   --->   "%store_ln35 = store i7 %add_ln33_1, i7 %indvar_flatten" [../import_files/import_files/2D_idct.cpp:35]   --->   Operation 31 'store' 'store_ln35' <Predicate = (!icmp_ln33)> <Delay = 1.58>
ST_1 : Operation 32 [1/1] (1.58ns)   --->   "%store_ln35 = store i4 %add_ln35, i4 %c" [../import_files/import_files/2D_idct.cpp:35]   --->   Operation 32 'store' 'store_ln35' <Predicate = (!icmp_ln33)> <Delay = 1.58>
ST_1 : Operation 51 [1/1] (0.00ns)   --->   "%ret_ln0 = ret"   --->   Operation 51 'ret' 'ret_ln0' <Predicate = (icmp_ln33)> <Delay = 0.00>

State 2 <SV = 1> <Delay = 6.01>
ST_2 : Operation 10 [1/1] (1.58ns)   --->   "%store_ln0 = store i4 0, i4 %r"   --->   Operation 10 'store' 'store_ln0' <Predicate = true> <Delay = 1.58>
ST_2 : Operation 33 [1/1] (0.00ns)   --->   "%r_load = load i4 %r" [../import_files/import_files/2D_idct.cpp:33]   --->   Operation 33 'load' 'r_load' <Predicate = true> <Delay = 0.00>
ST_2 : Operation 34 [1/1] (1.73ns)   --->   "%add_ln33 = add i4 %r_load, i4 1" [../import_files/import_files/2D_idct.cpp:33]   --->   Operation 34 'add' 'add_ln33' <Predicate = (icmp_ln35)> <Delay = 1.73> <CoreInst = "Adder">   --->   Core 1 'Adder' <Latency = 0> <II = 1> <Delay = 1.73> <FuncUnit> <Opcode : 'add' 'sub'> <InPorts = 2> <OutPorts = 1>
ST_2 : Operation 35 [1/1] (0.00ns)   --->   "%specloopname_ln0 = specloopname void @_ssdm_op_SpecLoopName, void @DCAC_row_copy_DCAC_col_copy_str"   --->   Operation 35 'specloopname' 'specloopname_ln0' <Predicate = true> <Delay = 0.00>
ST_2 : Operation 36 [1/1] (0.00ns)   --->   "%empty = speclooptripcount i32 @_ssdm_op_SpecLoopTripCount, i64 64, i64 64, i64 64"   --->   Operation 36 'speclooptripcount' 'empty' <Predicate = true> <Delay = 0.00>
ST_2 : Operation 37 [1/1] (1.02ns)   --->   "%select_ln33_1 = select i1 %icmp_ln35, i4 %add_ln33, i4 %r_load" [../import_files/import_files/2D_idct.cpp:33]   --->   Operation 37 'select' 'select_ln33_1' <Predicate = true> <Delay = 1.02> <CoreInst = "Sel">   --->   Core 73 'Sel' <Latency = 0> <II = 1> <Delay = 1.02> <FuncUnit> <Opcode : 'select'> <InPorts = 3> <OutPorts = 1>
ST_2 : Operation 38 [1/1] (0.00ns)   --->   "%trunc_ln35 = trunc i4 %select_ln33_1" [../import_files/import_files/2D_idct.cpp:35]   --->   Operation 38 'trunc' 'trunc_ln35' <Predicate = true> <Delay = 0.00>
ST_2 : Operation 39 [1/1] (0.00ns)   --->   "%specpipeline_ln37 = specpipeline void @_ssdm_op_SpecPipeline, i32 4294967295, i32 0, i32 0, i32 0, void @empty" [../import_files/import_files/2D_idct.cpp:37]   --->   Operation 39 'specpipeline' 'specpipeline_ln37' <Predicate = true> <Delay = 0.00>
ST_2 : Operation 40 [1/1] (0.00ns)   --->   "%specloopname_ln35 = specloopname void @_ssdm_op_SpecLoopName, void @empty_4" [../import_files/import_files/2D_idct.cpp:35]   --->   Operation 40 'specloopname' 'specloopname_ln35' <Predicate = true> <Delay = 0.00>
ST_2 : Operation 41 [1/1] (0.00ns)   --->   "%tmp_1 = bitconcatenate i5 @_ssdm_op_BitConcatenate.i5.i3.i2, i3 %trunc_ln35, i2 %trunc_ln35_1" [../import_files/import_files/2D_idct.cpp:38]   --->   Operation 41 'bitconcatenate' 'tmp_1' <Predicate = true> <Delay = 0.00>
ST_2 : Operation 42 [1/1] (0.00ns)   --->   "%zext_ln38_1 = zext i5 %tmp_1" [../import_files/import_files/2D_idct.cpp:38]   --->   Operation 42 'zext' 'zext_ln38_1' <Predicate = true> <Delay = 0.00>
ST_2 : Operation 43 [1/1] (0.00ns)   --->   "%DCAC_temp_addr = getelementptr i32 %DCAC_temp, i64 0, i64 %zext_ln38_1" [../import_files/import_files/2D_idct.cpp:38]   --->   Operation 43 'getelementptr' 'DCAC_temp_addr' <Predicate = true> <Delay = 0.00>
ST_2 : Operation 44 [1/1] (0.00ns)   --->   "%specbramwithbyteenable_ln38 = specbramwithbyteenable void @_ssdm_op_SpecBRAMWithByteEnable, i32 %DCAC_temp" [../import_files/import_files/2D_idct.cpp:38]   --->   Operation 44 'specbramwithbyteenable' 'specbramwithbyteenable_ln38' <Predicate = true> <Delay = 0.00>
ST_2 : Operation 45 [1/1] (0.00ns)   --->   "%udiv_cast_cast = bitconcatenate i2 @_ssdm_op_BitConcatenate.i2.i1.i1, i1 %tmp, i1 0" [../import_files/import_files/2D_idct.cpp:38]   --->   Operation 45 'bitconcatenate' 'udiv_cast_cast' <Predicate = true> <Delay = 0.00>
ST_2 : Operation 46 [1/1] (0.00ns)   --->   "%zext_ln38_4 = zext i2 %udiv_cast_cast" [../import_files/import_files/2D_idct.cpp:38]   --->   Operation 46 'zext' 'zext_ln38_4' <Predicate = true> <Delay = 0.00>
ST_2 : Operation 47 [1/1] (2.12ns)   --->   "%shl_ln38_1 = shl i4 3, i4 %zext_ln38_4" [../import_files/import_files/2D_idct.cpp:38]   --->   Operation 47 'shl' 'shl_ln38_1' <Predicate = true> <Delay = 2.12> <CoreInst = "Shifter">   --->   Core 75 'Shifter' <Latency = 0> <II = 1> <Delay = 2.12> <FuncUnit> <Opcode : 'shl' 'lshr' 'ashr'> <InPorts = 2> <OutPorts = 1>
ST_2 : Operation 48 [1/1] (3.25ns)   --->   "%store_ln38 = store void @_ssdm_op_Write.bram.i32, i5 %DCAC_temp_addr, i32 %shl_ln38, i4 %shl_ln38_1" [../import_files/import_files/2D_idct.cpp:38]   --->   Operation 48 'store' 'store_ln38' <Predicate = true> <Delay = 3.25> <CoreInst = "RAM">   --->   Core 82 'RAM' <Latency = 1> <II = 1> <Delay = 3.25> <Storage> <Opcode : 'load' 'store'> <Ports = 2> <Width = 32> <Depth = 32> <RAM>
ST_2 : Operation 49 [1/1] (1.58ns)   --->   "%store_ln35 = store i4 %select_ln33_1, i4 %r" [../import_files/import_files/2D_idct.cpp:35]   --->   Operation 49 'store' 'store_ln35' <Predicate = true> <Delay = 1.58>
ST_2 : Operation 50 [1/1] (0.00ns)   --->   "%br_ln35 = br void %for.inc.i.i" [../import_files/import_files/2D_idct.cpp:35]   --->   Operation 50 'br' 'br_ln35' <Predicate = true> <Delay = 0.00>


============================================================
+ Verbose Summary: Binding
============================================================
STG Binding: 
---------------- STG Properties BEGIN ----------------
- Is combinational: 0
- Is one-state seq: 0
- Is datapath-only: 0
- Is pipelined: 0
- Is top level: 0
Port [ Return ] is wired: 1; IO mode=ap_ctrl_hs:ce=0
Port [ DCAC]:  wired=1; compound=1; hidden=0; nouse=0; global=0; static=0; extern=0; dir=0; type=0; pingpong=0; private_global=0; IO mode=axis:ce=0
Port [ DCAC_temp]:  wired=1; compound=1; hidden=0; nouse=0; global=0; static=0; extern=0; dir=1; type=1; pingpong=1; private_global=0; MemPort=[03]; IO mode=ap_memory:ce=0
---------------- STG Properties END ------------------

---------------- Datapath Model BEGIN ----------------

<LifeTime>
<method=bitvector/>
c                           (alloca                ) [ 010]
r                           (alloca                ) [ 011]
indvar_flatten              (alloca                ) [ 010]
specinterface_ln0           (specinterface         ) [ 000]
store_ln0                   (store                 ) [ 000]
store_ln0                   (store                 ) [ 000]
store_ln0                   (store                 ) [ 000]
br_ln0                      (br                    ) [ 000]
indvar_flatten_load         (load                  ) [ 000]
icmp_ln33                   (icmp                  ) [ 010]
add_ln33_1                  (add                   ) [ 000]
br_ln33                     (br                    ) [ 000]
c_load                      (load                  ) [ 000]
icmp_ln35                   (icmp                  ) [ 011]
select_ln33                 (select                ) [ 000]
trunc_ln35_1                (trunc                 ) [ 011]
tmp                         (bitselect             ) [ 011]
and_ln                      (bitconcatenate        ) [ 000]
DCAC_read                   (read                  ) [ 000]
zext_ln38                   (zext                  ) [ 000]
lshr_ln38                   (lshr                  ) [ 000]
trunc_ln38                  (trunc                 ) [ 000]
zext_ln38_2                 (zext                  ) [ 000]
zext_ln38_3                 (zext                  ) [ 000]
shl_ln38                    (shl                   ) [ 011]
add_ln35                    (add                   ) [ 000]
store_ln35                  (store                 ) [ 000]
store_ln35                  (store                 ) [ 000]
r_load                      (load                  ) [ 000]
add_ln33                    (add                   ) [ 000]
specloopname_ln0            (specloopname          ) [ 000]
empty                       (speclooptripcount     ) [ 000]
select_ln33_1               (select                ) [ 000]
trunc_ln35                  (trunc                 ) [ 000]
specpipeline_ln37           (specpipeline          ) [ 000]
specloopname_ln35           (specloopname          ) [ 000]
tmp_1                       (bitconcatenate        ) [ 000]
zext_ln38_1                 (zext                  ) [ 000]
DCAC_temp_addr              (getelementptr         ) [ 000]
specbramwithbyteenable_ln38 (specbramwithbyteenable) [ 000]
udiv_cast_cast              (bitconcatenate        ) [ 000]
zext_ln38_4                 (zext                  ) [ 000]
shl_ln38_1                  (shl                   ) [ 000]
store_ln38                  (store                 ) [ 000]
store_ln35                  (store                 ) [ 000]
br_ln35                     (br                    ) [ 000]
ret_ln0                     (ret                   ) [ 000]
</LifeTime>

<model>

<comp_list>
<comp id="0" class="1000" name="DCAC">
<pin_list>
<pin id="1" dir="1" index="0" bw="1" slack="0"/>
</pin_list>
<bind>
<StgValue><ssdm name="DCAC"/></StgValue>
</bind>
</comp>

<comp id="2" class="1000" name="DCAC_temp">
<pin_list>
<pin id="3" dir="1" index="0" bw="1" slack="0"/>
</pin_list>
<bind>
<StgValue><ssdm name="DCAC_temp"/><MemPortTyVec>0 3 </MemPortTyVec>
</StgValue>
</bind>
</comp>

<comp id="4" class="1001" name="const_4">
<pin_list>
<pin id="5" dir="1" index="0" bw="1" slack="0"/>
</pin_list>
<bind>
<StgValue><ssdm name=""/></StgValue>
</bind>
</comp>

<comp id="6" class="1001" name="const_6">
<pin_list>
<pin id="7" dir="1" index="0" bw="1" slack="2147483647"/>
</pin_list>
<bind>
<StgValue><ssdm name="_ssdm_op_SpecInterface"/></StgValue>
</bind>
</comp>

<comp id="8" class="1001" name="const_8">
<pin_list>
<pin id="9" dir="1" index="0" bw="1" slack="2147483647"/>
</pin_list>
<bind>
<StgValue><ssdm name="empty_0"/></StgValue>
</bind>
</comp>

<comp id="10" class="1001" name="const_10">
<pin_list>
<pin id="11" dir="1" index="0" bw="1" slack="2147483647"/>
</pin_list>
<bind>
<StgValue><ssdm name="empty_1"/></StgValue>
</bind>
</comp>

<comp id="12" class="1001" name="const_12">
<pin_list>
<pin id="13" dir="1" index="0" bw="1" slack="2147483647"/>
</pin_list>
<bind>
<StgValue><ssdm name=""/></StgValue>
</bind>
</comp>

<comp id="14" class="1001" name="const_14">
<pin_list>
<pin id="15" dir="1" index="0" bw="1" slack="2147483647"/>
</pin_list>
<bind>
<StgValue><ssdm name="empty"/></StgValue>
</bind>
</comp>

<comp id="16" class="1001" name="const_16">
<pin_list>
<pin id="17" dir="1" index="0" bw="1" slack="2147483647"/>
</pin_list>
<bind>
<StgValue><ssdm name=""/></StgValue>
</bind>
</comp>

<comp id="18" class="1001" name="const_18">
<pin_list>
<pin id="19" dir="1" index="0" bw="1" slack="0"/>
</pin_list>
<bind>
<StgValue><ssdm name=""/></StgValue>
</bind>
</comp>

<comp id="20" class="1001" name="const_20">
<pin_list>
<pin id="21" dir="1" index="0" bw="1" slack="0"/>
</pin_list>
<bind>
<StgValue><ssdm name=""/></StgValue>
</bind>
</comp>

<comp id="22" class="1001" name="const_22">
<pin_list>
<pin id="23" dir="1" index="0" bw="1" slack="0"/>
</pin_list>
<bind>
<StgValue><ssdm name=""/></StgValue>
</bind>
</comp>

<comp id="24" class="1001" name="const_24">
<pin_list>
<pin id="25" dir="1" index="0" bw="1" slack="0"/>
</pin_list>
<bind>
<StgValue><ssdm name=""/></StgValue>
</bind>
</comp>

<comp id="26" class="1001" name="const_26">
<pin_list>
<pin id="27" dir="1" index="0" bw="1" slack="0"/>
</pin_list>
<bind>
<StgValue><ssdm name=""/></StgValue>
</bind>
</comp>

<comp id="28" class="1001" name="const_28">
<pin_list>
<pin id="29" dir="1" index="0" bw="1" slack="0"/>
</pin_list>
<bind>
<StgValue><ssdm name="_ssdm_op_BitSelect.i1.i4.i32"/></StgValue>
</bind>
</comp>

<comp id="30" class="1001" name="const_30">
<pin_list>
<pin id="31" dir="1" index="0" bw="1" slack="0"/>
</pin_list>
<bind>
<StgValue><ssdm name=""/></StgValue>
</bind>
</comp>

<comp id="32" class="1001" name="const_32">
<pin_list>
<pin id="33" dir="1" index="0" bw="1" slack="0"/>
</pin_list>
<bind>
<StgValue><ssdm name="_ssdm_op_BitConcatenate.i5.i1.i4"/></StgValue>
</bind>
</comp>

<comp id="34" class="1001" name="const_34">
<pin_list>
<pin id="35" dir="1" index="0" bw="1" slack="0"/>
</pin_list>
<bind>
<StgValue><ssdm name="_ssdm_op_Read.axis.volatile.i32P128A"/></StgValue>
</bind>
</comp>

<comp id="36" class="1001" name="const_36">
<pin_list>
<pin id="37" dir="1" index="0" bw="1" slack="0"/>
</pin_list>
<bind>
<StgValue><ssdm name=""/></StgValue>
</bind>
</comp>

<comp id="38" class="1001" name="const_38">
<pin_list>
<pin id="39" dir="1" index="0" bw="1" slack="2147483647"/>
</pin_list>
<bind>
<StgValue><ssdm name="_ssdm_op_SpecLoopName"/></StgValue>
</bind>
</comp>

<comp id="40" class="1001" name="const_40">
<pin_list>
<pin id="41" dir="1" index="0" bw="1" slack="2147483647"/>
</pin_list>
<bind>
<StgValue><ssdm name="DCAC_row_copy_DCAC_col_copy_str"/></StgValue>
</bind>
</comp>

<comp id="42" class="1001" name="const_42">
<pin_list>
<pin id="43" dir="1" index="0" bw="1" slack="2147483647"/>
</pin_list>
<bind>
<StgValue><ssdm name="_ssdm_op_SpecLoopTripCount"/></StgValue>
</bind>
</comp>

<comp id="44" class="1001" name="const_44">
<pin_list>
<pin id="45" dir="1" index="0" bw="1" slack="2147483647"/>
</pin_list>
<bind>
<StgValue><ssdm name=""/></StgValue>
</bind>
</comp>

<comp id="46" class="1001" name="const_46">
<pin_list>
<pin id="47" dir="1" index="0" bw="1" slack="2147483647"/>
</pin_list>
<bind>
<StgValue><ssdm name="_ssdm_op_SpecPipeline"/></StgValue>
</bind>
</comp>

<comp id="48" class="1001" name="const_48">
<pin_list>
<pin id="49" dir="1" index="0" bw="1" slack="2147483647"/>
</pin_list>
<bind>
<StgValue><ssdm name="empty_4"/></StgValue>
</bind>
</comp>

<comp id="50" class="1001" name="const_50">
<pin_list>
<pin id="51" dir="1" index="0" bw="1" slack="0"/>
</pin_list>
<bind>
<StgValue><ssdm name="_ssdm_op_BitConcatenate.i5.i3.i2"/></StgValue>
</bind>
</comp>

<comp id="52" class="1001" name="const_52">
<pin_list>
<pin id="53" dir="1" index="0" bw="1" slack="0"/>
</pin_list>
<bind>
<StgValue><ssdm name=""/></StgValue>
</bind>
</comp>

<comp id="54" class="1001" name="const_54">
<pin_list>
<pin id="55" dir="1" index="0" bw="1" slack="2147483647"/>
</pin_list>
<bind>
<StgValue><ssdm name="_ssdm_op_SpecBRAMWithByteEnable"/></StgValue>
</bind>
</comp>

<comp id="56" class="1001" name="const_56">
<pin_list>
<pin id="57" dir="1" index="0" bw="1" slack="0"/>
</pin_list>
<bind>
<StgValue><ssdm name="_ssdm_op_BitConcatenate.i2.i1.i1"/></StgValue>
</bind>
</comp>

<comp id="58" class="1001" name="const_58">
<pin_list>
<pin id="59" dir="1" index="0" bw="1" slack="0"/>
</pin_list>
<bind>
<StgValue><ssdm name=""/></StgValue>
</bind>
</comp>

<comp id="60" class="1001" name="const_60">
<pin_list>
<pin id="61" dir="1" index="0" bw="1" slack="0"/>
</pin_list>
<bind>
<StgValue><ssdm name=""/></StgValue>
</bind>
</comp>

<comp id="62" class="1001" name="const_62">
<pin_list>
<pin id="63" dir="1" index="0" bw="1" slack="2147483647"/>
</pin_list>
<bind>
<StgValue><ssdm name="_ssdm_op_Write.bram.i32"/></StgValue>
</bind>
</comp>

<comp id="64" class="1004" name="c_fu_64">
<pin_list>
<pin id="65" dir="0" index="0" bw="1" slack="0"/>
<pin id="66" dir="1" index="1" bw="4" slack="0"/>
</pin_list>
<bind>
<opcode="alloca(26) " fcode="alloca"/>
<opset="c/1 "/>
</bind>
</comp>

<comp id="68" class="1004" name="r_fu_68">
<pin_list>
<pin id="69" dir="0" index="0" bw="1" slack="0"/>
<pin id="70" dir="1" index="1" bw="4" slack="1"/>
</pin_list>
<bind>
<opcode="alloca(26) " fcode="alloca"/>
<opset="r/1 "/>
</bind>
</comp>

<comp id="72" class="1004" name="indvar_flatten_fu_72">
<pin_list>
<pin id="73" dir="0" index="0" bw="1" slack="0"/>
<pin id="74" dir="1" index="1" bw="7" slack="0"/>
</pin_list>
<bind>
<opcode="alloca(26) " fcode="alloca"/>
<opset="indvar_flatten/1 "/>
</bind>
</comp>

<comp id="76" class="1004" name="DCAC_read_read_fu_76">
<pin_list>
<pin id="77" dir="0" index="0" bw="32" slack="0"/>
<pin id="78" dir="0" index="1" bw="32" slack="0"/>
<pin id="79" dir="1" index="2" bw="32" slack="0"/>
</pin_list>
<bind>
<opcode="read(1150) " fcode="read"/>
<opset="DCAC_read/1 "/>
</bind>
</comp>

<comp id="82" class="1004" name="DCAC_temp_addr_gep_fu_82">
<pin_list>
<pin id="83" dir="0" index="0" bw="32" slack="0"/>
<pin id="84" dir="0" index="1" bw="1" slack="0"/>
<pin id="85" dir="0" index="2" bw="5" slack="0"/>
<pin id="86" dir="1" index="3" bw="5" slack="2147483647"/>
</pin_list>
<bind>
<opcode="getelementptr(29) " fcode="getelementptr"/>
<opset="DCAC_temp_addr/2 "/>
</bind>
</comp>

<comp id="89" class="1004" name="store_ln38_access_fu_89">
<pin_list>
<pin id="90" dir="0" index="0" bw="5" slack="2147483647"/>
<pin id="91" dir="0" index="1" bw="32" slack="1"/>
<pin id="92" dir="0" index="2" bw="4" slack="0"/>
<pin id="93" dir="1" index="3" bw="32" slack="2147483647"/>
</pin_list>
<bind>
<opcode="store(28) " fcode="store"/>
<opset="store_ln38/2 "/>
</bind>
</comp>

<comp id="94" class="1004" name="store_ln0_store_fu_94">
<pin_list>
<pin id="95" dir="0" index="0" bw="1" slack="0"/>
<pin id="96" dir="0" index="1" bw="7" slack="0"/>
<pin id="97" dir="1" index="2" bw="0" slack="2147483647"/>
</pin_list>
<bind>
<opcode="store(28) " fcode="store"/>
<opset="store_ln0/1 "/>
</bind>
</comp>

<comp id="99" class="1004" name="store_ln0_store_fu_99">
<pin_list>
<pin id="100" dir="0" index="0" bw="1" slack="0"/>
<pin id="101" dir="0" index="1" bw="4" slack="1"/>
<pin id="102" dir="1" index="2" bw="0" slack="2147483647"/>
</pin_list>
<bind>
<opcode="store(28) " fcode="store"/>
<opset="store_ln0/2 "/>
</bind>
</comp>

<comp id="104" class="1004" name="store_ln0_store_fu_104">
<pin_list>
<pin id="105" dir="0" index="0" bw="1" slack="0"/>
<pin id="106" dir="0" index="1" bw="4" slack="0"/>
<pin id="107" dir="1" index="2" bw="0" slack="2147483647"/>
</pin_list>
<bind>
<opcode="store(28) " fcode="store"/>
<opset="store_ln0/1 "/>
</bind>
</comp>

<comp id="109" class="1004" name="indvar_flatten_load_load_fu_109">
<pin_list>
<pin id="110" dir="0" index="0" bw="7" slack="0"/>
<pin id="111" dir="1" index="1" bw="7" slack="0"/>
</pin_list>
<bind>
<opcode="load(27) " fcode="load"/>
<opset="indvar_flatten_load/1 "/>
</bind>
</comp>

<comp id="112" class="1004" name="icmp_ln33_fu_112">
<pin_list>
<pin id="113" dir="0" index="0" bw="7" slack="0"/>
<pin id="114" dir="0" index="1" bw="7" slack="0"/>
<pin id="115" dir="1" index="2" bw="1" slack="2147483647"/>
</pin_list>
<bind>
<opcode="icmp(45) " fcode="icmp"/>
<opset="icmp_ln33/1 "/>
</bind>
</comp>

<comp id="118" class="1004" name="add_ln33_1_fu_118">
<pin_list>
<pin id="119" dir="0" index="0" bw="7" slack="0"/>
<pin id="120" dir="0" index="1" bw="1" slack="0"/>
<pin id="121" dir="1" index="2" bw="7" slack="0"/>
</pin_list>
<bind>
<opcode="add(8) " fcode="add"/>
<opset="add_ln33_1/1 "/>
</bind>
</comp>

<comp id="124" class="1004" name="c_load_load_fu_124">
<pin_list>
<pin id="125" dir="0" index="0" bw="4" slack="0"/>
<pin id="126" dir="1" index="1" bw="4" slack="0"/>
</pin_list>
<bind>
<opcode="load(27) " fcode="load"/>
<opset="c_load/1 "/>
</bind>
</comp>

<comp id="127" class="1004" name="icmp_ln35_fu_127">
<pin_list>
<pin id="128" dir="0" index="0" bw="4" slack="0"/>
<pin id="129" dir="0" index="1" bw="4" slack="0"/>
<pin id="130" dir="1" index="2" bw="1" slack="0"/>
</pin_list>
<bind>
<opcode="icmp(45) " fcode="icmp"/>
<opset="icmp_ln35/1 "/>
</bind>
</comp>

<comp id="133" class="1004" name="select_ln33_fu_133">
<pin_list>
<pin id="134" dir="0" index="0" bw="1" slack="0"/>
<pin id="135" dir="0" index="1" bw="1" slack="0"/>
<pin id="136" dir="0" index="2" bw="4" slack="0"/>
<pin id="137" dir="1" index="3" bw="4" slack="0"/>
</pin_list>
<bind>
<opcode="select(49) " fcode="select"/>
<opset="select_ln33/1 "/>
</bind>
</comp>

<comp id="141" class="1004" name="trunc_ln35_1_fu_141">
<pin_list>
<pin id="142" dir="0" index="0" bw="4" slack="0"/>
<pin id="143" dir="1" index="1" bw="2" slack="1"/>
</pin_list>
<bind>
<opcode="trunc(33) " fcode="trunc"/>
<opset="trunc_ln35_1/1 "/>
</bind>
</comp>

<comp id="145" class="1004" name="tmp_fu_145">
<pin_list>
<pin id="146" dir="0" index="0" bw="1" slack="0"/>
<pin id="147" dir="0" index="1" bw="4" slack="0"/>
<pin id="148" dir="0" index="2" bw="3" slack="0"/>
<pin id="149" dir="1" index="3" bw="1" slack="0"/>
</pin_list>
<bind>
<opcode="bitselect(1000) " fcode="bitselect"/>
<opset="tmp/1 "/>
</bind>
</comp>

<comp id="153" class="1004" name="and_ln_fu_153">
<pin_list>
<pin id="154" dir="0" index="0" bw="5" slack="0"/>
<pin id="155" dir="0" index="1" bw="1" slack="0"/>
<pin id="156" dir="0" index="2" bw="1" slack="0"/>
<pin id="157" dir="1" index="3" bw="5" slack="0"/>
</pin_list>
<bind>
<opcode="bitconcatenate(1004) " fcode="bitconcatenate"/>
<opset="and_ln/1 "/>
</bind>
</comp>

<comp id="161" class="1004" name="zext_ln38_fu_161">
<pin_list>
<pin id="162" dir="0" index="0" bw="5" slack="0"/>
<pin id="163" dir="1" index="1" bw="32" slack="0"/>
</pin_list>
<bind>
<opcode="zext(34) " fcode="zext"/>
<opset="zext_ln38/1 "/>
</bind>
</comp>

<comp id="165" class="1004" name="lshr_ln38_fu_165">
<pin_list>
<pin id="166" dir="0" index="0" bw="32" slack="0"/>
<pin id="167" dir="0" index="1" bw="5" slack="0"/>
<pin id="168" dir="1" index="2" bw="32" slack="0"/>
</pin_list>
<bind>
<opcode="lshr(21) " fcode="lshr"/>
<opset="lshr_ln38/1 "/>
</bind>
</comp>

<comp id="171" class="1004" name="trunc_ln38_fu_171">
<pin_list>
<pin id="172" dir="0" index="0" bw="32" slack="0"/>
<pin id="173" dir="1" index="1" bw="16" slack="0"/>
</pin_list>
<bind>
<opcode="trunc(33) " fcode="trunc"/>
<opset="trunc_ln38/1 "/>
</bind>
</comp>

<comp id="175" class="1004" name="zext_ln38_2_fu_175">
<pin_list>
<pin id="176" dir="0" index="0" bw="5" slack="0"/>
<pin id="177" dir="1" index="1" bw="32" slack="0"/>
</pin_list>
<bind>
<opcode="zext(34) " fcode="zext"/>
<opset="zext_ln38_2/1 "/>
</bind>
</comp>

<comp id="179" class="1004" name="zext_ln38_3_fu_179">
<pin_list>
<pin id="180" dir="0" index="0" bw="16" slack="0"/>
<pin id="181" dir="1" index="1" bw="32" slack="0"/>
</pin_list>
<bind>
<opcode="zext(34) " fcode="zext"/>
<opset="zext_ln38_3/1 "/>
</bind>
</comp>

<comp id="183" class="1004" name="shl_ln38_fu_183">
<pin_list>
<pin id="184" dir="0" index="0" bw="16" slack="0"/>
<pin id="185" dir="0" index="1" bw="5" slack="0"/>
<pin id="186" dir="1" index="2" bw="32" slack="1"/>
</pin_list>
<bind>
<opcode="shl(20) " fcode="shl"/>
<opset="shl_ln38/1 "/>
</bind>
</comp>

<comp id="189" class="1004" name="add_ln35_fu_189">
<pin_list>
<pin id="190" dir="0" index="0" bw="4" slack="0"/>
<pin id="191" dir="0" index="1" bw="1" slack="0"/>
<pin id="192" dir="1" index="2" bw="4" slack="0"/>
</pin_list>
<bind>
<opcode="add(8) " fcode="add"/>
<opset="add_ln35/1 "/>
</bind>
</comp>

<comp id="195" class="1004" name="store_ln35_store_fu_195">
<pin_list>
<pin id="196" dir="0" index="0" bw="7" slack="0"/>
<pin id="197" dir="0" index="1" bw="7" slack="0"/>
<pin id="198" dir="1" index="2" bw="0" slack="2147483647"/>
</pin_list>
<bind>
<opcode="store(28) " fcode="store"/>
<opset="store_ln35/1 "/>
</bind>
</comp>

<comp id="200" class="1004" name="store_ln35_store_fu_200">
<pin_list>
<pin id="201" dir="0" index="0" bw="4" slack="0"/>
<pin id="202" dir="0" index="1" bw="4" slack="0"/>
<pin id="203" dir="1" index="2" bw="0" slack="2147483647"/>
</pin_list>
<bind>
<opcode="store(28) " fcode="store"/>
<opset="store_ln35/1 "/>
</bind>
</comp>

<comp id="205" class="1004" name="r_load_load_fu_205">
<pin_list>
<pin id="206" dir="0" index="0" bw="4" slack="1"/>
<pin id="207" dir="1" index="1" bw="4" slack="0"/>
</pin_list>
<bind>
<opcode="load(27) " fcode="load"/>
<opset="r_load/2 "/>
</bind>
</comp>

<comp id="208" class="1004" name="add_ln33_fu_208">
<pin_list>
<pin id="209" dir="0" index="0" bw="4" slack="0"/>
<pin id="210" dir="0" index="1" bw="1" slack="0"/>
<pin id="211" dir="1" index="2" bw="4" slack="0"/>
</pin_list>
<bind>
<opcode="add(8) " fcode="add"/>
<opset="add_ln33/2 "/>
</bind>
</comp>

<comp id="214" class="1004" name="select_ln33_1_fu_214">
<pin_list>
<pin id="215" dir="0" index="0" bw="1" slack="1"/>
<pin id="216" dir="0" index="1" bw="4" slack="0"/>
<pin id="217" dir="0" index="2" bw="4" slack="0"/>
<pin id="218" dir="1" index="3" bw="4" slack="0"/>
</pin_list>
<bind>
<opcode="select(49) " fcode="select"/>
<opset="select_ln33_1/2 "/>
</bind>
</comp>

<comp id="221" class="1004" name="trunc_ln35_fu_221">
<pin_list>
<pin id="222" dir="0" index="0" bw="4" slack="0"/>
<pin id="223" dir="1" index="1" bw="3" slack="0"/>
</pin_list>
<bind>
<opcode="trunc(33) " fcode="trunc"/>
<opset="trunc_ln35/2 "/>
</bind>
</comp>

<comp id="225" class="1004" name="tmp_1_fu_225">
<pin_list>
<pin id="226" dir="0" index="0" bw="5" slack="0"/>
<pin id="227" dir="0" index="1" bw="3" slack="0"/>
<pin id="228" dir="0" index="2" bw="2" slack="1"/>
<pin id="229" dir="1" index="3" bw="5" slack="0"/>
</pin_list>
<bind>
<opcode="bitconcatenate(1004) " fcode="bitconcatenate"/>
<opset="tmp_1/2 "/>
</bind>
</comp>

<comp id="232" class="1004" name="zext_ln38_1_fu_232">
<pin_list>
<pin id="233" dir="0" index="0" bw="5" slack="0"/>
<pin id="234" dir="1" index="1" bw="64" slack="0"/>
</pin_list>
<bind>
<opcode="zext(34) " fcode="zext"/>
<opset="zext_ln38_1/2 "/>
</bind>
</comp>

<comp id="237" class="1004" name="udiv_cast_cast_fu_237">
<pin_list>
<pin id="238" dir="0" index="0" bw="2" slack="0"/>
<pin id="239" dir="0" index="1" bw="1" slack="1"/>
<pin id="240" dir="0" index="2" bw="1" slack="0"/>
<pin id="241" dir="1" index="3" bw="2" slack="0"/>
</pin_list>
<bind>
<opcode="bitconcatenate(1004) " fcode="bitconcatenate"/>
<opset="udiv_cast_cast/2 "/>
</bind>
</comp>

<comp id="244" class="1004" name="zext_ln38_4_fu_244">
<pin_list>
<pin id="245" dir="0" index="0" bw="2" slack="0"/>
<pin id="246" dir="1" index="1" bw="4" slack="0"/>
</pin_list>
<bind>
<opcode="zext(34) " fcode="zext"/>
<opset="zext_ln38_4/2 "/>
</bind>
</comp>

<comp id="248" class="1004" name="shl_ln38_1_fu_248">
<pin_list>
<pin id="249" dir="0" index="0" bw="3" slack="0"/>
<pin id="250" dir="0" index="1" bw="2" slack="0"/>
<pin id="251" dir="1" index="2" bw="4" slack="0"/>
</pin_list>
<bind>
<opcode="shl(20) " fcode="shl"/>
<opset="shl_ln38_1/2 "/>
</bind>
</comp>

<comp id="255" class="1004" name="store_ln35_store_fu_255">
<pin_list>
<pin id="256" dir="0" index="0" bw="4" slack="0"/>
<pin id="257" dir="0" index="1" bw="4" slack="1"/>
<pin id="258" dir="1" index="2" bw="0" slack="2147483647"/>
</pin_list>
<bind>
<opcode="store(28) " fcode="store"/>
<opset="store_ln35/2 "/>
</bind>
</comp>

<comp id="260" class="1005" name="c_reg_260">
<pin_list>
<pin id="261" dir="0" index="0" bw="4" slack="0"/>
<pin id="262" dir="1" index="1" bw="4" slack="0"/>
</pin_list>
<bind>
<opset="c "/>
</bind>
</comp>

<comp id="267" class="1005" name="r_reg_267">
<pin_list>
<pin id="268" dir="0" index="0" bw="4" slack="1"/>
<pin id="269" dir="1" index="1" bw="4" slack="1"/>
</pin_list>
<bind>
<opset="r "/>
</bind>
</comp>

<comp id="274" class="1005" name="indvar_flatten_reg_274">
<pin_list>
<pin id="275" dir="0" index="0" bw="7" slack="0"/>
<pin id="276" dir="1" index="1" bw="7" slack="0"/>
</pin_list>
<bind>
<opset="indvar_flatten "/>
</bind>
</comp>

<comp id="284" class="1005" name="icmp_ln35_reg_284">
<pin_list>
<pin id="285" dir="0" index="0" bw="1" slack="1"/>
<pin id="286" dir="1" index="1" bw="1" slack="1"/>
</pin_list>
<bind>
<opset="icmp_ln35 "/>
</bind>
</comp>

<comp id="289" class="1005" name="trunc_ln35_1_reg_289">
<pin_list>
<pin id="290" dir="0" index="0" bw="2" slack="1"/>
<pin id="291" dir="1" index="1" bw="2" slack="1"/>
</pin_list>
<bind>
<opset="trunc_ln35_1 "/>
</bind>
</comp>

<comp id="294" class="1005" name="tmp_reg_294">
<pin_list>
<pin id="295" dir="0" index="0" bw="1" slack="1"/>
<pin id="296" dir="1" index="1" bw="1" slack="1"/>
</pin_list>
<bind>
<opset="tmp "/>
</bind>
</comp>

<comp id="299" class="1005" name="shl_ln38_reg_299">
<pin_list>
<pin id="300" dir="0" index="0" bw="32" slack="1"/>
<pin id="301" dir="1" index="1" bw="32" slack="1"/>
</pin_list>
<bind>
<opset="shl_ln38 "/>
</bind>
</comp>

</comp_list>

<net_list>
<net id="67"><net_src comp="4" pin="0"/><net_sink comp="64" pin=0"/></net>

<net id="71"><net_src comp="4" pin="0"/><net_sink comp="68" pin=0"/></net>

<net id="75"><net_src comp="4" pin="0"/><net_sink comp="72" pin=0"/></net>

<net id="80"><net_src comp="34" pin="0"/><net_sink comp="76" pin=0"/></net>

<net id="81"><net_src comp="0" pin="0"/><net_sink comp="76" pin=1"/></net>

<net id="87"><net_src comp="2" pin="0"/><net_sink comp="82" pin=0"/></net>

<net id="88"><net_src comp="52" pin="0"/><net_sink comp="82" pin=1"/></net>

<net id="98"><net_src comp="18" pin="0"/><net_sink comp="94" pin=0"/></net>

<net id="103"><net_src comp="20" pin="0"/><net_sink comp="99" pin=0"/></net>

<net id="108"><net_src comp="20" pin="0"/><net_sink comp="104" pin=0"/></net>

<net id="116"><net_src comp="109" pin="1"/><net_sink comp="112" pin=0"/></net>

<net id="117"><net_src comp="22" pin="0"/><net_sink comp="112" pin=1"/></net>

<net id="122"><net_src comp="109" pin="1"/><net_sink comp="118" pin=0"/></net>

<net id="123"><net_src comp="24" pin="0"/><net_sink comp="118" pin=1"/></net>

<net id="131"><net_src comp="124" pin="1"/><net_sink comp="127" pin=0"/></net>

<net id="132"><net_src comp="26" pin="0"/><net_sink comp="127" pin=1"/></net>

<net id="138"><net_src comp="127" pin="2"/><net_sink comp="133" pin=0"/></net>

<net id="139"><net_src comp="20" pin="0"/><net_sink comp="133" pin=1"/></net>

<net id="140"><net_src comp="124" pin="1"/><net_sink comp="133" pin=2"/></net>

<net id="144"><net_src comp="133" pin="3"/><net_sink comp="141" pin=0"/></net>

<net id="150"><net_src comp="28" pin="0"/><net_sink comp="145" pin=0"/></net>

<net id="151"><net_src comp="133" pin="3"/><net_sink comp="145" pin=1"/></net>

<net id="152"><net_src comp="30" pin="0"/><net_sink comp="145" pin=2"/></net>

<net id="158"><net_src comp="32" pin="0"/><net_sink comp="153" pin=0"/></net>

<net id="159"><net_src comp="145" pin="3"/><net_sink comp="153" pin=1"/></net>

<net id="160"><net_src comp="20" pin="0"/><net_sink comp="153" pin=2"/></net>

<net id="164"><net_src comp="153" pin="3"/><net_sink comp="161" pin=0"/></net>

<net id="169"><net_src comp="76" pin="2"/><net_sink comp="165" pin=0"/></net>

<net id="170"><net_src comp="161" pin="1"/><net_sink comp="165" pin=1"/></net>

<net id="174"><net_src comp="165" pin="2"/><net_sink comp="171" pin=0"/></net>

<net id="178"><net_src comp="153" pin="3"/><net_sink comp="175" pin=0"/></net>

<net id="182"><net_src comp="171" pin="1"/><net_sink comp="179" pin=0"/></net>

<net id="187"><net_src comp="179" pin="1"/><net_sink comp="183" pin=0"/></net>

<net id="188"><net_src comp="175" pin="1"/><net_sink comp="183" pin=1"/></net>

<net id="193"><net_src comp="133" pin="3"/><net_sink comp="189" pin=0"/></net>

<net id="194"><net_src comp="36" pin="0"/><net_sink comp="189" pin=1"/></net>

<net id="199"><net_src comp="118" pin="2"/><net_sink comp="195" pin=0"/></net>

<net id="204"><net_src comp="189" pin="2"/><net_sink comp="200" pin=0"/></net>

<net id="212"><net_src comp="205" pin="1"/><net_sink comp="208" pin=0"/></net>

<net id="213"><net_src comp="36" pin="0"/><net_sink comp="208" pin=1"/></net>

<net id="219"><net_src comp="208" pin="2"/><net_sink comp="214" pin=1"/></net>

<net id="220"><net_src comp="205" pin="1"/><net_sink comp="214" pin=2"/></net>

<net id="224"><net_src comp="214" pin="3"/><net_sink comp="221" pin=0"/></net>

<net id="230"><net_src comp="50" pin="0"/><net_sink comp="225" pin=0"/></net>

<net id="231"><net_src comp="221" pin="1"/><net_sink comp="225" pin=1"/></net>

<net id="235"><net_src comp="225" pin="3"/><net_sink comp="232" pin=0"/></net>

<net id="236"><net_src comp="232" pin="1"/><net_sink comp="82" pin=2"/></net>

<net id="242"><net_src comp="56" pin="0"/><net_sink comp="237" pin=0"/></net>

<net id="243"><net_src comp="58" pin="0"/><net_sink comp="237" pin=2"/></net>

<net id="247"><net_src comp="237" pin="3"/><net_sink comp="244" pin=0"/></net>

<net id="252"><net_src comp="60" pin="0"/><net_sink comp="248" pin=0"/></net>

<net id="253"><net_src comp="244" pin="1"/><net_sink comp="248" pin=1"/></net>

<net id="254"><net_src comp="248" pin="2"/><net_sink comp="89" pin=2"/></net>

<net id="259"><net_src comp="214" pin="3"/><net_sink comp="255" pin=0"/></net>

<net id="263"><net_src comp="64" pin="1"/><net_sink comp="260" pin=0"/></net>

<net id="264"><net_src comp="260" pin="1"/><net_sink comp="104" pin=1"/></net>

<net id="265"><net_src comp="260" pin="1"/><net_sink comp="124" pin=0"/></net>

<net id="266"><net_src comp="260" pin="1"/><net_sink comp="200" pin=1"/></net>

<net id="270"><net_src comp="68" pin="1"/><net_sink comp="267" pin=0"/></net>

<net id="271"><net_src comp="267" pin="1"/><net_sink comp="99" pin=1"/></net>

<net id="272"><net_src comp="267" pin="1"/><net_sink comp="205" pin=0"/></net>

<net id="273"><net_src comp="267" pin="1"/><net_sink comp="255" pin=1"/></net>

<net id="277"><net_src comp="72" pin="1"/><net_sink comp="274" pin=0"/></net>

<net id="278"><net_src comp="274" pin="1"/><net_sink comp="94" pin=1"/></net>

<net id="279"><net_src comp="274" pin="1"/><net_sink comp="109" pin=0"/></net>

<net id="280"><net_src comp="274" pin="1"/><net_sink comp="195" pin=1"/></net>

<net id="287"><net_src comp="127" pin="2"/><net_sink comp="284" pin=0"/></net>

<net id="288"><net_src comp="284" pin="1"/><net_sink comp="214" pin=0"/></net>

<net id="292"><net_src comp="141" pin="1"/><net_sink comp="289" pin=0"/></net>

<net id="293"><net_src comp="289" pin="1"/><net_sink comp="225" pin=2"/></net>

<net id="297"><net_src comp="145" pin="3"/><net_sink comp="294" pin=0"/></net>

<net id="298"><net_src comp="294" pin="1"/><net_sink comp="237" pin=1"/></net>

<net id="302"><net_src comp="183" pin="2"/><net_sink comp="299" pin=0"/></net>

<net id="303"><net_src comp="299" pin="1"/><net_sink comp="89" pin=1"/></net>

</net_list>

</model> 
---------------- Datapath Model END ------------------

* FSMD analyzer results:
  - Output states:
	Port: DCAC_temp | {2 }
 - Input state : 
	Port: Loop_DCAC_row_copy_proc1 : DCAC | {1 }
  - Chain level:
	State 1
		store_ln0 : 1
		store_ln0 : 1
		indvar_flatten_load : 1
		icmp_ln33 : 2
		add_ln33_1 : 2
		br_ln33 : 3
		c_load : 1
		icmp_ln35 : 2
		select_ln33 : 3
		trunc_ln35_1 : 4
		tmp : 4
		and_ln : 5
		zext_ln38 : 6
		lshr_ln38 : 7
		trunc_ln38 : 8
		zext_ln38_2 : 6
		zext_ln38_3 : 9
		shl_ln38 : 10
		add_ln35 : 4
		store_ln35 : 3
		store_ln35 : 5
	State 2
		add_ln33 : 1
		select_ln33_1 : 2
		trunc_ln35 : 3
		tmp_1 : 4
		zext_ln38_1 : 5
		DCAC_temp_addr : 6
		zext_ln38_4 : 1
		shl_ln38_1 : 2
		store_ln38 : 7
		store_ln35 : 3


============================================================
+ Verbose Summary: Datapath Resource usage 
============================================================

* Functional unit list:
|----------|-----------------------|---------|---------|
| Operation|    Functional Unit    |    FF   |   LUT   |
|----------|-----------------------|---------|---------|
|   lshr   |    lshr_ln38_fu_165   |    0    |   100   |
|----------|-----------------------|---------|---------|
|    shl   |    shl_ln38_fu_183    |    0    |    35   |
|          |   shl_ln38_1_fu_248   |    0    |    7    |
|----------|-----------------------|---------|---------|
|          |   add_ln33_1_fu_118   |    0    |    14   |
|    add   |    add_ln35_fu_189    |    0    |    13   |
|          |    add_ln33_fu_208    |    0    |    13   |
|----------|-----------------------|---------|---------|
|   icmp   |    icmp_ln33_fu_112   |    0    |    10   |
|          |    icmp_ln35_fu_127   |    0    |    9    |
|----------|-----------------------|---------|---------|
|  select  |   select_ln33_fu_133  |    0    |    4    |
|          |  select_ln33_1_fu_214 |    0    |    4    |
|----------|-----------------------|---------|---------|
|   read   |  DCAC_read_read_fu_76 |    0    |    0    |
|----------|-----------------------|---------|---------|
|          |  trunc_ln35_1_fu_141  |    0    |    0    |
|   trunc  |   trunc_ln38_fu_171   |    0    |    0    |
|          |   trunc_ln35_fu_221   |    0    |    0    |
|----------|-----------------------|---------|---------|
| bitselect|       tmp_fu_145      |    0    |    0    |
|----------|-----------------------|---------|---------|
|          |     and_ln_fu_153     |    0    |    0    |
|bitconcatenate|      tmp_1_fu_225     |    0    |    0    |
|          | udiv_cast_cast_fu_237 |    0    |    0    |
|----------|-----------------------|---------|---------|
|          |    zext_ln38_fu_161   |    0    |    0    |
|          |   zext_ln38_2_fu_175  |    0    |    0    |
|   zext   |   zext_ln38_3_fu_179  |    0    |    0    |
|          |   zext_ln38_1_fu_232  |    0    |    0    |
|          |   zext_ln38_4_fu_244  |    0    |    0    |
|----------|-----------------------|---------|---------|
|   Total  |                       |    0    |   209   |
|----------|-----------------------|---------|---------|

Memories:
N/A

* Register list:
+----------------------+--------+
|                      |   FF   |
+----------------------+--------+
|       c_reg_260      |    4   |
|   icmp_ln35_reg_284  |    1   |
|indvar_flatten_reg_274|    7   |
|       r_reg_267      |    4   |
|   shl_ln38_reg_299   |   32   |
|      tmp_reg_294     |    1   |
| trunc_ln35_1_reg_289 |    2   |
+----------------------+--------+
|         Total        |   51   |
+----------------------+--------+

* Multiplexer (MUX) list: 
|--------|------|------|------|--------|
|  Comp  |  Pin | Size |  BW  | S x BW |
|--------|------|------|------|--------|
|  Total |      |      |      |    0   |
|--------|------|------|------|--------|



* Summary:
+-----------+--------+--------+
|           |   FF   |   LUT  |
+-----------+--------+--------+
|  Function |    0   |   209  |
|   Memory  |    -   |    -   |
|Multiplexer|    -   |    -   |
|  Register |   51   |    -   |
+-----------+--------+--------+
|   Total   |   51   |   209  |
+-----------+--------+--------+
