

================================================================
== Vitis HLS Report for 'Loop_VITIS_LOOP_39_1_proc1'
================================================================
* Date:           Tue Feb 11 19:25:28 2025

* Version:        2022.1 (Build 3526262 on Mon Apr 18 15:48:16 MDT 2022)
* Project:        ECE423_Lab2
* Solution:       solution1 (Vivado IP Flow Target)
* Product family: zynq
* Target device:  xc7z020-clg400-1


================================================================
== Performance Estimates
================================================================
+ Timing: 
    * Summary: 
    +--------+----------+----------+------------+
    |  Clock |  Target  | Estimated| Uncertainty|
    +--------+----------+----------+------------+
    |ap_clk  |  10.00 ns|  7.242 ns|     1.25 ns|
    +--------+----------+----------+------------+

+ Latency: 
    * Summary: 
    +---------+---------+----------+----------+-----+-----+---------+
    |  Latency (cycles) |  Latency (absolute) |  Interval | Pipeline|
    |   min   |   max   |    min   |    max   | min | max |   Type  |
    +---------+---------+----------+----------+-----+-----+---------+
    |       66|       66|  0.660 us|  0.660 us|   66|   66|       no|
    +---------+---------+----------+----------+-----+-----+---------+

    + Detail: 
        * Instance: 
        N/A

        * Loop: 
        +---------------------------------+---------+---------+----------+-----------+-----------+------+----------+
        |                                 |  Latency (cycles) | Iteration|  Initiation Interval  | Trip |          |
        |            Loop Name            |   min   |   max   |  Latency |  achieved |   target  | Count| Pipelined|
        +---------------------------------+---------+---------+----------+-----------+-----------+------+----------+
        |- VITIS_LOOP_39_1_DCAC_col_copy  |       64|       64|         2|          1|          1|    64|       yes|
        +---------------------------------+---------+---------+----------+-----------+-----------+------+----------+

============================================================
+ Verbose Summary: Synthesis Manager
============================================================
InlineROM: 1
ExposeGlobal: 0
============================================================
+ Verbose Summary: CDFG Model
============================================================
IsTopModel: 0
ResetActiveHigh: 1
IsCombinational: 2
IsDatapathOnly: 0
HasWiredReturn: 1
HasMFsm: 2
HasVarLatency: 1
IsPipeline: 0
IsRtlPipelined: 0
IsInstanceOverlapped: 0
IsDontTouch: 0
HasImplIP: 0
IsGatedGlobalClock: 0

+ Individual pipeline summary: 
  * Pipeline-0: initiation interval (II) = 1, depth = 2


============================================================
+ Verbose Summary: Schedule
============================================================
* Number of FSM states : 2
* Pipeline : 1
  Pipeline-0 : II = 1, D = 2, States = { 1 2 }
* Dataflow Pipeline: 0

* FSM state transitions: 
1 --> 2 
2 --> 

* FSM state operations: 

State 1 <SV = 0> <Delay = 5.64>
ST_1 : Operation 5 [1/1] (0.00ns)   --->   "%c = alloca i32 1"   --->   Operation 5 'alloca' 'c' <Predicate = true> <Delay = 0.00>
ST_1 : Operation 6 [1/1] (0.00ns)   --->   "%r = alloca i32 1"   --->   Operation 6 'alloca' 'r' <Predicate = true> <Delay = 0.00>
ST_1 : Operation 7 [1/1] (0.00ns)   --->   "%indvar_flatten = alloca i32 1"   --->   Operation 7 'alloca' 'indvar_flatten' <Predicate = true> <Delay = 0.00>
ST_1 : Operation 8 [1/1] (0.00ns)   --->   "%specinterface_ln0 = specinterface void @_ssdm_op_SpecInterface, i16 %DCAC, void @empty_0, i32 1, i32 1, void @empty_1, i32 0, i32 0, void @empty, void @empty, void @empty, i32 0, i32 0, i32 0, i32 0, void @empty, void @empty, i32 4294967295, i32 0"   --->   Operation 8 'specinterface' 'specinterface_ln0' <Predicate = true> <Delay = 0.00>
ST_1 : Operation 9 [1/1] (1.58ns)   --->   "%store_ln0 = store i7 0, i7 %indvar_flatten"   --->   Operation 9 'store' 'store_ln0' <Predicate = true> <Delay = 1.58>
ST_1 : Operation 11 [1/1] (1.58ns)   --->   "%store_ln0 = store i4 0, i4 %c"   --->   Operation 11 'store' 'store_ln0' <Predicate = true> <Delay = 1.58>
ST_1 : Operation 12 [1/1] (0.00ns)   --->   "%br_ln0 = br void %for.inc.i.i"   --->   Operation 12 'br' 'br_ln0' <Predicate = true> <Delay = 0.00>
ST_1 : Operation 13 [1/1] (0.00ns)   --->   "%indvar_flatten_load = load i7 %indvar_flatten" [../import_files/import_files/2D_idct.cpp:39]   --->   Operation 13 'load' 'indvar_flatten_load' <Predicate = true> <Delay = 0.00>
ST_1 : Operation 14 [1/1] (1.48ns)   --->   "%icmp_ln39 = icmp_eq  i7 %indvar_flatten_load, i7 64" [../import_files/import_files/2D_idct.cpp:39]   --->   Operation 14 'icmp' 'icmp_ln39' <Predicate = true> <Delay = 1.48> <CoreInst = "Cmp">   --->   Core 9 'Cmp' <Latency = 0> <II = 1> <Delay = 1.48> <FuncUnit> <Opcode : 'icmp'> <InPorts = 2> <OutPorts = 1>
ST_1 : Operation 15 [1/1] (1.87ns)   --->   "%add_ln39_1 = add i7 %indvar_flatten_load, i7 1" [../import_files/import_files/2D_idct.cpp:39]   --->   Operation 15 'add' 'add_ln39_1' <Predicate = true> <Delay = 1.87> <CoreInst = "Adder">   --->   Core 1 'Adder' <Latency = 0> <II = 1> <Delay = 1.87> <FuncUnit> <Opcode : 'add' 'sub'> <InPorts = 2> <OutPorts = 1>
ST_1 : Operation 16 [1/1] (0.00ns)   --->   "%br_ln39 = br i1 %icmp_ln39, void %for.inc11.i.i, void %idct_for.cond.i.exit.exitStub" [../import_files/import_files/2D_idct.cpp:39]   --->   Operation 16 'br' 'br_ln39' <Predicate = true> <Delay = 0.00>
ST_1 : Operation 17 [1/1] (0.00ns)   --->   "%c_load = load i4 %c" [../import_files/import_files/2D_idct.cpp:41]   --->   Operation 17 'load' 'c_load' <Predicate = (!icmp_ln39)> <Delay = 0.00>
ST_1 : Operation 18 [1/1] (1.30ns)   --->   "%icmp_ln41 = icmp_eq  i4 %c_load, i4 8" [../import_files/import_files/2D_idct.cpp:41]   --->   Operation 18 'icmp' 'icmp_ln41' <Predicate = (!icmp_ln39)> <Delay = 1.30> <CoreInst = "Cmp">   --->   Core 9 'Cmp' <Latency = 0> <II = 1> <Delay = 1.30> <FuncUnit> <Opcode : 'icmp'> <InPorts = 2> <OutPorts = 1>
ST_1 : Operation 19 [1/1] (1.02ns)   --->   "%select_ln39 = select i1 %icmp_ln41, i4 0, i4 %c_load" [../import_files/import_files/2D_idct.cpp:39]   --->   Operation 19 'select' 'select_ln39' <Predicate = (!icmp_ln39)> <Delay = 1.02> <CoreInst = "Sel">   --->   Core 73 'Sel' <Latency = 0> <II = 1> <Delay = 1.02> <FuncUnit> <Opcode : 'select'> <InPorts = 3> <OutPorts = 1>
ST_1 : Operation 20 [1/1] (0.00ns)   --->   "%trunc_ln41_1 = trunc i4 %select_ln39" [../import_files/import_files/2D_idct.cpp:41]   --->   Operation 20 'trunc' 'trunc_ln41_1' <Predicate = (!icmp_ln39)> <Delay = 0.00>
ST_1 : Operation 21 [1/1] (0.00ns)   --->   "%DCAC_read = read i16 @_ssdm_op_Read.axis.volatile.i16P128A, i16 %DCAC" [../import_files/import_files/2D_idct.cpp:44]   --->   Operation 21 'read' 'DCAC_read' <Predicate = (!icmp_ln39)> <Delay = 0.00> <CoreInst = "axis">   --->   Core 115 'axis' <Latency = 0> <II = 1> <Delay = 1.00> <Adapter> <Opcode : >
ST_1 : Operation 22 [1/1] (0.00ns)   --->   "%tmp = bitselect i1 @_ssdm_op_BitSelect.i1.i4.i32, i4 %select_ln39, i32 2" [../import_files/import_files/2D_idct.cpp:44]   --->   Operation 22 'bitselect' 'tmp' <Predicate = (!icmp_ln39)> <Delay = 0.00>
ST_1 : Operation 23 [1/1] (1.73ns)   --->   "%add_ln41 = add i4 %select_ln39, i4 1" [../import_files/import_files/2D_idct.cpp:41]   --->   Operation 23 'add' 'add_ln41' <Predicate = (!icmp_ln39)> <Delay = 1.73> <CoreInst = "Adder">   --->   Core 1 'Adder' <Latency = 0> <II = 1> <Delay = 1.73> <FuncUnit> <Opcode : 'add' 'sub'> <InPorts = 2> <OutPorts = 1>
ST_1 : Operation 24 [1/1] (1.58ns)   --->   "%store_ln41 = store i7 %add_ln39_1, i7 %indvar_flatten" [../import_files/import_files/2D_idct.cpp:41]   --->   Operation 24 'store' 'store_ln41' <Predicate = (!icmp_ln39)> <Delay = 1.58>
ST_1 : Operation 25 [1/1] (1.58ns)   --->   "%store_ln41 = store i4 %add_ln41, i4 %c" [../import_files/import_files/2D_idct.cpp:41]   --->   Operation 25 'store' 'store_ln41' <Predicate = (!icmp_ln39)> <Delay = 1.58>
ST_1 : Operation 48 [1/1] (0.00ns)   --->   "%ret_ln0 = ret"   --->   Operation 48 'ret' 'ret_ln0' <Predicate = (icmp_ln39)> <Delay = 0.00>

State 2 <SV = 1> <Delay = 7.24>
ST_2 : Operation 10 [1/1] (1.58ns)   --->   "%store_ln0 = store i4 0, i4 %r"   --->   Operation 10 'store' 'store_ln0' <Predicate = true> <Delay = 1.58>
ST_2 : Operation 26 [1/1] (0.00ns)   --->   "%r_load = load i4 %r" [../import_files/import_files/2D_idct.cpp:39]   --->   Operation 26 'load' 'r_load' <Predicate = true> <Delay = 0.00>
ST_2 : Operation 27 [1/1] (1.73ns)   --->   "%add_ln39 = add i4 %r_load, i4 1" [../import_files/import_files/2D_idct.cpp:39]   --->   Operation 27 'add' 'add_ln39' <Predicate = (icmp_ln41)> <Delay = 1.73> <CoreInst = "Adder">   --->   Core 1 'Adder' <Latency = 0> <II = 1> <Delay = 1.73> <FuncUnit> <Opcode : 'add' 'sub'> <InPorts = 2> <OutPorts = 1>
ST_2 : Operation 28 [1/1] (0.00ns)   --->   "%specloopname_ln0 = specloopname void @_ssdm_op_SpecLoopName, void @VITIS_LOOP_39_1_DCAC_col_copy_str"   --->   Operation 28 'specloopname' 'specloopname_ln0' <Predicate = true> <Delay = 0.00>
ST_2 : Operation 29 [1/1] (0.00ns)   --->   "%empty = speclooptripcount i32 @_ssdm_op_SpecLoopTripCount, i64 64, i64 64, i64 64"   --->   Operation 29 'speclooptripcount' 'empty' <Predicate = true> <Delay = 0.00>
ST_2 : Operation 30 [1/1] (1.02ns)   --->   "%select_ln39_1 = select i1 %icmp_ln41, i4 %add_ln39, i4 %r_load" [../import_files/import_files/2D_idct.cpp:39]   --->   Operation 30 'select' 'select_ln39_1' <Predicate = true> <Delay = 1.02> <CoreInst = "Sel">   --->   Core 73 'Sel' <Latency = 0> <II = 1> <Delay = 1.02> <FuncUnit> <Opcode : 'select'> <InPorts = 3> <OutPorts = 1>
ST_2 : Operation 31 [1/1] (0.00ns)   --->   "%trunc_ln41 = trunc i4 %select_ln39_1" [../import_files/import_files/2D_idct.cpp:41]   --->   Operation 31 'trunc' 'trunc_ln41' <Predicate = true> <Delay = 0.00>
ST_2 : Operation 32 [1/1] (0.00ns)   --->   "%specpipeline_ln43 = specpipeline void @_ssdm_op_SpecPipeline, i32 4294967295, i32 0, i32 0, i32 0, void @empty" [../import_files/import_files/2D_idct.cpp:43]   --->   Operation 32 'specpipeline' 'specpipeline_ln43' <Predicate = true> <Delay = 0.00>
ST_2 : Operation 33 [1/1] (0.00ns)   --->   "%specloopname_ln41 = specloopname void @_ssdm_op_SpecLoopName, void @empty_4" [../import_files/import_files/2D_idct.cpp:41]   --->   Operation 33 'specloopname' 'specloopname_ln41' <Predicate = true> <Delay = 0.00>
ST_2 : Operation 34 [1/1] (0.00ns)   --->   "%and_ln = bitconcatenate i5 @_ssdm_op_BitConcatenate.i5.i1.i4, i1 %tmp, i4 0" [../import_files/import_files/2D_idct.cpp:44]   --->   Operation 34 'bitconcatenate' 'and_ln' <Predicate = true> <Delay = 0.00>
ST_2 : Operation 35 [1/1] (0.00ns)   --->   "%tmp_1 = bitconcatenate i5 @_ssdm_op_BitConcatenate.i5.i3.i2, i3 %trunc_ln41, i2 %trunc_ln41_1" [../import_files/import_files/2D_idct.cpp:44]   --->   Operation 35 'bitconcatenate' 'tmp_1' <Predicate = true> <Delay = 0.00>
ST_2 : Operation 36 [1/1] (0.00ns)   --->   "%zext_ln44 = zext i5 %tmp_1" [../import_files/import_files/2D_idct.cpp:44]   --->   Operation 36 'zext' 'zext_ln44' <Predicate = true> <Delay = 0.00>
ST_2 : Operation 37 [1/1] (0.00ns)   --->   "%DCAC_temp_addr = getelementptr i32 %DCAC_temp, i64 0, i64 %zext_ln44" [../import_files/import_files/2D_idct.cpp:44]   --->   Operation 37 'getelementptr' 'DCAC_temp_addr' <Predicate = true> <Delay = 0.00>
ST_2 : Operation 38 [1/1] (0.00ns)   --->   "%zext_ln44_1 = zext i5 %and_ln" [../import_files/import_files/2D_idct.cpp:44]   --->   Operation 38 'zext' 'zext_ln44_1' <Predicate = true> <Delay = 0.00>
ST_2 : Operation 39 [1/1] (0.00ns)   --->   "%zext_ln44_2 = zext i16 %DCAC_read" [../import_files/import_files/2D_idct.cpp:44]   --->   Operation 39 'zext' 'zext_ln44_2' <Predicate = true> <Delay = 0.00>
ST_2 : Operation 40 [1/1] (3.98ns)   --->   "%shl_ln44 = shl i32 %zext_ln44_2, i32 %zext_ln44_1" [../import_files/import_files/2D_idct.cpp:44]   --->   Operation 40 'shl' 'shl_ln44' <Predicate = true> <Delay = 3.98> <CoreInst = "Shifter">   --->   Core 75 'Shifter' <Latency = 0> <II = 1> <Delay = 3.98> <FuncUnit> <Opcode : 'shl' 'lshr' 'ashr'> <InPorts = 2> <OutPorts = 1>
ST_2 : Operation 41 [1/1] (0.00ns)   --->   "%specbramwithbyteenable_ln44 = specbramwithbyteenable void @_ssdm_op_SpecBRAMWithByteEnable, i32 %DCAC_temp" [../import_files/import_files/2D_idct.cpp:44]   --->   Operation 41 'specbramwithbyteenable' 'specbramwithbyteenable_ln44' <Predicate = true> <Delay = 0.00>
ST_2 : Operation 42 [1/1] (0.00ns)   --->   "%udiv_cast_cast = bitconcatenate i2 @_ssdm_op_BitConcatenate.i2.i1.i1, i1 %tmp, i1 0" [../import_files/import_files/2D_idct.cpp:44]   --->   Operation 42 'bitconcatenate' 'udiv_cast_cast' <Predicate = true> <Delay = 0.00>
ST_2 : Operation 43 [1/1] (0.00ns)   --->   "%zext_ln44_3 = zext i2 %udiv_cast_cast" [../import_files/import_files/2D_idct.cpp:44]   --->   Operation 43 'zext' 'zext_ln44_3' <Predicate = true> <Delay = 0.00>
ST_2 : Operation 44 [1/1] (2.12ns)   --->   "%shl_ln44_1 = shl i4 3, i4 %zext_ln44_3" [../import_files/import_files/2D_idct.cpp:44]   --->   Operation 44 'shl' 'shl_ln44_1' <Predicate = true> <Delay = 2.12> <CoreInst = "Shifter">   --->   Core 75 'Shifter' <Latency = 0> <II = 1> <Delay = 2.12> <FuncUnit> <Opcode : 'shl' 'lshr' 'ashr'> <InPorts = 2> <OutPorts = 1>
ST_2 : Operation 45 [1/1] (3.25ns)   --->   "%store_ln44 = store void @_ssdm_op_Write.bram.i32, i5 %DCAC_temp_addr, i32 %shl_ln44, i4 %shl_ln44_1" [../import_files/import_files/2D_idct.cpp:44]   --->   Operation 45 'store' 'store_ln44' <Predicate = true> <Delay = 3.25> <CoreInst = "RAM">   --->   Core 82 'RAM' <Latency = 1> <II = 1> <Delay = 3.25> <Storage> <Opcode : 'load' 'store'> <Ports = 2> <Width = 32> <Depth = 32> <RAM>
ST_2 : Operation 46 [1/1] (1.58ns)   --->   "%store_ln41 = store i4 %select_ln39_1, i4 %r" [../import_files/import_files/2D_idct.cpp:41]   --->   Operation 46 'store' 'store_ln41' <Predicate = true> <Delay = 1.58>
ST_2 : Operation 47 [1/1] (0.00ns)   --->   "%br_ln41 = br void %for.inc.i.i" [../import_files/import_files/2D_idct.cpp:41]   --->   Operation 47 'br' 'br_ln41' <Predicate = true> <Delay = 0.00>


============================================================
+ Verbose Summary: Timing violations
============================================================
Target clock period: 10ns, clock uncertainty: 1.25ns.

 <State 1>: 5.65ns
The critical path consists of the following:
	'alloca' operation ('c') [3]  (0 ns)
	'load' operation ('c_load', ../import_files/import_files/2D_idct.cpp:41) on local variable 'c' [17]  (0 ns)
	'icmp' operation ('icmp_ln41', ../import_files/import_files/2D_idct.cpp:41) [22]  (1.3 ns)
	'select' operation ('select_ln39', ../import_files/import_files/2D_idct.cpp:39) [23]  (1.02 ns)
	'add' operation ('add_ln41', ../import_files/import_files/2D_idct.cpp:41) [43]  (1.74 ns)
	'store' operation ('store_ln41', ../import_files/import_files/2D_idct.cpp:41) of variable 'add_ln41', ../import_files/import_files/2D_idct.cpp:41 on local variable 'c' [46]  (1.59 ns)

 <State 2>: 7.24ns
The critical path consists of the following:
	'shl' operation ('shl_ln44', ../import_files/import_files/2D_idct.cpp:44) [37]  (3.99 ns)
	'store' operation ('store_ln44', ../import_files/import_files/2D_idct.cpp:44) of constant <constant:_ssdm_op_Write.bram.i32> on array 'DCAC_temp' [42]  (3.25 ns)


============================================================
+ Verbose Summary: Binding
============================================================
N/A
* FSMD analyzer results:
  - Output states:
 - Input state : 
  - Chain level:
	State 1
	State 2


============================================================
+ Verbose Summary: Datapath Resource usage 
============================================================
N/A
