

================================================================
== Vitis HLS Report for 'Loop_VITIS_LOOP_38_1_proc1'
================================================================
* Date:           Wed Feb  5 18:39:04 2025

* Version:        2022.1 (Build 3526262 on Mon Apr 18 15:48:16 MDT 2022)
* Project:        ECE423_Lab2
* Solution:       solution1 (Vivado IP Flow Target)
* Product family: zynq
* Target device:  xc7z020-clg400-1


================================================================
== Performance Estimates
================================================================
+ Timing: 
    * Summary: 
    +--------+----------+----------+------------+
    |  Clock |  Target  | Estimated| Uncertainty|
    +--------+----------+----------+------------+
    |ap_clk  |  10.00 ns|  7.242 ns|     1.25 ns|
    +--------+----------+----------+------------+

+ Latency: 
    * Summary: 
    +---------+---------+----------+----------+-----+-----+---------+
    |  Latency (cycles) |  Latency (absolute) |  Interval | Pipeline|
    |   min   |   max   |    min   |    max   | min | max |   Type  |
    +---------+---------+----------+----------+-----+-----+---------+
    |       66|       66|  0.660 us|  0.660 us|   66|   66|       no|
    +---------+---------+----------+----------+-----+-----+---------+

    + Detail: 
        * Instance: 
        N/A

        * Loop: 
        +---------------------------------+---------+---------+----------+-----------+-----------+------+----------+
        |                                 |  Latency (cycles) | Iteration|  Initiation Interval  | Trip |          |
        |            Loop Name            |   min   |   max   |  Latency |  achieved |   target  | Count| Pipelined|
        +---------------------------------+---------+---------+----------+-----------+-----------+------+----------+
        |- VITIS_LOOP_38_1_DCAC_col_copy  |       64|       64|         2|          1|          1|    64|       yes|
        +---------------------------------+---------+---------+----------+-----------+-----------+------+----------+

============================================================
+ Verbose Summary: Synthesis Manager
============================================================
InlineROM: 1
ExposeGlobal: 0
============================================================
+ Verbose Summary: CDFG Model
============================================================
IsTopModel: 0
ResetActiveHigh: 1
IsCombinational: 2
IsDatapathOnly: 0
HasWiredReturn: 1
HasMFsm: 2
HasVarLatency: 1
IsPipeline: 0
IsRtlPipelined: 0
IsInstanceOverlapped: 0
IsDontTouch: 0
HasImplIP: 0
IsGatedGlobalClock: 0

+ Individual pipeline summary: 
  * Pipeline-0: initiation interval (II) = 1, depth = 2


============================================================
+ Verbose Summary: Schedule
============================================================
* Number of FSM states : 2
* Pipeline : 1
  Pipeline-0 : II = 1, D = 2, States = { 1 2 }
* Dataflow Pipeline: 0

* FSM state transitions: 
1 --> 2 
2 --> 

* FSM state operations: 

State 1 <SV = 0> <Delay = 5.64>
ST_1 : Operation 5 [1/1] (0.00ns)   --->   "%c = alloca i32 1"   --->   Operation 5 'alloca' 'c' <Predicate = true> <Delay = 0.00>
ST_1 : Operation 6 [1/1] (0.00ns)   --->   "%r = alloca i32 1"   --->   Operation 6 'alloca' 'r' <Predicate = true> <Delay = 0.00>
ST_1 : Operation 7 [1/1] (0.00ns)   --->   "%indvar_flatten = alloca i32 1"   --->   Operation 7 'alloca' 'indvar_flatten' <Predicate = true> <Delay = 0.00>
ST_1 : Operation 8 [1/1] (0.00ns)   --->   "%specinterface_ln0 = specinterface void @_ssdm_op_SpecInterface, i16 %DCAC, void @empty_0, i32 1, i32 1, void @empty_1, i32 0, i32 0, void @empty, void @empty, void @empty, i32 0, i32 0, i32 0, i32 0, void @empty, void @empty, i32 4294967295, i32 0"   --->   Operation 8 'specinterface' 'specinterface_ln0' <Predicate = true> <Delay = 0.00>
ST_1 : Operation 9 [1/1] (1.58ns)   --->   "%store_ln0 = store i7 0, i7 %indvar_flatten"   --->   Operation 9 'store' 'store_ln0' <Predicate = true> <Delay = 1.58>
ST_1 : Operation 11 [1/1] (1.58ns)   --->   "%store_ln0 = store i4 0, i4 %c"   --->   Operation 11 'store' 'store_ln0' <Predicate = true> <Delay = 1.58>
ST_1 : Operation 12 [1/1] (0.00ns)   --->   "%br_ln0 = br void %for.inc.i.i"   --->   Operation 12 'br' 'br_ln0' <Predicate = true> <Delay = 0.00>
ST_1 : Operation 13 [1/1] (0.00ns)   --->   "%indvar_flatten_load = load i7 %indvar_flatten" [../import_files/import_files/2D_idct.cpp:38]   --->   Operation 13 'load' 'indvar_flatten_load' <Predicate = true> <Delay = 0.00>
ST_1 : Operation 14 [1/1] (0.00ns)   --->   "%specpipeline_ln0 = specpipeline void @_ssdm_op_SpecPipeline, i32 4294967295, i32 0, i32 1, i32 0, void @p_str"   --->   Operation 14 'specpipeline' 'specpipeline_ln0' <Predicate = true> <Delay = 0.00>
ST_1 : Operation 15 [1/1] (1.48ns)   --->   "%icmp_ln38 = icmp_eq  i7 %indvar_flatten_load, i7 64" [../import_files/import_files/2D_idct.cpp:38]   --->   Operation 15 'icmp' 'icmp_ln38' <Predicate = true> <Delay = 1.48> <CoreInst = "Cmp">   --->   Core 9 'Cmp' <Latency = 0> <II = 1> <Delay = 1.48> <FuncUnit> <Opcode : 'icmp'> <InPorts = 2> <OutPorts = 1>
ST_1 : Operation 16 [1/1] (1.87ns)   --->   "%add_ln38_1 = add i7 %indvar_flatten_load, i7 1" [../import_files/import_files/2D_idct.cpp:38]   --->   Operation 16 'add' 'add_ln38_1' <Predicate = true> <Delay = 1.87> <CoreInst = "Adder">   --->   Core 1 'Adder' <Latency = 0> <II = 1> <Delay = 1.87> <FuncUnit> <Opcode : 'add' 'sub'> <InPorts = 2> <OutPorts = 1>
ST_1 : Operation 17 [1/1] (0.00ns)   --->   "%br_ln38 = br i1 %icmp_ln38, void %for.inc11.i.i, void %for.inc130.exitStub" [../import_files/import_files/2D_idct.cpp:38]   --->   Operation 17 'br' 'br_ln38' <Predicate = true> <Delay = 0.00>
ST_1 : Operation 18 [1/1] (0.00ns)   --->   "%c_load = load i4 %c" [../import_files/import_files/2D_idct.cpp:40]   --->   Operation 18 'load' 'c_load' <Predicate = (!icmp_ln38)> <Delay = 0.00>
ST_1 : Operation 19 [1/1] (1.30ns)   --->   "%icmp_ln40 = icmp_eq  i4 %c_load, i4 8" [../import_files/import_files/2D_idct.cpp:40]   --->   Operation 19 'icmp' 'icmp_ln40' <Predicate = (!icmp_ln38)> <Delay = 1.30> <CoreInst = "Cmp">   --->   Core 9 'Cmp' <Latency = 0> <II = 1> <Delay = 1.30> <FuncUnit> <Opcode : 'icmp'> <InPorts = 2> <OutPorts = 1>
ST_1 : Operation 20 [1/1] (1.02ns)   --->   "%select_ln38 = select i1 %icmp_ln40, i4 0, i4 %c_load" [../import_files/import_files/2D_idct.cpp:38]   --->   Operation 20 'select' 'select_ln38' <Predicate = (!icmp_ln38)> <Delay = 1.02> <CoreInst = "Sel">   --->   Core 73 'Sel' <Latency = 0> <II = 1> <Delay = 1.02> <FuncUnit> <Opcode : 'select'> <InPorts = 3> <OutPorts = 1>
ST_1 : Operation 21 [1/1] (0.00ns)   --->   "%empty_61 = trunc i4 %select_ln38" [../import_files/import_files/2D_idct.cpp:38]   --->   Operation 21 'trunc' 'empty_61' <Predicate = (!icmp_ln38)> <Delay = 0.00>
ST_1 : Operation 22 [1/1] (0.00ns)   --->   "%DCAC_read = read i16 @_ssdm_op_Read.axis.volatile.i16P128A, i16 %DCAC" [../import_files/import_files/2D_idct.cpp:43]   --->   Operation 22 'read' 'DCAC_read' <Predicate = (!icmp_ln38)> <Delay = 0.00> <CoreInst = "axis">   --->   Core 115 'axis' <Latency = 0> <II = 1> <Delay = 1.00> <Adapter> <Opcode : >
ST_1 : Operation 23 [1/1] (0.00ns)   --->   "%tmp = bitselect i1 @_ssdm_op_BitSelect.i1.i4.i32, i4 %select_ln38, i32 2" [../import_files/import_files/2D_idct.cpp:43]   --->   Operation 23 'bitselect' 'tmp' <Predicate = (!icmp_ln38)> <Delay = 0.00>
ST_1 : Operation 24 [1/1] (1.73ns)   --->   "%add_ln40 = add i4 %select_ln38, i4 1" [../import_files/import_files/2D_idct.cpp:40]   --->   Operation 24 'add' 'add_ln40' <Predicate = (!icmp_ln38)> <Delay = 1.73> <CoreInst = "Adder">   --->   Core 1 'Adder' <Latency = 0> <II = 1> <Delay = 1.73> <FuncUnit> <Opcode : 'add' 'sub'> <InPorts = 2> <OutPorts = 1>
ST_1 : Operation 25 [1/1] (1.58ns)   --->   "%store_ln40 = store i7 %add_ln38_1, i7 %indvar_flatten" [../import_files/import_files/2D_idct.cpp:40]   --->   Operation 25 'store' 'store_ln40' <Predicate = (!icmp_ln38)> <Delay = 1.58>
ST_1 : Operation 26 [1/1] (1.58ns)   --->   "%store_ln40 = store i4 %add_ln40, i4 %c" [../import_files/import_files/2D_idct.cpp:40]   --->   Operation 26 'store' 'store_ln40' <Predicate = (!icmp_ln38)> <Delay = 1.58>
ST_1 : Operation 49 [1/1] (0.00ns)   --->   "%ret_ln0 = ret"   --->   Operation 49 'ret' 'ret_ln0' <Predicate = (icmp_ln38)> <Delay = 0.00>

State 2 <SV = 1> <Delay = 7.24>
ST_2 : Operation 10 [1/1] (1.58ns)   --->   "%store_ln0 = store i4 0, i4 %r"   --->   Operation 10 'store' 'store_ln0' <Predicate = true> <Delay = 1.58>
ST_2 : Operation 27 [1/1] (0.00ns)   --->   "%r_load = load i4 %r" [../import_files/import_files/2D_idct.cpp:38]   --->   Operation 27 'load' 'r_load' <Predicate = true> <Delay = 0.00>
ST_2 : Operation 28 [1/1] (1.73ns)   --->   "%add_ln38 = add i4 %r_load, i4 1" [../import_files/import_files/2D_idct.cpp:38]   --->   Operation 28 'add' 'add_ln38' <Predicate = (icmp_ln40)> <Delay = 1.73> <CoreInst = "Adder">   --->   Core 1 'Adder' <Latency = 0> <II = 1> <Delay = 1.73> <FuncUnit> <Opcode : 'add' 'sub'> <InPorts = 2> <OutPorts = 1>
ST_2 : Operation 29 [1/1] (0.00ns)   --->   "%specloopname_ln0 = specloopname void @_ssdm_op_SpecLoopName, void @VITIS_LOOP_38_1_DCAC_col_copy_str"   --->   Operation 29 'specloopname' 'specloopname_ln0' <Predicate = true> <Delay = 0.00>
ST_2 : Operation 30 [1/1] (0.00ns)   --->   "%empty = speclooptripcount i32 @_ssdm_op_SpecLoopTripCount, i64 64, i64 64, i64 64"   --->   Operation 30 'speclooptripcount' 'empty' <Predicate = true> <Delay = 0.00>
ST_2 : Operation 31 [1/1] (1.02ns)   --->   "%select_ln38_1 = select i1 %icmp_ln40, i4 %add_ln38, i4 %r_load" [../import_files/import_files/2D_idct.cpp:38]   --->   Operation 31 'select' 'select_ln38_1' <Predicate = true> <Delay = 1.02> <CoreInst = "Sel">   --->   Core 73 'Sel' <Latency = 0> <II = 1> <Delay = 1.02> <FuncUnit> <Opcode : 'select'> <InPorts = 3> <OutPorts = 1>
ST_2 : Operation 32 [1/1] (0.00ns)   --->   "%empty_60 = trunc i4 %select_ln38_1" [../import_files/import_files/2D_idct.cpp:38]   --->   Operation 32 'trunc' 'empty_60' <Predicate = true> <Delay = 0.00>
ST_2 : Operation 33 [1/1] (0.00ns)   --->   "%specpipeline_ln0 = specpipeline void @_ssdm_op_SpecPipeline, i32 4294967295, i32 0, i32 1, i32 0, void @p_str"   --->   Operation 33 'specpipeline' 'specpipeline_ln0' <Predicate = true> <Delay = 0.00>
ST_2 : Operation 34 [1/1] (0.00ns)   --->   "%specloopname_ln40 = specloopname void @_ssdm_op_SpecLoopName, void @empty_6" [../import_files/import_files/2D_idct.cpp:40]   --->   Operation 34 'specloopname' 'specloopname_ln40' <Predicate = true> <Delay = 0.00>
ST_2 : Operation 35 [1/1] (0.00ns)   --->   "%and_ln = bitconcatenate i5 @_ssdm_op_BitConcatenate.i5.i1.i4, i1 %tmp, i4 0" [../import_files/import_files/2D_idct.cpp:43]   --->   Operation 35 'bitconcatenate' 'and_ln' <Predicate = true> <Delay = 0.00>
ST_2 : Operation 36 [1/1] (0.00ns)   --->   "%tmp_s = bitconcatenate i5 @_ssdm_op_BitConcatenate.i5.i3.i2, i3 %empty_60, i2 %empty_61" [../import_files/import_files/2D_idct.cpp:43]   --->   Operation 36 'bitconcatenate' 'tmp_s' <Predicate = true> <Delay = 0.00>
ST_2 : Operation 37 [1/1] (0.00ns)   --->   "%zext_ln43 = zext i5 %tmp_s" [../import_files/import_files/2D_idct.cpp:43]   --->   Operation 37 'zext' 'zext_ln43' <Predicate = true> <Delay = 0.00>
ST_2 : Operation 38 [1/1] (0.00ns)   --->   "%DCAC_temp_addr = getelementptr i32 %DCAC_temp, i64 0, i64 %zext_ln43" [../import_files/import_files/2D_idct.cpp:43]   --->   Operation 38 'getelementptr' 'DCAC_temp_addr' <Predicate = true> <Delay = 0.00>
ST_2 : Operation 39 [1/1] (0.00ns)   --->   "%zext_ln43_1 = zext i5 %and_ln" [../import_files/import_files/2D_idct.cpp:43]   --->   Operation 39 'zext' 'zext_ln43_1' <Predicate = true> <Delay = 0.00>
ST_2 : Operation 40 [1/1] (0.00ns)   --->   "%zext_ln43_2 = zext i16 %DCAC_read" [../import_files/import_files/2D_idct.cpp:43]   --->   Operation 40 'zext' 'zext_ln43_2' <Predicate = true> <Delay = 0.00>
ST_2 : Operation 41 [1/1] (3.98ns)   --->   "%shl_ln43 = shl i32 %zext_ln43_2, i32 %zext_ln43_1" [../import_files/import_files/2D_idct.cpp:43]   --->   Operation 41 'shl' 'shl_ln43' <Predicate = true> <Delay = 3.98> <CoreInst = "Shifter">   --->   Core 75 'Shifter' <Latency = 0> <II = 1> <Delay = 3.98> <FuncUnit> <Opcode : 'shl' 'lshr' 'ashr'> <InPorts = 2> <OutPorts = 1>
ST_2 : Operation 42 [1/1] (0.00ns)   --->   "%specbramwithbyteenable_ln43 = specbramwithbyteenable void @_ssdm_op_SpecBRAMWithByteEnable, i32 %DCAC_temp" [../import_files/import_files/2D_idct.cpp:43]   --->   Operation 42 'specbramwithbyteenable' 'specbramwithbyteenable_ln43' <Predicate = true> <Delay = 0.00>
ST_2 : Operation 43 [1/1] (0.00ns)   --->   "%udiv_cast_cast = bitconcatenate i2 @_ssdm_op_BitConcatenate.i2.i1.i1, i1 %tmp, i1 0" [../import_files/import_files/2D_idct.cpp:43]   --->   Operation 43 'bitconcatenate' 'udiv_cast_cast' <Predicate = true> <Delay = 0.00>
ST_2 : Operation 44 [1/1] (0.00ns)   --->   "%zext_ln43_3 = zext i2 %udiv_cast_cast" [../import_files/import_files/2D_idct.cpp:43]   --->   Operation 44 'zext' 'zext_ln43_3' <Predicate = true> <Delay = 0.00>
ST_2 : Operation 45 [1/1] (2.12ns)   --->   "%shl_ln43_1 = shl i4 3, i4 %zext_ln43_3" [../import_files/import_files/2D_idct.cpp:43]   --->   Operation 45 'shl' 'shl_ln43_1' <Predicate = true> <Delay = 2.12> <CoreInst = "Shifter">   --->   Core 75 'Shifter' <Latency = 0> <II = 1> <Delay = 2.12> <FuncUnit> <Opcode : 'shl' 'lshr' 'ashr'> <InPorts = 2> <OutPorts = 1>
ST_2 : Operation 46 [1/1] (3.25ns)   --->   "%store_ln43 = store void @_ssdm_op_Write.bram.i32, i5 %DCAC_temp_addr, i32 %shl_ln43, i4 %shl_ln43_1" [../import_files/import_files/2D_idct.cpp:43]   --->   Operation 46 'store' 'store_ln43' <Predicate = true> <Delay = 3.25> <CoreInst = "RAM">   --->   Core 82 'RAM' <Latency = 1> <II = 1> <Delay = 3.25> <Storage> <Opcode : 'load' 'store'> <Ports = 2> <Width = 32> <Depth = 32> <RAM>
ST_2 : Operation 47 [1/1] (1.58ns)   --->   "%store_ln40 = store i4 %select_ln38_1, i4 %r" [../import_files/import_files/2D_idct.cpp:40]   --->   Operation 47 'store' 'store_ln40' <Predicate = true> <Delay = 1.58>
ST_2 : Operation 48 [1/1] (0.00ns)   --->   "%br_ln40 = br void %for.inc.i.i" [../import_files/import_files/2D_idct.cpp:40]   --->   Operation 48 'br' 'br_ln40' <Predicate = true> <Delay = 0.00>


============================================================
+ Verbose Summary: Binding
============================================================
STG Binding: 
---------------- STG Properties BEGIN ----------------
- Is combinational: 0
- Is one-state seq: 0
- Is datapath-only: 0
- Is pipelined: 0
- Is top level: 0
Port [ Return ] is wired: 1; IO mode=ap_ctrl_hs:ce=0
Port [ DCAC]:  wired=1; compound=1; hidden=0; nouse=0; global=0; static=0; extern=0; dir=0; type=0; pingpong=0; private_global=0; IO mode=axis:ce=0
Port [ DCAC_temp]:  wired=1; compound=1; hidden=0; nouse=0; global=0; static=0; extern=0; dir=1; type=1; pingpong=1; private_global=0; MemPort=[03]; IO mode=ap_memory:ce=0
---------------- STG Properties END ------------------

---------------- Datapath Model BEGIN ----------------

<LifeTime>
<method=bitvector/>
c                           (alloca                ) [ 010]
r                           (alloca                ) [ 011]
indvar_flatten              (alloca                ) [ 010]
specinterface_ln0           (specinterface         ) [ 000]
store_ln0                   (store                 ) [ 000]
store_ln0                   (store                 ) [ 000]
store_ln0                   (store                 ) [ 000]
br_ln0                      (br                    ) [ 000]
indvar_flatten_load         (load                  ) [ 000]
specpipeline_ln0            (specpipeline          ) [ 000]
icmp_ln38                   (icmp                  ) [ 010]
add_ln38_1                  (add                   ) [ 000]
br_ln38                     (br                    ) [ 000]
c_load                      (load                  ) [ 000]
icmp_ln40                   (icmp                  ) [ 011]
select_ln38                 (select                ) [ 000]
empty_61                    (trunc                 ) [ 011]
DCAC_read                   (read                  ) [ 011]
tmp                         (bitselect             ) [ 011]
add_ln40                    (add                   ) [ 000]
store_ln40                  (store                 ) [ 000]
store_ln40                  (store                 ) [ 000]
r_load                      (load                  ) [ 000]
add_ln38                    (add                   ) [ 000]
specloopname_ln0            (specloopname          ) [ 000]
empty                       (speclooptripcount     ) [ 000]
select_ln38_1               (select                ) [ 000]
empty_60                    (trunc                 ) [ 000]
specpipeline_ln0            (specpipeline          ) [ 000]
specloopname_ln40           (specloopname          ) [ 000]
and_ln                      (bitconcatenate        ) [ 000]
tmp_s                       (bitconcatenate        ) [ 000]
zext_ln43                   (zext                  ) [ 000]
DCAC_temp_addr              (getelementptr         ) [ 000]
zext_ln43_1                 (zext                  ) [ 000]
zext_ln43_2                 (zext                  ) [ 000]
shl_ln43                    (shl                   ) [ 000]
specbramwithbyteenable_ln43 (specbramwithbyteenable) [ 000]
udiv_cast_cast              (bitconcatenate        ) [ 000]
zext_ln43_3                 (zext                  ) [ 000]
shl_ln43_1                  (shl                   ) [ 000]
store_ln43                  (store                 ) [ 000]
store_ln40                  (store                 ) [ 000]
br_ln40                     (br                    ) [ 000]
ret_ln0                     (ret                   ) [ 000]
</LifeTime>

<model>

<comp_list>
<comp id="0" class="1000" name="DCAC">
<pin_list>
<pin id="1" dir="1" index="0" bw="1" slack="0"/>
</pin_list>
<bind>
<StgValue><ssdm name="DCAC"/></StgValue>
</bind>
</comp>

<comp id="2" class="1000" name="DCAC_temp">
<pin_list>
<pin id="3" dir="1" index="0" bw="1" slack="0"/>
</pin_list>
<bind>
<StgValue><ssdm name="DCAC_temp"/><MemPortTyVec>0 3 </MemPortTyVec>
</StgValue>
</bind>
</comp>

<comp id="4" class="1001" name="const_4">
<pin_list>
<pin id="5" dir="1" index="0" bw="1" slack="0"/>
</pin_list>
<bind>
<StgValue><ssdm name=""/></StgValue>
</bind>
</comp>

<comp id="6" class="1001" name="const_6">
<pin_list>
<pin id="7" dir="1" index="0" bw="1" slack="2147483647"/>
</pin_list>
<bind>
<StgValue><ssdm name="_ssdm_op_SpecInterface"/></StgValue>
</bind>
</comp>

<comp id="8" class="1001" name="const_8">
<pin_list>
<pin id="9" dir="1" index="0" bw="1" slack="2147483647"/>
</pin_list>
<bind>
<StgValue><ssdm name="empty_0"/></StgValue>
</bind>
</comp>

<comp id="10" class="1001" name="const_10">
<pin_list>
<pin id="11" dir="1" index="0" bw="1" slack="2147483647"/>
</pin_list>
<bind>
<StgValue><ssdm name="empty_1"/></StgValue>
</bind>
</comp>

<comp id="12" class="1001" name="const_12">
<pin_list>
<pin id="13" dir="1" index="0" bw="1" slack="2147483647"/>
</pin_list>
<bind>
<StgValue><ssdm name=""/></StgValue>
</bind>
</comp>

<comp id="14" class="1001" name="const_14">
<pin_list>
<pin id="15" dir="1" index="0" bw="1" slack="2147483647"/>
</pin_list>
<bind>
<StgValue><ssdm name="empty"/></StgValue>
</bind>
</comp>

<comp id="16" class="1001" name="const_16">
<pin_list>
<pin id="17" dir="1" index="0" bw="1" slack="2147483647"/>
</pin_list>
<bind>
<StgValue><ssdm name=""/></StgValue>
</bind>
</comp>

<comp id="18" class="1001" name="const_18">
<pin_list>
<pin id="19" dir="1" index="0" bw="1" slack="0"/>
</pin_list>
<bind>
<StgValue><ssdm name=""/></StgValue>
</bind>
</comp>

<comp id="20" class="1001" name="const_20">
<pin_list>
<pin id="21" dir="1" index="0" bw="1" slack="0"/>
</pin_list>
<bind>
<StgValue><ssdm name=""/></StgValue>
</bind>
</comp>

<comp id="22" class="1001" name="const_22">
<pin_list>
<pin id="23" dir="1" index="0" bw="1" slack="2147483647"/>
</pin_list>
<bind>
<StgValue><ssdm name="_ssdm_op_SpecPipeline"/></StgValue>
</bind>
</comp>

<comp id="24" class="1001" name="const_24">
<pin_list>
<pin id="25" dir="1" index="0" bw="1" slack="2147483647"/>
</pin_list>
<bind>
<StgValue><ssdm name="p_str"/></StgValue>
</bind>
</comp>

<comp id="26" class="1001" name="const_26">
<pin_list>
<pin id="27" dir="1" index="0" bw="1" slack="0"/>
</pin_list>
<bind>
<StgValue><ssdm name=""/></StgValue>
</bind>
</comp>

<comp id="28" class="1001" name="const_28">
<pin_list>
<pin id="29" dir="1" index="0" bw="1" slack="0"/>
</pin_list>
<bind>
<StgValue><ssdm name=""/></StgValue>
</bind>
</comp>

<comp id="30" class="1001" name="const_30">
<pin_list>
<pin id="31" dir="1" index="0" bw="1" slack="0"/>
</pin_list>
<bind>
<StgValue><ssdm name=""/></StgValue>
</bind>
</comp>

<comp id="32" class="1001" name="const_32">
<pin_list>
<pin id="33" dir="1" index="0" bw="1" slack="0"/>
</pin_list>
<bind>
<StgValue><ssdm name="_ssdm_op_Read.axis.volatile.i16P128A"/></StgValue>
</bind>
</comp>

<comp id="34" class="1001" name="const_34">
<pin_list>
<pin id="35" dir="1" index="0" bw="1" slack="0"/>
</pin_list>
<bind>
<StgValue><ssdm name="_ssdm_op_BitSelect.i1.i4.i32"/></StgValue>
</bind>
</comp>

<comp id="36" class="1001" name="const_36">
<pin_list>
<pin id="37" dir="1" index="0" bw="1" slack="0"/>
</pin_list>
<bind>
<StgValue><ssdm name=""/></StgValue>
</bind>
</comp>

<comp id="38" class="1001" name="const_38">
<pin_list>
<pin id="39" dir="1" index="0" bw="1" slack="0"/>
</pin_list>
<bind>
<StgValue><ssdm name=""/></StgValue>
</bind>
</comp>

<comp id="40" class="1001" name="const_40">
<pin_list>
<pin id="41" dir="1" index="0" bw="1" slack="2147483647"/>
</pin_list>
<bind>
<StgValue><ssdm name="_ssdm_op_SpecLoopName"/></StgValue>
</bind>
</comp>

<comp id="42" class="1001" name="const_42">
<pin_list>
<pin id="43" dir="1" index="0" bw="1" slack="2147483647"/>
</pin_list>
<bind>
<StgValue><ssdm name="VITIS_LOOP_38_1_DCAC_col_copy_str"/></StgValue>
</bind>
</comp>

<comp id="44" class="1001" name="const_44">
<pin_list>
<pin id="45" dir="1" index="0" bw="1" slack="2147483647"/>
</pin_list>
<bind>
<StgValue><ssdm name="_ssdm_op_SpecLoopTripCount"/></StgValue>
</bind>
</comp>

<comp id="46" class="1001" name="const_46">
<pin_list>
<pin id="47" dir="1" index="0" bw="1" slack="2147483647"/>
</pin_list>
<bind>
<StgValue><ssdm name=""/></StgValue>
</bind>
</comp>

<comp id="48" class="1001" name="const_48">
<pin_list>
<pin id="49" dir="1" index="0" bw="1" slack="2147483647"/>
</pin_list>
<bind>
<StgValue><ssdm name="empty_6"/></StgValue>
</bind>
</comp>

<comp id="50" class="1001" name="const_50">
<pin_list>
<pin id="51" dir="1" index="0" bw="1" slack="0"/>
</pin_list>
<bind>
<StgValue><ssdm name="_ssdm_op_BitConcatenate.i5.i1.i4"/></StgValue>
</bind>
</comp>

<comp id="52" class="1001" name="const_52">
<pin_list>
<pin id="53" dir="1" index="0" bw="1" slack="0"/>
</pin_list>
<bind>
<StgValue><ssdm name="_ssdm_op_BitConcatenate.i5.i3.i2"/></StgValue>
</bind>
</comp>

<comp id="54" class="1001" name="const_54">
<pin_list>
<pin id="55" dir="1" index="0" bw="1" slack="0"/>
</pin_list>
<bind>
<StgValue><ssdm name=""/></StgValue>
</bind>
</comp>

<comp id="56" class="1001" name="const_56">
<pin_list>
<pin id="57" dir="1" index="0" bw="1" slack="2147483647"/>
</pin_list>
<bind>
<StgValue><ssdm name="_ssdm_op_SpecBRAMWithByteEnable"/></StgValue>
</bind>
</comp>

<comp id="58" class="1001" name="const_58">
<pin_list>
<pin id="59" dir="1" index="0" bw="1" slack="0"/>
</pin_list>
<bind>
<StgValue><ssdm name="_ssdm_op_BitConcatenate.i2.i1.i1"/></StgValue>
</bind>
</comp>

<comp id="60" class="1001" name="const_60">
<pin_list>
<pin id="61" dir="1" index="0" bw="1" slack="0"/>
</pin_list>
<bind>
<StgValue><ssdm name=""/></StgValue>
</bind>
</comp>

<comp id="62" class="1001" name="const_62">
<pin_list>
<pin id="63" dir="1" index="0" bw="1" slack="0"/>
</pin_list>
<bind>
<StgValue><ssdm name=""/></StgValue>
</bind>
</comp>

<comp id="64" class="1001" name="const_64">
<pin_list>
<pin id="65" dir="1" index="0" bw="1" slack="2147483647"/>
</pin_list>
<bind>
<StgValue><ssdm name="_ssdm_op_Write.bram.i32"/></StgValue>
</bind>
</comp>

<comp id="66" class="1004" name="c_fu_66">
<pin_list>
<pin id="67" dir="0" index="0" bw="1" slack="0"/>
<pin id="68" dir="1" index="1" bw="4" slack="0"/>
</pin_list>
<bind>
<opcode="alloca(26) " fcode="alloca"/>
<opset="c/1 "/>
</bind>
</comp>

<comp id="70" class="1004" name="r_fu_70">
<pin_list>
<pin id="71" dir="0" index="0" bw="1" slack="0"/>
<pin id="72" dir="1" index="1" bw="4" slack="1"/>
</pin_list>
<bind>
<opcode="alloca(26) " fcode="alloca"/>
<opset="r/1 "/>
</bind>
</comp>

<comp id="74" class="1004" name="indvar_flatten_fu_74">
<pin_list>
<pin id="75" dir="0" index="0" bw="1" slack="0"/>
<pin id="76" dir="1" index="1" bw="7" slack="0"/>
</pin_list>
<bind>
<opcode="alloca(26) " fcode="alloca"/>
<opset="indvar_flatten/1 "/>
</bind>
</comp>

<comp id="78" class="1004" name="DCAC_read_read_fu_78">
<pin_list>
<pin id="79" dir="0" index="0" bw="16" slack="0"/>
<pin id="80" dir="0" index="1" bw="16" slack="0"/>
<pin id="81" dir="1" index="2" bw="16" slack="1"/>
</pin_list>
<bind>
<opcode="read(1150) " fcode="read"/>
<opset="DCAC_read/1 "/>
</bind>
</comp>

<comp id="84" class="1004" name="DCAC_temp_addr_gep_fu_84">
<pin_list>
<pin id="85" dir="0" index="0" bw="32" slack="0"/>
<pin id="86" dir="0" index="1" bw="1" slack="0"/>
<pin id="87" dir="0" index="2" bw="5" slack="0"/>
<pin id="88" dir="1" index="3" bw="5" slack="2147483647"/>
</pin_list>
<bind>
<opcode="getelementptr(29) " fcode="getelementptr"/>
<opset="DCAC_temp_addr/2 "/>
</bind>
</comp>

<comp id="91" class="1004" name="store_ln43_access_fu_91">
<pin_list>
<pin id="92" dir="0" index="0" bw="5" slack="2147483647"/>
<pin id="93" dir="0" index="1" bw="32" slack="0"/>
<pin id="94" dir="0" index="2" bw="4" slack="0"/>
<pin id="95" dir="1" index="3" bw="32" slack="2147483647"/>
</pin_list>
<bind>
<opcode="store(28) " fcode="store"/>
<opset="store_ln43/2 "/>
</bind>
</comp>

<comp id="96" class="1004" name="store_ln0_store_fu_96">
<pin_list>
<pin id="97" dir="0" index="0" bw="1" slack="0"/>
<pin id="98" dir="0" index="1" bw="7" slack="0"/>
<pin id="99" dir="1" index="2" bw="0" slack="2147483647"/>
</pin_list>
<bind>
<opcode="store(28) " fcode="store"/>
<opset="store_ln0/1 "/>
</bind>
</comp>

<comp id="101" class="1004" name="store_ln0_store_fu_101">
<pin_list>
<pin id="102" dir="0" index="0" bw="1" slack="0"/>
<pin id="103" dir="0" index="1" bw="4" slack="1"/>
<pin id="104" dir="1" index="2" bw="0" slack="2147483647"/>
</pin_list>
<bind>
<opcode="store(28) " fcode="store"/>
<opset="store_ln0/2 "/>
</bind>
</comp>

<comp id="106" class="1004" name="store_ln0_store_fu_106">
<pin_list>
<pin id="107" dir="0" index="0" bw="1" slack="0"/>
<pin id="108" dir="0" index="1" bw="4" slack="0"/>
<pin id="109" dir="1" index="2" bw="0" slack="2147483647"/>
</pin_list>
<bind>
<opcode="store(28) " fcode="store"/>
<opset="store_ln0/1 "/>
</bind>
</comp>

<comp id="111" class="1004" name="indvar_flatten_load_load_fu_111">
<pin_list>
<pin id="112" dir="0" index="0" bw="7" slack="0"/>
<pin id="113" dir="1" index="1" bw="7" slack="0"/>
</pin_list>
<bind>
<opcode="load(27) " fcode="load"/>
<opset="indvar_flatten_load/1 "/>
</bind>
</comp>

<comp id="114" class="1004" name="icmp_ln38_fu_114">
<pin_list>
<pin id="115" dir="0" index="0" bw="7" slack="0"/>
<pin id="116" dir="0" index="1" bw="7" slack="0"/>
<pin id="117" dir="1" index="2" bw="1" slack="2147483647"/>
</pin_list>
<bind>
<opcode="icmp(45) " fcode="icmp"/>
<opset="icmp_ln38/1 "/>
</bind>
</comp>

<comp id="120" class="1004" name="add_ln38_1_fu_120">
<pin_list>
<pin id="121" dir="0" index="0" bw="7" slack="0"/>
<pin id="122" dir="0" index="1" bw="1" slack="0"/>
<pin id="123" dir="1" index="2" bw="7" slack="0"/>
</pin_list>
<bind>
<opcode="add(8) " fcode="add"/>
<opset="add_ln38_1/1 "/>
</bind>
</comp>

<comp id="126" class="1004" name="c_load_load_fu_126">
<pin_list>
<pin id="127" dir="0" index="0" bw="4" slack="0"/>
<pin id="128" dir="1" index="1" bw="4" slack="0"/>
</pin_list>
<bind>
<opcode="load(27) " fcode="load"/>
<opset="c_load/1 "/>
</bind>
</comp>

<comp id="129" class="1004" name="icmp_ln40_fu_129">
<pin_list>
<pin id="130" dir="0" index="0" bw="4" slack="0"/>
<pin id="131" dir="0" index="1" bw="4" slack="0"/>
<pin id="132" dir="1" index="2" bw="1" slack="0"/>
</pin_list>
<bind>
<opcode="icmp(45) " fcode="icmp"/>
<opset="icmp_ln40/1 "/>
</bind>
</comp>

<comp id="135" class="1004" name="select_ln38_fu_135">
<pin_list>
<pin id="136" dir="0" index="0" bw="1" slack="0"/>
<pin id="137" dir="0" index="1" bw="1" slack="0"/>
<pin id="138" dir="0" index="2" bw="4" slack="0"/>
<pin id="139" dir="1" index="3" bw="4" slack="0"/>
</pin_list>
<bind>
<opcode="select(49) " fcode="select"/>
<opset="select_ln38/1 "/>
</bind>
</comp>

<comp id="143" class="1004" name="empty_61_fu_143">
<pin_list>
<pin id="144" dir="0" index="0" bw="4" slack="0"/>
<pin id="145" dir="1" index="1" bw="2" slack="1"/>
</pin_list>
<bind>
<opcode="trunc(33) " fcode="trunc"/>
<opset="empty_61/1 "/>
</bind>
</comp>

<comp id="147" class="1004" name="tmp_fu_147">
<pin_list>
<pin id="148" dir="0" index="0" bw="1" slack="0"/>
<pin id="149" dir="0" index="1" bw="4" slack="0"/>
<pin id="150" dir="0" index="2" bw="3" slack="0"/>
<pin id="151" dir="1" index="3" bw="1" slack="1"/>
</pin_list>
<bind>
<opcode="bitselect(1000) " fcode="bitselect"/>
<opset="tmp/1 "/>
</bind>
</comp>

<comp id="155" class="1004" name="add_ln40_fu_155">
<pin_list>
<pin id="156" dir="0" index="0" bw="4" slack="0"/>
<pin id="157" dir="0" index="1" bw="1" slack="0"/>
<pin id="158" dir="1" index="2" bw="4" slack="0"/>
</pin_list>
<bind>
<opcode="add(8) " fcode="add"/>
<opset="add_ln40/1 "/>
</bind>
</comp>

<comp id="161" class="1004" name="store_ln40_store_fu_161">
<pin_list>
<pin id="162" dir="0" index="0" bw="7" slack="0"/>
<pin id="163" dir="0" index="1" bw="7" slack="0"/>
<pin id="164" dir="1" index="2" bw="0" slack="2147483647"/>
</pin_list>
<bind>
<opcode="store(28) " fcode="store"/>
<opset="store_ln40/1 "/>
</bind>
</comp>

<comp id="166" class="1004" name="store_ln40_store_fu_166">
<pin_list>
<pin id="167" dir="0" index="0" bw="4" slack="0"/>
<pin id="168" dir="0" index="1" bw="4" slack="0"/>
<pin id="169" dir="1" index="2" bw="0" slack="2147483647"/>
</pin_list>
<bind>
<opcode="store(28) " fcode="store"/>
<opset="store_ln40/1 "/>
</bind>
</comp>

<comp id="171" class="1004" name="r_load_load_fu_171">
<pin_list>
<pin id="172" dir="0" index="0" bw="4" slack="1"/>
<pin id="173" dir="1" index="1" bw="4" slack="0"/>
</pin_list>
<bind>
<opcode="load(27) " fcode="load"/>
<opset="r_load/2 "/>
</bind>
</comp>

<comp id="174" class="1004" name="add_ln38_fu_174">
<pin_list>
<pin id="175" dir="0" index="0" bw="4" slack="0"/>
<pin id="176" dir="0" index="1" bw="1" slack="0"/>
<pin id="177" dir="1" index="2" bw="4" slack="0"/>
</pin_list>
<bind>
<opcode="add(8) " fcode="add"/>
<opset="add_ln38/2 "/>
</bind>
</comp>

<comp id="180" class="1004" name="select_ln38_1_fu_180">
<pin_list>
<pin id="181" dir="0" index="0" bw="1" slack="1"/>
<pin id="182" dir="0" index="1" bw="4" slack="0"/>
<pin id="183" dir="0" index="2" bw="4" slack="0"/>
<pin id="184" dir="1" index="3" bw="4" slack="0"/>
</pin_list>
<bind>
<opcode="select(49) " fcode="select"/>
<opset="select_ln38_1/2 "/>
</bind>
</comp>

<comp id="187" class="1004" name="empty_60_fu_187">
<pin_list>
<pin id="188" dir="0" index="0" bw="4" slack="0"/>
<pin id="189" dir="1" index="1" bw="3" slack="0"/>
</pin_list>
<bind>
<opcode="trunc(33) " fcode="trunc"/>
<opset="empty_60/2 "/>
</bind>
</comp>

<comp id="191" class="1004" name="and_ln_fu_191">
<pin_list>
<pin id="192" dir="0" index="0" bw="5" slack="0"/>
<pin id="193" dir="0" index="1" bw="1" slack="1"/>
<pin id="194" dir="0" index="2" bw="1" slack="0"/>
<pin id="195" dir="1" index="3" bw="5" slack="0"/>
</pin_list>
<bind>
<opcode="bitconcatenate(1004) " fcode="bitconcatenate"/>
<opset="and_ln/2 "/>
</bind>
</comp>

<comp id="198" class="1004" name="tmp_s_fu_198">
<pin_list>
<pin id="199" dir="0" index="0" bw="5" slack="0"/>
<pin id="200" dir="0" index="1" bw="3" slack="0"/>
<pin id="201" dir="0" index="2" bw="2" slack="1"/>
<pin id="202" dir="1" index="3" bw="5" slack="0"/>
</pin_list>
<bind>
<opcode="bitconcatenate(1004) " fcode="bitconcatenate"/>
<opset="tmp_s/2 "/>
</bind>
</comp>

<comp id="205" class="1004" name="zext_ln43_fu_205">
<pin_list>
<pin id="206" dir="0" index="0" bw="5" slack="0"/>
<pin id="207" dir="1" index="1" bw="64" slack="0"/>
</pin_list>
<bind>
<opcode="zext(34) " fcode="zext"/>
<opset="zext_ln43/2 "/>
</bind>
</comp>

<comp id="210" class="1004" name="zext_ln43_1_fu_210">
<pin_list>
<pin id="211" dir="0" index="0" bw="5" slack="0"/>
<pin id="212" dir="1" index="1" bw="32" slack="0"/>
</pin_list>
<bind>
<opcode="zext(34) " fcode="zext"/>
<opset="zext_ln43_1/2 "/>
</bind>
</comp>

<comp id="214" class="1004" name="zext_ln43_2_fu_214">
<pin_list>
<pin id="215" dir="0" index="0" bw="16" slack="1"/>
<pin id="216" dir="1" index="1" bw="32" slack="0"/>
</pin_list>
<bind>
<opcode="zext(34) " fcode="zext"/>
<opset="zext_ln43_2/2 "/>
</bind>
</comp>

<comp id="217" class="1004" name="shl_ln43_fu_217">
<pin_list>
<pin id="218" dir="0" index="0" bw="16" slack="0"/>
<pin id="219" dir="0" index="1" bw="5" slack="0"/>
<pin id="220" dir="1" index="2" bw="32" slack="0"/>
</pin_list>
<bind>
<opcode="shl(20) " fcode="shl"/>
<opset="shl_ln43/2 "/>
</bind>
</comp>

<comp id="224" class="1004" name="udiv_cast_cast_fu_224">
<pin_list>
<pin id="225" dir="0" index="0" bw="2" slack="0"/>
<pin id="226" dir="0" index="1" bw="1" slack="1"/>
<pin id="227" dir="0" index="2" bw="1" slack="0"/>
<pin id="228" dir="1" index="3" bw="2" slack="0"/>
</pin_list>
<bind>
<opcode="bitconcatenate(1004) " fcode="bitconcatenate"/>
<opset="udiv_cast_cast/2 "/>
</bind>
</comp>

<comp id="231" class="1004" name="zext_ln43_3_fu_231">
<pin_list>
<pin id="232" dir="0" index="0" bw="2" slack="0"/>
<pin id="233" dir="1" index="1" bw="4" slack="0"/>
</pin_list>
<bind>
<opcode="zext(34) " fcode="zext"/>
<opset="zext_ln43_3/2 "/>
</bind>
</comp>

<comp id="235" class="1004" name="shl_ln43_1_fu_235">
<pin_list>
<pin id="236" dir="0" index="0" bw="3" slack="0"/>
<pin id="237" dir="0" index="1" bw="2" slack="0"/>
<pin id="238" dir="1" index="2" bw="4" slack="0"/>
</pin_list>
<bind>
<opcode="shl(20) " fcode="shl"/>
<opset="shl_ln43_1/2 "/>
</bind>
</comp>

<comp id="242" class="1004" name="store_ln40_store_fu_242">
<pin_list>
<pin id="243" dir="0" index="0" bw="4" slack="0"/>
<pin id="244" dir="0" index="1" bw="4" slack="1"/>
<pin id="245" dir="1" index="2" bw="0" slack="2147483647"/>
</pin_list>
<bind>
<opcode="store(28) " fcode="store"/>
<opset="store_ln40/2 "/>
</bind>
</comp>

<comp id="247" class="1005" name="c_reg_247">
<pin_list>
<pin id="248" dir="0" index="0" bw="4" slack="0"/>
<pin id="249" dir="1" index="1" bw="4" slack="0"/>
</pin_list>
<bind>
<opset="c "/>
</bind>
</comp>

<comp id="254" class="1005" name="r_reg_254">
<pin_list>
<pin id="255" dir="0" index="0" bw="4" slack="1"/>
<pin id="256" dir="1" index="1" bw="4" slack="1"/>
</pin_list>
<bind>
<opset="r "/>
</bind>
</comp>

<comp id="261" class="1005" name="indvar_flatten_reg_261">
<pin_list>
<pin id="262" dir="0" index="0" bw="7" slack="0"/>
<pin id="263" dir="1" index="1" bw="7" slack="0"/>
</pin_list>
<bind>
<opset="indvar_flatten "/>
</bind>
</comp>

<comp id="271" class="1005" name="icmp_ln40_reg_271">
<pin_list>
<pin id="272" dir="0" index="0" bw="1" slack="1"/>
<pin id="273" dir="1" index="1" bw="1" slack="1"/>
</pin_list>
<bind>
<opset="icmp_ln40 "/>
</bind>
</comp>

<comp id="276" class="1005" name="empty_61_reg_276">
<pin_list>
<pin id="277" dir="0" index="0" bw="2" slack="1"/>
<pin id="278" dir="1" index="1" bw="2" slack="1"/>
</pin_list>
<bind>
<opset="empty_61 "/>
</bind>
</comp>

<comp id="281" class="1005" name="DCAC_read_reg_281">
<pin_list>
<pin id="282" dir="0" index="0" bw="16" slack="1"/>
<pin id="283" dir="1" index="1" bw="16" slack="1"/>
</pin_list>
<bind>
<opset="DCAC_read "/>
</bind>
</comp>

<comp id="286" class="1005" name="tmp_reg_286">
<pin_list>
<pin id="287" dir="0" index="0" bw="1" slack="1"/>
<pin id="288" dir="1" index="1" bw="1" slack="1"/>
</pin_list>
<bind>
<opset="tmp "/>
</bind>
</comp>

</comp_list>

<net_list>
<net id="69"><net_src comp="4" pin="0"/><net_sink comp="66" pin=0"/></net>

<net id="73"><net_src comp="4" pin="0"/><net_sink comp="70" pin=0"/></net>

<net id="77"><net_src comp="4" pin="0"/><net_sink comp="74" pin=0"/></net>

<net id="82"><net_src comp="32" pin="0"/><net_sink comp="78" pin=0"/></net>

<net id="83"><net_src comp="0" pin="0"/><net_sink comp="78" pin=1"/></net>

<net id="89"><net_src comp="2" pin="0"/><net_sink comp="84" pin=0"/></net>

<net id="90"><net_src comp="54" pin="0"/><net_sink comp="84" pin=1"/></net>

<net id="100"><net_src comp="18" pin="0"/><net_sink comp="96" pin=0"/></net>

<net id="105"><net_src comp="20" pin="0"/><net_sink comp="101" pin=0"/></net>

<net id="110"><net_src comp="20" pin="0"/><net_sink comp="106" pin=0"/></net>

<net id="118"><net_src comp="111" pin="1"/><net_sink comp="114" pin=0"/></net>

<net id="119"><net_src comp="26" pin="0"/><net_sink comp="114" pin=1"/></net>

<net id="124"><net_src comp="111" pin="1"/><net_sink comp="120" pin=0"/></net>

<net id="125"><net_src comp="28" pin="0"/><net_sink comp="120" pin=1"/></net>

<net id="133"><net_src comp="126" pin="1"/><net_sink comp="129" pin=0"/></net>

<net id="134"><net_src comp="30" pin="0"/><net_sink comp="129" pin=1"/></net>

<net id="140"><net_src comp="129" pin="2"/><net_sink comp="135" pin=0"/></net>

<net id="141"><net_src comp="20" pin="0"/><net_sink comp="135" pin=1"/></net>

<net id="142"><net_src comp="126" pin="1"/><net_sink comp="135" pin=2"/></net>

<net id="146"><net_src comp="135" pin="3"/><net_sink comp="143" pin=0"/></net>

<net id="152"><net_src comp="34" pin="0"/><net_sink comp="147" pin=0"/></net>

<net id="153"><net_src comp="135" pin="3"/><net_sink comp="147" pin=1"/></net>

<net id="154"><net_src comp="36" pin="0"/><net_sink comp="147" pin=2"/></net>

<net id="159"><net_src comp="135" pin="3"/><net_sink comp="155" pin=0"/></net>

<net id="160"><net_src comp="38" pin="0"/><net_sink comp="155" pin=1"/></net>

<net id="165"><net_src comp="120" pin="2"/><net_sink comp="161" pin=0"/></net>

<net id="170"><net_src comp="155" pin="2"/><net_sink comp="166" pin=0"/></net>

<net id="178"><net_src comp="171" pin="1"/><net_sink comp="174" pin=0"/></net>

<net id="179"><net_src comp="38" pin="0"/><net_sink comp="174" pin=1"/></net>

<net id="185"><net_src comp="174" pin="2"/><net_sink comp="180" pin=1"/></net>

<net id="186"><net_src comp="171" pin="1"/><net_sink comp="180" pin=2"/></net>

<net id="190"><net_src comp="180" pin="3"/><net_sink comp="187" pin=0"/></net>

<net id="196"><net_src comp="50" pin="0"/><net_sink comp="191" pin=0"/></net>

<net id="197"><net_src comp="20" pin="0"/><net_sink comp="191" pin=2"/></net>

<net id="203"><net_src comp="52" pin="0"/><net_sink comp="198" pin=0"/></net>

<net id="204"><net_src comp="187" pin="1"/><net_sink comp="198" pin=1"/></net>

<net id="208"><net_src comp="198" pin="3"/><net_sink comp="205" pin=0"/></net>

<net id="209"><net_src comp="205" pin="1"/><net_sink comp="84" pin=2"/></net>

<net id="213"><net_src comp="191" pin="3"/><net_sink comp="210" pin=0"/></net>

<net id="221"><net_src comp="214" pin="1"/><net_sink comp="217" pin=0"/></net>

<net id="222"><net_src comp="210" pin="1"/><net_sink comp="217" pin=1"/></net>

<net id="223"><net_src comp="217" pin="2"/><net_sink comp="91" pin=1"/></net>

<net id="229"><net_src comp="58" pin="0"/><net_sink comp="224" pin=0"/></net>

<net id="230"><net_src comp="60" pin="0"/><net_sink comp="224" pin=2"/></net>

<net id="234"><net_src comp="224" pin="3"/><net_sink comp="231" pin=0"/></net>

<net id="239"><net_src comp="62" pin="0"/><net_sink comp="235" pin=0"/></net>

<net id="240"><net_src comp="231" pin="1"/><net_sink comp="235" pin=1"/></net>

<net id="241"><net_src comp="235" pin="2"/><net_sink comp="91" pin=2"/></net>

<net id="246"><net_src comp="180" pin="3"/><net_sink comp="242" pin=0"/></net>

<net id="250"><net_src comp="66" pin="1"/><net_sink comp="247" pin=0"/></net>

<net id="251"><net_src comp="247" pin="1"/><net_sink comp="106" pin=1"/></net>

<net id="252"><net_src comp="247" pin="1"/><net_sink comp="126" pin=0"/></net>

<net id="253"><net_src comp="247" pin="1"/><net_sink comp="166" pin=1"/></net>

<net id="257"><net_src comp="70" pin="1"/><net_sink comp="254" pin=0"/></net>

<net id="258"><net_src comp="254" pin="1"/><net_sink comp="101" pin=1"/></net>

<net id="259"><net_src comp="254" pin="1"/><net_sink comp="171" pin=0"/></net>

<net id="260"><net_src comp="254" pin="1"/><net_sink comp="242" pin=1"/></net>

<net id="264"><net_src comp="74" pin="1"/><net_sink comp="261" pin=0"/></net>

<net id="265"><net_src comp="261" pin="1"/><net_sink comp="96" pin=1"/></net>

<net id="266"><net_src comp="261" pin="1"/><net_sink comp="111" pin=0"/></net>

<net id="267"><net_src comp="261" pin="1"/><net_sink comp="161" pin=1"/></net>

<net id="274"><net_src comp="129" pin="2"/><net_sink comp="271" pin=0"/></net>

<net id="275"><net_src comp="271" pin="1"/><net_sink comp="180" pin=0"/></net>

<net id="279"><net_src comp="143" pin="1"/><net_sink comp="276" pin=0"/></net>

<net id="280"><net_src comp="276" pin="1"/><net_sink comp="198" pin=2"/></net>

<net id="284"><net_src comp="78" pin="2"/><net_sink comp="281" pin=0"/></net>

<net id="285"><net_src comp="281" pin="1"/><net_sink comp="214" pin=0"/></net>

<net id="289"><net_src comp="147" pin="3"/><net_sink comp="286" pin=0"/></net>

<net id="290"><net_src comp="286" pin="1"/><net_sink comp="191" pin=1"/></net>

<net id="291"><net_src comp="286" pin="1"/><net_sink comp="224" pin=1"/></net>

</net_list>

</model> 
---------------- Datapath Model END ------------------

* FSMD analyzer results:
  - Output states:
	Port: DCAC_temp | {2 }
 - Input state : 
	Port: Loop_VITIS_LOOP_38_1_proc1 : DCAC | {1 }
  - Chain level:
	State 1
		store_ln0 : 1
		store_ln0 : 1
		indvar_flatten_load : 1
		icmp_ln38 : 2
		add_ln38_1 : 2
		br_ln38 : 3
		c_load : 1
		icmp_ln40 : 2
		select_ln38 : 3
		empty_61 : 4
		tmp : 4
		add_ln40 : 4
		store_ln40 : 3
		store_ln40 : 5
	State 2
		add_ln38 : 1
		select_ln38_1 : 2
		empty_60 : 3
		tmp_s : 4
		zext_ln43 : 5
		DCAC_temp_addr : 6
		zext_ln43_1 : 1
		shl_ln43 : 2
		zext_ln43_3 : 1
		shl_ln43_1 : 2
		store_ln43 : 7
		store_ln40 : 3


============================================================
+ Verbose Summary: Datapath Resource usage 
============================================================

* Functional unit list:
|----------|-----------------------|---------|---------|
| Operation|    Functional Unit    |    FF   |   LUT   |
|----------|-----------------------|---------|---------|
|    shl   |    shl_ln43_fu_217    |    0    |    35   |
|          |   shl_ln43_1_fu_235   |    0    |    7    |
|----------|-----------------------|---------|---------|
|          |   add_ln38_1_fu_120   |    0    |    14   |
|    add   |    add_ln40_fu_155    |    0    |    13   |
|          |    add_ln38_fu_174    |    0    |    13   |
|----------|-----------------------|---------|---------|
|   icmp   |    icmp_ln38_fu_114   |    0    |    10   |
|          |    icmp_ln40_fu_129   |    0    |    9    |
|----------|-----------------------|---------|---------|
|  select  |   select_ln38_fu_135  |    0    |    4    |
|          |  select_ln38_1_fu_180 |    0    |    4    |
|----------|-----------------------|---------|---------|
|   read   |  DCAC_read_read_fu_78 |    0    |    0    |
|----------|-----------------------|---------|---------|
|   trunc  |    empty_61_fu_143    |    0    |    0    |
|          |    empty_60_fu_187    |    0    |    0    |
|----------|-----------------------|---------|---------|
| bitselect|       tmp_fu_147      |    0    |    0    |
|----------|-----------------------|---------|---------|
|          |     and_ln_fu_191     |    0    |    0    |
|bitconcatenate|      tmp_s_fu_198     |    0    |    0    |
|          | udiv_cast_cast_fu_224 |    0    |    0    |
|----------|-----------------------|---------|---------|
|          |    zext_ln43_fu_205   |    0    |    0    |
|   zext   |   zext_ln43_1_fu_210  |    0    |    0    |
|          |   zext_ln43_2_fu_214  |    0    |    0    |
|          |   zext_ln43_3_fu_231  |    0    |    0    |
|----------|-----------------------|---------|---------|
|   Total  |                       |    0    |   109   |
|----------|-----------------------|---------|---------|

Memories:
N/A

* Register list:
+----------------------+--------+
|                      |   FF   |
+----------------------+--------+
|   DCAC_read_reg_281  |   16   |
|       c_reg_247      |    4   |
|   empty_61_reg_276   |    2   |
|   icmp_ln40_reg_271  |    1   |
|indvar_flatten_reg_261|    7   |
|       r_reg_254      |    4   |
|      tmp_reg_286     |    1   |
+----------------------+--------+
|         Total        |   35   |
+----------------------+--------+

* Multiplexer (MUX) list: 
|--------|------|------|------|--------|
|  Comp  |  Pin | Size |  BW  | S x BW |
|--------|------|------|------|--------|
|  Total |      |      |      |    0   |
|--------|------|------|------|--------|



* Summary:
+-----------+--------+--------+
|           |   FF   |   LUT  |
+-----------+--------+--------+
|  Function |    0   |   109  |
|   Memory  |    -   |    -   |
|Multiplexer|    -   |    -   |
|  Register |   35   |    -   |
+-----------+--------+--------+
|   Total   |   35   |   109  |
+-----------+--------+--------+
