

================================================================
== Vitis HLS Report for 'Loop_DCAC_row_copy_proc1'
================================================================
* Date:           Wed Feb 12 14:35:44 2025

* Version:        2022.1 (Build 3526262 on Mon Apr 18 15:48:16 MDT 2022)
* Project:        ECE423_Lab2
* Solution:       solution1 (Vivado IP Flow Target)
* Product family: zynq
* Target device:  xc7z020-clg400-1


================================================================
== Performance Estimates
================================================================
+ Timing: 
    * Summary: 
    +--------+----------+----------+------------+
    |  Clock |  Target  | Estimated| Uncertainty|
    +--------+----------+----------+------------+
    |ap_clk  |  10.00 ns|  6.746 ns|     1.25 ns|
    +--------+----------+----------+------------+

+ Latency: 
    * Summary: 
    +---------+---------+----------+----------+-----+-----+---------+
    |  Latency (cycles) |  Latency (absolute) |  Interval | Pipeline|
    |   min   |   max   |    min   |    max   | min | max |   Type  |
    +---------+---------+----------+----------+-----+-----+---------+
    |       66|       66|  0.660 us|  0.660 us|   66|   66|       no|
    +---------+---------+----------+----------+-----+-----+---------+

    + Detail: 
        * Instance: 
        N/A

        * Loop: 
        +-------------------------------+---------+---------+----------+-----------+-----------+------+----------+
        |                               |  Latency (cycles) | Iteration|  Initiation Interval  | Trip |          |
        |           Loop Name           |   min   |   max   |  Latency |  achieved |   target  | Count| Pipelined|
        +-------------------------------+---------+---------+----------+-----------+-----------+------+----------+
        |- DCAC_row_copy_DCAC_col_copy  |       64|       64|         2|          1|          1|    64|       yes|
        +-------------------------------+---------+---------+----------+-----------+-----------+------+----------+

============================================================
+ Verbose Summary: Synthesis Manager
============================================================
InlineROM: 1
ExposeGlobal: 0
============================================================
+ Verbose Summary: CDFG Model
============================================================
IsTopModel: 0
ResetActiveHigh: 1
IsCombinational: 2
IsDatapathOnly: 0
HasWiredReturn: 1
HasMFsm: 2
HasVarLatency: 1
IsPipeline: 0
IsRtlPipelined: 0
IsInstanceOverlapped: 0
IsDontTouch: 0
HasImplIP: 0
IsGatedGlobalClock: 0

+ Individual pipeline summary: 
  * Pipeline-0: initiation interval (II) = 1, depth = 2


============================================================
+ Verbose Summary: Schedule
============================================================
* Number of FSM states : 2
* Pipeline : 1
  Pipeline-0 : II = 1, D = 2, States = { 1 2 }
* Dataflow Pipeline: 0

* FSM state transitions: 
1 --> 2 
2 --> 

* FSM state operations: 

State 1 <SV = 0> <Delay = 6.74>
ST_1 : Operation 5 [1/1] (0.00ns)   --->   "%c = alloca i32 1"   --->   Operation 5 'alloca' 'c' <Predicate = true> <Delay = 0.00>
ST_1 : Operation 6 [1/1] (0.00ns)   --->   "%r = alloca i32 1"   --->   Operation 6 'alloca' 'r' <Predicate = true> <Delay = 0.00>
ST_1 : Operation 7 [1/1] (0.00ns)   --->   "%indvar_flatten = alloca i32 1"   --->   Operation 7 'alloca' 'indvar_flatten' <Predicate = true> <Delay = 0.00>
ST_1 : Operation 8 [1/1] (0.00ns)   --->   "%specinterface_ln0 = specinterface void @_ssdm_op_SpecInterface, i32 %DCAC, void @empty_0, i32 1, i32 1, void @empty_1, i32 0, i32 0, void @empty, void @empty, void @empty, i32 0, i32 0, i32 0, i32 0, void @empty, void @empty, i32 4294967295, i32 0"   --->   Operation 8 'specinterface' 'specinterface_ln0' <Predicate = true> <Delay = 0.00>
ST_1 : Operation 9 [1/1] (1.58ns)   --->   "%store_ln0 = store i7 0, i7 %indvar_flatten"   --->   Operation 9 'store' 'store_ln0' <Predicate = true> <Delay = 1.58>
ST_1 : Operation 11 [1/1] (1.58ns)   --->   "%store_ln0 = store i4 0, i4 %c"   --->   Operation 11 'store' 'store_ln0' <Predicate = true> <Delay = 1.58>
ST_1 : Operation 12 [1/1] (0.00ns)   --->   "%br_ln0 = br void %for.inc.i.i"   --->   Operation 12 'br' 'br_ln0' <Predicate = true> <Delay = 0.00>
ST_1 : Operation 13 [1/1] (0.00ns)   --->   "%indvar_flatten_load = load i7 %indvar_flatten" [../import_files/import_files/2D_idct.cpp:33]   --->   Operation 13 'load' 'indvar_flatten_load' <Predicate = true> <Delay = 0.00>
ST_1 : Operation 14 [1/1] (1.48ns)   --->   "%icmp_ln33 = icmp_eq  i7 %indvar_flatten_load, i7 64" [../import_files/import_files/2D_idct.cpp:33]   --->   Operation 14 'icmp' 'icmp_ln33' <Predicate = true> <Delay = 1.48> <CoreInst = "Cmp">   --->   Core 9 'Cmp' <Latency = 0> <II = 1> <Delay = 1.48> <FuncUnit> <Opcode : 'icmp'> <InPorts = 2> <OutPorts = 1>
ST_1 : Operation 15 [1/1] (1.87ns)   --->   "%add_ln33_1 = add i7 %indvar_flatten_load, i7 1" [../import_files/import_files/2D_idct.cpp:33]   --->   Operation 15 'add' 'add_ln33_1' <Predicate = true> <Delay = 1.87> <CoreInst = "Adder">   --->   Core 1 'Adder' <Latency = 0> <II = 1> <Delay = 1.87> <FuncUnit> <Opcode : 'add' 'sub'> <InPorts = 2> <OutPorts = 1>
ST_1 : Operation 16 [1/1] (0.00ns)   --->   "%br_ln33 = br i1 %icmp_ln33, void %for.inc11.i.i, void %idct_for.cond.i.exit.exitStub" [../import_files/import_files/2D_idct.cpp:33]   --->   Operation 16 'br' 'br_ln33' <Predicate = true> <Delay = 0.00>
ST_1 : Operation 17 [1/1] (0.00ns)   --->   "%c_load = load i4 %c" [../import_files/import_files/2D_idct.cpp:35]   --->   Operation 17 'load' 'c_load' <Predicate = (!icmp_ln33)> <Delay = 0.00>
ST_1 : Operation 18 [1/1] (1.30ns)   --->   "%icmp_ln35 = icmp_eq  i4 %c_load, i4 8" [../import_files/import_files/2D_idct.cpp:35]   --->   Operation 18 'icmp' 'icmp_ln35' <Predicate = (!icmp_ln33)> <Delay = 1.30> <CoreInst = "Cmp">   --->   Core 9 'Cmp' <Latency = 0> <II = 1> <Delay = 1.30> <FuncUnit> <Opcode : 'icmp'> <InPorts = 2> <OutPorts = 1>
ST_1 : Operation 19 [1/1] (1.02ns)   --->   "%select_ln33 = select i1 %icmp_ln35, i4 0, i4 %c_load" [../import_files/import_files/2D_idct.cpp:33]   --->   Operation 19 'select' 'select_ln33' <Predicate = (!icmp_ln33)> <Delay = 1.02> <CoreInst = "Sel">   --->   Core 73 'Sel' <Latency = 0> <II = 1> <Delay = 1.02> <FuncUnit> <Opcode : 'select'> <InPorts = 3> <OutPorts = 1>
ST_1 : Operation 20 [1/1] (0.00ns)   --->   "%trunc_ln35_1 = trunc i4 %select_ln33" [../import_files/import_files/2D_idct.cpp:35]   --->   Operation 20 'trunc' 'trunc_ln35_1' <Predicate = (!icmp_ln33)> <Delay = 0.00>
ST_1 : Operation 21 [1/1] (0.00ns)   --->   "%tmp = bitselect i1 @_ssdm_op_BitSelect.i1.i4.i32, i4 %select_ln33, i32 2" [../import_files/import_files/2D_idct.cpp:38]   --->   Operation 21 'bitselect' 'tmp' <Predicate = (!icmp_ln33)> <Delay = 0.00>
ST_1 : Operation 22 [1/1] (0.00ns)   --->   "%and_ln = bitconcatenate i5 @_ssdm_op_BitConcatenate.i5.i1.i4, i1 %tmp, i4 0" [../import_files/import_files/2D_idct.cpp:38]   --->   Operation 22 'bitconcatenate' 'and_ln' <Predicate = (!icmp_ln33)> <Delay = 0.00>
ST_1 : Operation 23 [1/1] (0.00ns)   --->   "%DCAC_read = read i32 @_ssdm_op_Read.axis.volatile.i32P128A, i32 %DCAC" [../import_files/import_files/2D_idct.cpp:38]   --->   Operation 23 'read' 'DCAC_read' <Predicate = (!icmp_ln33)> <Delay = 0.00> <CoreInst = "axis">   --->   Core 115 'axis' <Latency = 0> <II = 1> <Delay = 1.00> <Adapter> <Opcode : >
ST_1 : Operation 24 [1/1] (0.00ns) (grouped into LUT with out node shl_ln38)   --->   "%zext_ln38 = zext i5 %and_ln" [../import_files/import_files/2D_idct.cpp:38]   --->   Operation 24 'zext' 'zext_ln38' <Predicate = (!icmp_ln33)> <Delay = 0.00>
ST_1 : Operation 25 [1/1] (0.00ns) (grouped into LUT with out node shl_ln38)   --->   "%lshr_ln38 = lshr i32 %DCAC_read, i32 %zext_ln38" [../import_files/import_files/2D_idct.cpp:38]   --->   Operation 25 'lshr' 'lshr_ln38' <Predicate = (!icmp_ln33)> <Delay = 0.00> <CoreInst = "Shifter">   --->   Core 75 'Shifter' <Latency = 0> <II = 1> <Delay = 4.42> <FuncUnit> <Opcode : 'shl' 'lshr' 'ashr'> <InPorts = 2> <OutPorts = 1>
ST_1 : Operation 26 [1/1] (0.00ns) (grouped into LUT with out node shl_ln38)   --->   "%trunc_ln38 = trunc i32 %lshr_ln38" [../import_files/import_files/2D_idct.cpp:38]   --->   Operation 26 'trunc' 'trunc_ln38' <Predicate = (!icmp_ln33)> <Delay = 0.00>
ST_1 : Operation 27 [1/1] (0.00ns) (grouped into LUT with out node shl_ln38)   --->   "%zext_ln38_2 = zext i5 %and_ln" [../import_files/import_files/2D_idct.cpp:38]   --->   Operation 27 'zext' 'zext_ln38_2' <Predicate = (!icmp_ln33)> <Delay = 0.00>
ST_1 : Operation 28 [1/1] (0.00ns) (grouped into LUT with out node shl_ln38)   --->   "%zext_ln38_3 = zext i16 %trunc_ln38" [../import_files/import_files/2D_idct.cpp:38]   --->   Operation 28 'zext' 'zext_ln38_3' <Predicate = (!icmp_ln33)> <Delay = 0.00>
ST_1 : Operation 29 [1/1] (4.42ns) (out node of the LUT)   --->   "%shl_ln38 = shl i32 %zext_ln38_3, i32 %zext_ln38_2" [../import_files/import_files/2D_idct.cpp:38]   --->   Operation 29 'shl' 'shl_ln38' <Predicate = (!icmp_ln33)> <Delay = 4.42> <CoreInst = "Shifter">   --->   Core 75 'Shifter' <Latency = 0> <II = 1> <Delay = 3.98> <FuncUnit> <Opcode : 'shl' 'lshr' 'ashr'> <InPorts = 2> <OutPorts = 1>
ST_1 : Operation 30 [1/1] (1.73ns)   --->   "%add_ln35 = add i4 %select_ln33, i4 1" [../import_files/import_files/2D_idct.cpp:35]   --->   Operation 30 'add' 'add_ln35' <Predicate = (!icmp_ln33)> <Delay = 1.73> <CoreInst = "Adder">   --->   Core 1 'Adder' <Latency = 0> <II = 1> <Delay = 1.73> <FuncUnit> <Opcode : 'add' 'sub'> <InPorts = 2> <OutPorts = 1>
ST_1 : Operation 31 [1/1] (1.58ns)   --->   "%store_ln35 = store i7 %add_ln33_1, i7 %indvar_flatten" [../import_files/import_files/2D_idct.cpp:35]   --->   Operation 31 'store' 'store_ln35' <Predicate = (!icmp_ln33)> <Delay = 1.58>
ST_1 : Operation 32 [1/1] (1.58ns)   --->   "%store_ln35 = store i4 %add_ln35, i4 %c" [../import_files/import_files/2D_idct.cpp:35]   --->   Operation 32 'store' 'store_ln35' <Predicate = (!icmp_ln33)> <Delay = 1.58>
ST_1 : Operation 51 [1/1] (0.00ns)   --->   "%ret_ln0 = ret"   --->   Operation 51 'ret' 'ret_ln0' <Predicate = (icmp_ln33)> <Delay = 0.00>

State 2 <SV = 1> <Delay = 6.01>
ST_2 : Operation 10 [1/1] (1.58ns)   --->   "%store_ln0 = store i4 0, i4 %r"   --->   Operation 10 'store' 'store_ln0' <Predicate = true> <Delay = 1.58>
ST_2 : Operation 33 [1/1] (0.00ns)   --->   "%r_load = load i4 %r" [../import_files/import_files/2D_idct.cpp:33]   --->   Operation 33 'load' 'r_load' <Predicate = true> <Delay = 0.00>
ST_2 : Operation 34 [1/1] (1.73ns)   --->   "%add_ln33 = add i4 %r_load, i4 1" [../import_files/import_files/2D_idct.cpp:33]   --->   Operation 34 'add' 'add_ln33' <Predicate = (icmp_ln35)> <Delay = 1.73> <CoreInst = "Adder">   --->   Core 1 'Adder' <Latency = 0> <II = 1> <Delay = 1.73> <FuncUnit> <Opcode : 'add' 'sub'> <InPorts = 2> <OutPorts = 1>
ST_2 : Operation 35 [1/1] (0.00ns)   --->   "%specloopname_ln0 = specloopname void @_ssdm_op_SpecLoopName, void @DCAC_row_copy_DCAC_col_copy_str"   --->   Operation 35 'specloopname' 'specloopname_ln0' <Predicate = true> <Delay = 0.00>
ST_2 : Operation 36 [1/1] (0.00ns)   --->   "%empty = speclooptripcount i32 @_ssdm_op_SpecLoopTripCount, i64 64, i64 64, i64 64"   --->   Operation 36 'speclooptripcount' 'empty' <Predicate = true> <Delay = 0.00>
ST_2 : Operation 37 [1/1] (1.02ns)   --->   "%select_ln33_1 = select i1 %icmp_ln35, i4 %add_ln33, i4 %r_load" [../import_files/import_files/2D_idct.cpp:33]   --->   Operation 37 'select' 'select_ln33_1' <Predicate = true> <Delay = 1.02> <CoreInst = "Sel">   --->   Core 73 'Sel' <Latency = 0> <II = 1> <Delay = 1.02> <FuncUnit> <Opcode : 'select'> <InPorts = 3> <OutPorts = 1>
ST_2 : Operation 38 [1/1] (0.00ns)   --->   "%trunc_ln35 = trunc i4 %select_ln33_1" [../import_files/import_files/2D_idct.cpp:35]   --->   Operation 38 'trunc' 'trunc_ln35' <Predicate = true> <Delay = 0.00>
ST_2 : Operation 39 [1/1] (0.00ns)   --->   "%specpipeline_ln37 = specpipeline void @_ssdm_op_SpecPipeline, i32 4294967295, i32 0, i32 0, i32 0, void @empty" [../import_files/import_files/2D_idct.cpp:37]   --->   Operation 39 'specpipeline' 'specpipeline_ln37' <Predicate = true> <Delay = 0.00>
ST_2 : Operation 40 [1/1] (0.00ns)   --->   "%specloopname_ln35 = specloopname void @_ssdm_op_SpecLoopName, void @empty_4" [../import_files/import_files/2D_idct.cpp:35]   --->   Operation 40 'specloopname' 'specloopname_ln35' <Predicate = true> <Delay = 0.00>
ST_2 : Operation 41 [1/1] (0.00ns)   --->   "%tmp_1 = bitconcatenate i5 @_ssdm_op_BitConcatenate.i5.i3.i2, i3 %trunc_ln35, i2 %trunc_ln35_1" [../import_files/import_files/2D_idct.cpp:38]   --->   Operation 41 'bitconcatenate' 'tmp_1' <Predicate = true> <Delay = 0.00>
ST_2 : Operation 42 [1/1] (0.00ns)   --->   "%zext_ln38_1 = zext i5 %tmp_1" [../import_files/import_files/2D_idct.cpp:38]   --->   Operation 42 'zext' 'zext_ln38_1' <Predicate = true> <Delay = 0.00>
ST_2 : Operation 43 [1/1] (0.00ns)   --->   "%DCAC_temp_addr = getelementptr i32 %DCAC_temp, i64 0, i64 %zext_ln38_1" [../import_files/import_files/2D_idct.cpp:38]   --->   Operation 43 'getelementptr' 'DCAC_temp_addr' <Predicate = true> <Delay = 0.00>
ST_2 : Operation 44 [1/1] (0.00ns)   --->   "%specbramwithbyteenable_ln38 = specbramwithbyteenable void @_ssdm_op_SpecBRAMWithByteEnable, i32 %DCAC_temp" [../import_files/import_files/2D_idct.cpp:38]   --->   Operation 44 'specbramwithbyteenable' 'specbramwithbyteenable_ln38' <Predicate = true> <Delay = 0.00>
ST_2 : Operation 45 [1/1] (0.00ns)   --->   "%udiv_cast_cast = bitconcatenate i2 @_ssdm_op_BitConcatenate.i2.i1.i1, i1 %tmp, i1 0" [../import_files/import_files/2D_idct.cpp:38]   --->   Operation 45 'bitconcatenate' 'udiv_cast_cast' <Predicate = true> <Delay = 0.00>
ST_2 : Operation 46 [1/1] (0.00ns)   --->   "%zext_ln38_4 = zext i2 %udiv_cast_cast" [../import_files/import_files/2D_idct.cpp:38]   --->   Operation 46 'zext' 'zext_ln38_4' <Predicate = true> <Delay = 0.00>
ST_2 : Operation 47 [1/1] (2.12ns)   --->   "%shl_ln38_1 = shl i4 3, i4 %zext_ln38_4" [../import_files/import_files/2D_idct.cpp:38]   --->   Operation 47 'shl' 'shl_ln38_1' <Predicate = true> <Delay = 2.12> <CoreInst = "Shifter">   --->   Core 75 'Shifter' <Latency = 0> <II = 1> <Delay = 2.12> <FuncUnit> <Opcode : 'shl' 'lshr' 'ashr'> <InPorts = 2> <OutPorts = 1>
ST_2 : Operation 48 [1/1] (3.25ns)   --->   "%store_ln38 = store void @_ssdm_op_Write.bram.i32, i5 %DCAC_temp_addr, i32 %shl_ln38, i4 %shl_ln38_1" [../import_files/import_files/2D_idct.cpp:38]   --->   Operation 48 'store' 'store_ln38' <Predicate = true> <Delay = 3.25> <CoreInst = "RAM">   --->   Core 82 'RAM' <Latency = 1> <II = 1> <Delay = 3.25> <Storage> <Opcode : 'load' 'store'> <Ports = 2> <Width = 32> <Depth = 32> <RAM>
ST_2 : Operation 49 [1/1] (1.58ns)   --->   "%store_ln35 = store i4 %select_ln33_1, i4 %r" [../import_files/import_files/2D_idct.cpp:35]   --->   Operation 49 'store' 'store_ln35' <Predicate = true> <Delay = 1.58>
ST_2 : Operation 50 [1/1] (0.00ns)   --->   "%br_ln35 = br void %for.inc.i.i" [../import_files/import_files/2D_idct.cpp:35]   --->   Operation 50 'br' 'br_ln35' <Predicate = true> <Delay = 0.00>


============================================================
+ Verbose Summary: Timing violations
============================================================
Target clock period: 10ns, clock uncertainty: 1.25ns.

 <State 1>: 6.75ns
The critical path consists of the following:
	'alloca' operation ('c') [3]  (0 ns)
	'load' operation ('c_load', ../import_files/import_files/2D_idct.cpp:35) on local variable 'c' [17]  (0 ns)
	'icmp' operation ('icmp_ln35', ../import_files/import_files/2D_idct.cpp:35) [22]  (1.3 ns)
	'select' operation ('select_ln33', ../import_files/import_files/2D_idct.cpp:33) [23]  (1.02 ns)
	'shl' operation ('shl_ln38', ../import_files/import_files/2D_idct.cpp:38) [40]  (4.42 ns)

 <State 2>: 6.01ns
The critical path consists of the following:
	'load' operation ('r_load', ../import_files/import_files/2D_idct.cpp:33) on local variable 'r' [18]  (0 ns)
	'add' operation ('add_ln33', ../import_files/import_files/2D_idct.cpp:33) [19]  (1.74 ns)
	'select' operation ('select_ln33_1', ../import_files/import_files/2D_idct.cpp:33) [24]  (1.02 ns)
	'getelementptr' operation ('DCAC_temp_addr', ../import_files/import_files/2D_idct.cpp:38) [37]  (0 ns)
	'store' operation ('store_ln38', ../import_files/import_files/2D_idct.cpp:38) of constant <constant:_ssdm_op_Write.bram.i32> on array 'DCAC_temp' [45]  (3.25 ns)


============================================================
+ Verbose Summary: Binding
============================================================
N/A
* FSMD analyzer results:
  - Output states:
 - Input state : 
  - Chain level:
	State 1
	State 2


============================================================
+ Verbose Summary: Datapath Resource usage 
============================================================
N/A
