

================================================================
== Synthesis Summary Report of 'idct'
================================================================
+ General Information: 
    * Date:           Wed Feb  5 18:39:14 2025
    * Version:        2022.1 (Build 3526262 on Mon Apr 18 15:48:16 MDT 2022)
    * Project:        ECE423_Lab2
    * Solution:       solution1 (Vivado IP Flow Target)
    * Product family: zynq
    * Target device:  xc7z020-clg400-1
    

+ Performance & Resource Estimates: 
    
    PS: '+' for module; 'o' for loop; '*' for dataflow
    +-----------------------------------+------+------+---------+-----------+----------+---------+------+----------+--------+----------+-----------+------------+-----+
    |              Modules              | Issue|      | Latency |  Latency  | Iteration|         | Trip |          |        |          |           |            |     |
    |              & Loops              | Type | Slack| (cycles)|    (ns)   |  Latency | Interval| Count| Pipelined|  BRAM  |    DSP   |     FF    |     LUT    | URAM|
    +-----------------------------------+------+------+---------+-----------+----------+---------+------+----------+--------+----------+-----------+------------+-----+
    |+ idct*                            |     -|  0.97|      194|  1.940e+03|         -|       76|     -|  dataflow|  8 (2%)|  48 (21%)|  2859 (2%)|  6616 (12%)|    -|
    | + Loop_VITIS_LOOP_38_1_proc1      |     -|  1.51|       66|    660.000|         -|       66|     -|        no|       -|         -|   39 (~0%)|   279 (~0%)|    -|
    |  o VITIS_LOOP_38_1_DCAC_col_copy  |     -|  8.75|       64|    640.000|         2|        1|    64|       yes|       -|         -|          -|           -|    -|
    | + Loop_VITIS_LOOP_59_2_proc       |     -|  1.08|       51|    510.000|         -|       51|     -|        no|       -|  24 (10%)|  1313 (1%)|   3805 (7%)|    -|
    |  o VITIS_LOOP_59_2                |    II|  8.75|       49|    490.000|        20|       10|     4|       yes|       -|         -|          -|           -|    -|
    | + Loop_VITIS_LOOP_130_3_proc2     |     -|  0.97|       75|    750.000|         -|       75|     -|        no|       -|  24 (10%)|  1507 (1%)|   2532 (4%)|    -|
    |  o VITIS_LOOP_130_3               |    II|  8.75|       73|    730.000|        26|       16|     4|       yes|       -|         -|          -|           -|    -|
    +-----------------------------------+------+------+---------+-----------+----------+---------+------+----------+--------+----------+-----------+------------+-----+


================================================================
== HW Interfaces
================================================================
* AXIS
+-----------+---------------+-------+--------+--------+
| Interface | Register Mode | TDATA | TREADY | TVALID |
+-----------+---------------+-------+--------+--------+
| DCAC      | both          | 16    | 1      | 1      |
| blockout  | both          | 8     | 1      | 1      |
+-----------+---------------+-------+--------+--------+

* TOP LEVEL CONTROL
+-----------+--------------+----------+
| Interface | Type         | Ports    |
+-----------+--------------+----------+
| ap_clk    | clock        | ap_clk   |
| ap_rst_n  | reset        | ap_rst_n |
| ap_ctrl   | ap_ctrl_none |          |
+-----------+--------------+----------+


================================================================
== SW I/O Information
================================================================
* Top Function Arguments
+----------+-----------+----------------+
| Argument | Direction | Datatype       |
+----------+-----------+----------------+
| DCAC     | in        | short*         |
| blockout | out       | unsigned char* |
+----------+-----------+----------------+

* SW-to-HW Mapping
+----------+--------------+-----------+
| Argument | HW Interface | HW Type   |
+----------+--------------+-----------+
| DCAC     | DCAC         | interface |
| blockout | blockout     | interface |
+----------+--------------+-----------+


================================================================
== Bind Op Report
================================================================
+----------------------------------------+-----+--------+-------------+-----+--------+---------+
| Name                                   | DSP | Pragma | Variable    | Op  | Impl   | Latency |
+----------------------------------------+-----+--------+-------------+-----+--------+---------+
| + idct                                 | 48  |        |             |     |        |         |
|  + Loop_VITIS_LOOP_38_1_proc1          | 0   |        |             |     |        |         |
|    add_ln38_1_fu_120_p2                | -   |        | add_ln38_1  | add | fabric | 0       |
|    add_ln38_fu_174_p2                  | -   |        | add_ln38    | add | fabric | 0       |
|    add_ln40_fu_155_p2                  | -   |        | add_ln40    | add | fabric | 0       |
|  + Loop_VITIS_LOOP_59_2_proc           | 24  |        |             |     |        |         |
|    am_addmul_16s_16s_13ns_31_4_1_U4    | 1   |        | add_ln66    | add | dsp48  | 3       |
|    am_addmul_16s_16s_13ns_31_4_1_U4    | 1   |        | z1          | mul | dsp48  | 3       |
|    mac_muladd_16s_15s_31s_31_4_1_U5    | 1   |        | mul_ln67    | mul | dsp48  | 3       |
|    mac_muladd_16s_15s_31s_31_4_1_U5    | 1   |        | tmp2        | add | dsp48  | 3       |
|    mac_muladd_16s_13ns_30ns_30_4_1_U6  | 1   |        | mul_ln68    | mul | dsp48  | 3       |
|    mac_muladd_16s_13ns_30ns_30_4_1_U6  | 1   |        | tmp3        | add | dsp48  | 3       |
|    sub_ln74_fu_888_p2                  | -   |        | sub_ln74    | sub | fabric | 0       |
|    add_ln73_fu_894_p2                  | -   |        | add_ln73    | add | fabric | 0       |
|    tmp13_fu_952_p2                     | -   |        | tmp13       | sub | fabric | 0       |
|    z3_1_fu_625_p2                      | -   |        | z3_1        | add | fabric | 0       |
|    am_addmul_16s_16s_16s_32_4_1_U7     | 1   |        | z2_1        | add | dsp48  | 3       |
|    z4_fu_638_p2                        | -   |        | z4          | add | fabric | 0       |
|    am_addmul_17s_17s_14ns_32_4_1_U8    | 1   |        | add_ln94    | add | dsp48  | 3       |
|    am_addmul_16s_16s_14s_31_4_1_U9     | 1   |        | z1_1        | add | dsp48  | 3       |
|    am_addmul_17s_17s_14ns_32_4_1_U8    | 1   |        | z5          | mul | dsp48  | 3       |
|    mac_muladd_16s_12ns_31s_31_4_1_U12  | 1   |        | tmp0_2      | mul | dsp48  | 3       |
|    mac_muladd_16s_15ns_32s_32_4_1_U22  | 1   |        | tmp1_2      | mul | dsp48  | 3       |
|    mac_muladd_16s_15ns_32s_32_4_1_U13  | 1   |        | tmp2_2      | mul | dsp48  | 3       |
|    mac_muladd_16s_14ns_31s_31_4_1_U10  | 1   |        | tmp3_2      | mul | dsp48  | 3       |
|    am_addmul_16s_16s_14s_31_4_1_U9     | 1   |        | z1_2        | mul | dsp48  | 3       |
|    mac_muladd_16s_14ns_31s_31_4_1_U10  | 1   |        | add_ln111   | add | dsp48  | 3       |
|    mac_muladd_16s_12ns_31s_31_4_1_U12  | 1   |        | add_ln108   | add | dsp48  | 3       |
|    am_addmul_16s_16s_16s_32_4_1_U7     | 1   |        | z2_2        | mul | dsp48  | 3       |
|    mac_muladd_17s_15s_32s_32_4_1_U11   | 1   |        | z3_2        | mul | dsp48  | 3       |
|    mac_muladd_17s_15s_32s_32_4_1_U11   | 1   |        | z3_3        | add | dsp48  | 3       |
|    mac_muladd_16s_15ns_32s_32_4_1_U13  | 1   |        | add_ln110   | add | dsp48  | 3       |
|    tmp2_3_fu_985_p2                    | -   |        | tmp2_3      | add | fabric | 0       |
|    tmp0_3_fu_989_p2                    | -   |        | tmp0_3      | add | fabric | 0       |
|    mac_muladd_17s_13s_32s_32_4_1_U14   | 1   |        | z4_1        | mul | dsp48  | 3       |
|    mac_muladd_17s_13s_32s_32_4_1_U14   | 1   |        | z4_2        | add | dsp48  | 3       |
|    tmp3_3_fu_994_p2                    | -   |        | tmp3_3      | add | fabric | 0       |
|    mac_muladd_16s_15ns_32s_32_4_1_U22  | 1   |        | add_ln109   | add | dsp48  | 3       |
|    tmp1_3_fu_1197_p2                   | -   |        | tmp1_3      | add | fabric | 0       |
|    tmp10_fu_999_p2                     | -   |        | tmp10       | add | fabric | 0       |
|    add_ln115_fu_1008_p2                | -   |        | add_ln115   | add | fabric | 0       |
|    sub_ln116_fu_1018_p2                | -   |        | sub_ln116   | sub | fabric | 0       |
|    add_ln115_1_fu_1024_p2              | -   |        | add_ln115_1 | add | fabric | 0       |
|    tmp11_fu_1050_p2                    | -   |        | tmp11       | add | fabric | 0       |
|    add_ln117_fu_1059_p2                | -   |        | add_ln117   | add | fabric | 0       |
|    sub_ln118_fu_1065_p2                | -   |        | sub_ln118   | sub | fabric | 0       |
|    add_ln117_1_fu_1071_p2              | -   |        | add_ln117_1 | add | fabric | 0       |
|    sub_ln120_fu_1205_p2                | -   |        | sub_ln120   | sub | fabric | 0       |
|    add_ln119_1_fu_1210_p2              | -   |        | add_ln119_1 | add | fabric | 0       |
|    add_ln120_fu_1518_p2                | -   |        | add_ln120   | add | fabric | 0       |
|    add_ln121_fu_1103_p2                | -   |        | add_ln121   | add | fabric | 0       |
|    sub_ln122_fu_1109_p2                | -   |        | sub_ln122   | sub | fabric | 0       |
|    add_ln121_1_fu_1115_p2              | -   |        | add_ln121_1 | add | fabric | 0       |
|    am_addmul_16s_16s_13ns_31_4_1_U18   | 1   |        | add_ln66_1  | add | dsp48  | 3       |
|    am_addmul_16s_16s_13ns_31_4_1_U18   | 1   |        | z1_3        | mul | dsp48  | 3       |
|    mac_muladd_16s_15s_31s_31_4_1_U23   | 1   |        | mul_ln67_1  | mul | dsp48  | 3       |
|    mac_muladd_16s_15s_31s_31_4_1_U23   | 1   |        | tmp2_4      | add | dsp48  | 3       |
|    mac_muladd_16s_13ns_30ns_30_4_1_U24 | 1   |        | mul_ln68_1  | mul | dsp48  | 3       |
|    mac_muladd_16s_13ns_30ns_30_4_1_U24 | 1   |        | tmp3_4      | add | dsp48  | 3       |
|    sub_ln74_1_fu_1244_p2               | -   |        | sub_ln74_1  | sub | fabric | 0       |
|    add_ln73_1_fu_1250_p2               | -   |        | add_ln73_1  | add | fabric | 0       |
|    tmp13_1_fu_1268_p2                  | -   |        | tmp13_1     | sub | fabric | 0       |
|    z3_5_fu_802_p2                      | -   |        | z3_5        | add | fabric | 0       |
|    am_addmul_16s_16s_16s_32_4_1_U15    | 1   |        | z2_4        | add | dsp48  | 3       |
|    z4_3_fu_815_p2                      | -   |        | z4_3        | add | fabric | 0       |
|    am_addmul_17s_17s_14ns_32_4_1_U16   | 1   |        | add_ln94_1  | add | dsp48  | 3       |
|    am_addmul_16s_16s_14s_31_4_1_U17    | 1   |        | z1_4        | add | dsp48  | 3       |
|    am_addmul_17s_17s_14ns_32_4_1_U16   | 1   |        | z5_1        | mul | dsp48  | 3       |
|    mac_muladd_16s_12ns_31s_31_4_1_U25  | 1   |        | tmp0_6      | mul | dsp48  | 3       |
|    mac_muladd_16s_15ns_32s_32_4_1_U26  | 1   |        | tmp1_6      | mul | dsp48  | 3       |
|    mac_muladd_16s_15ns_32s_32_4_1_U27  | 1   |        | tmp2_6      | mul | dsp48  | 3       |
|    mac_muladd_16s_14ns_31s_31_4_1_U19  | 1   |        | tmp3_6      | mul | dsp48  | 3       |
|    am_addmul_16s_16s_14s_31_4_1_U17    | 1   |        | z1_5        | mul | dsp48  | 3       |
|    mac_muladd_16s_14ns_31s_31_4_1_U19  | 1   |        | add_ln111_2 | add | dsp48  | 3       |
|    mac_muladd_16s_12ns_31s_31_4_1_U25  | 1   |        | add_ln108_2 | add | dsp48  | 3       |
|    am_addmul_16s_16s_16s_32_4_1_U15    | 1   |        | z2_5        | mul | dsp48  | 3       |
|    mac_muladd_17s_15s_32s_32_4_1_U20   | 1   |        | z3_6        | mul | dsp48  | 3       |
|    mac_muladd_17s_15s_32s_32_4_1_U20   | 1   |        | z3_7        | add | dsp48  | 3       |
|    mac_muladd_16s_15ns_32s_32_4_1_U27  | 1   |        | add_ln110_2 | add | dsp48  | 3       |
|    tmp2_7_fu_1345_p2                   | -   |        | tmp2_7      | add | fabric | 0       |
|    tmp0_7_fu_1349_p2                   | -   |        | tmp0_7      | add | fabric | 0       |
|    mac_muladd_17s_13s_32s_32_4_1_U21   | 1   |        | z4_4        | mul | dsp48  | 3       |
|    mac_muladd_17s_13s_32s_32_4_1_U21   | 1   |        | z4_5        | add | dsp48  | 3       |
|    tmp3_7_fu_1277_p2                   | -   |        | tmp3_7      | add | fabric | 0       |
|    mac_muladd_16s_15ns_32s_32_4_1_U26  | 1   |        | add_ln109_2 | add | dsp48  | 3       |
|    tmp1_7_fu_1354_p2                   | -   |        | tmp1_7      | add | fabric | 0       |
|    tmp10_1_fu_1282_p2                  | -   |        | tmp10_1     | add | fabric | 0       |
|    add_ln115_2_fu_1291_p2              | -   |        | add_ln115_2 | add | fabric | 0       |
|    sub_ln116_1_fu_1361_p2              | -   |        | sub_ln116_1 | sub | fabric | 0       |
|    add_ln115_3_fu_1366_p2              | -   |        | add_ln115_3 | add | fabric | 0       |
|    add_ln116_fu_1529_p2                | -   |        | add_ln116   | add | fabric | 0       |
|    tmp11_1_fu_1392_p2                  | -   |        | tmp11_1     | add | fabric | 0       |
|    add_ln117_2_fu_1401_p2              | -   |        | add_ln117_2 | add | fabric | 0       |
|    sub_ln118_1_fu_1407_p2              | -   |        | sub_ln118_1 | sub | fabric | 0       |
|    add_ln117_3_fu_1413_p2              | -   |        | add_ln117_3 | add | fabric | 0       |
|    add_ln117_4_fu_1550_p2              | -   |        | add_ln117_4 | add | fabric | 0       |
|    sub_ln120_1_fu_1445_p2              | -   |        | sub_ln120_1 | sub | fabric | 0       |
|    add_ln119_3_fu_1451_p2              | -   |        | add_ln119_3 | add | fabric | 0       |
|    add_ln120_1_fu_1593_p2              | -   |        | add_ln120_1 | add | fabric | 0       |
|    add_ln121_2_fu_1477_p2              | -   |        | add_ln121_2 | add | fabric | 0       |
|    sub_ln122_1_fu_1483_p2              | -   |        | sub_ln122_1 | sub | fabric | 0       |
|    add_ln121_3_fu_1489_p2              | -   |        | add_ln121_3 | add | fabric | 0       |
|    add_ln121_4_fu_1603_p2              | -   |        | add_ln121_4 | add | fabric | 0       |
|    add_ln59_fu_1150_p2                 | -   |        | add_ln59    | add | fabric | 0       |
|  + Loop_VITIS_LOOP_130_3_proc2         | 24  |        |             |     |        |         |
|    am_addmul_21s_21s_13ns_32_4_1_U43   | 1   |        | add_ln138   | add | dsp48  | 3       |
|    am_addmul_21s_21s_13ns_32_4_1_U43   | 1   |        | z1          | mul | dsp48  | 3       |
|    mac_muladd_21s_15s_32s_32_4_1_U49   | 1   |        | mul_ln139   | mul | dsp48  | 3       |
|    mac_muladd_21s_15s_32s_32_4_1_U49   | 1   |        | tmp2        | add | dsp48  | 3       |
|    mac_muladd_21s_13ns_32s_32_4_1_U45  | 1   |        | mul_ln140   | mul | dsp48  | 3       |
|    mac_muladd_21s_13ns_32s_32_4_1_U45  | 1   |        | tmp3        | add | dsp48  | 3       |
|    sub_ln143_fu_577_p2                 | -   |        | sub_ln143   | sub | fabric | 0       |
|    add_ln142_fu_581_p2                 | -   |        | add_ln142   | add | fabric | 0       |
|    z3_8_fu_415_p2                      | -   |        | z3_8        | add | fabric | 0       |
|    am_addmul_21s_21s_16s_32_4_1_U41    | 1   |        | z2_6        | add | dsp48  | 3       |
|    z4_fu_425_p2                        | -   |        | z4          | add | fabric | 0       |
|    am_addmul_22s_22s_14ns_32_4_1_U44   | 1   |        | add_ln163   | add | dsp48  | 3       |
|    am_addmul_21s_21s_14s_32_4_1_U42    | 1   |        | z1_6        | add | dsp48  | 3       |
|    am_addmul_22s_22s_14ns_32_4_1_U44   | 1   |        | z5          | mul | dsp48  | 3       |
|    mac_muladd_21s_12ns_32ns_32_4_1_U51 | 1   |        | tmp0_9      | mul | dsp48  | 3       |
|    mac_muladd_21s_15ns_32ns_32_4_1_U52 | 1   |        | tmp1_9      | mul | dsp48  | 3       |
|    mac_muladd_21s_15ns_32ns_32_4_1_U50 | 1   |        | tmp2_9      | mul | dsp48  | 3       |
|    mac_muladd_21s_14ns_32ns_32_4_1_U47 | 1   |        | tmp3_9      | mul | dsp48  | 3       |
|    am_addmul_21s_21s_14s_32_4_1_U42    | 1   |        | z1_7        | mul | dsp48  | 3       |
|    am_addmul_21s_21s_16s_32_4_1_U41    | 1   |        | z2_7        | mul | dsp48  | 3       |
|    mac_muladd_22s_15s_32s_32_4_1_U48   | 1   |        | z3_9        | mul | dsp48  | 3       |
|    mac_muladd_22s_15s_32s_32_4_1_U48   | 1   |        | z3_10       | add | dsp48  | 3       |
|    mac_muladd_21s_15ns_32ns_32_4_1_U50 | 1   |        | add_ln180   | add | dsp48  | 3       |
|    tmp2_10_fu_791_p2                   | -   |        | tmp2_10     | add | fabric | 0       |
|    mac_muladd_21s_12ns_32ns_32_4_1_U51 | 1   |        | add_ln178   | add | dsp48  | 3       |
|    tmp0_10_fu_795_p2                   | -   |        | tmp0_10     | add | fabric | 0       |
|    mac_muladd_22s_13s_32s_32_4_1_U46   | 1   |        | z4_6        | mul | dsp48  | 3       |
|    mac_muladd_22s_13s_32s_32_4_1_U46   | 1   |        | z4_7        | add | dsp48  | 3       |
|    mac_muladd_21s_14ns_32ns_32_4_1_U47 | 1   |        | add_ln181   | add | dsp48  | 3       |
|    tmp3_10_fu_635_p2                   | -   |        | tmp3_10     | add | fabric | 0       |
|    mac_muladd_21s_15ns_32ns_32_4_1_U52 | 1   |        | add_ln179   | add | dsp48  | 3       |
|    tmp1_10_fu_799_p2                   | -   |        | tmp1_10     | add | fabric | 0       |
|    sub_ln193_fu_639_p2                 | -   |        | sub_ln193   | sub | fabric | 0       |
|    add_ln186_1_fu_644_p2               | -   |        | add_ln186_1 | add | fabric | 0       |
|    sub_ln192_fu_803_p2                 | -   |        | sub_ln192   | sub | fabric | 0       |
|    add_ln187_1_fu_808_p2               | -   |        | add_ln187_1 | add | fabric | 0       |
|    sub_ln191_fu_982_p2                 | -   |        | sub_ln191   | sub | fabric | 0       |
|    add_ln188_1_fu_986_p2               | -   |        | add_ln188_1 | add | fabric | 0       |
|    sub_ln190_fu_1053_p2                | -   |        | sub_ln190   | sub | fabric | 0       |
|    add_ln189_1_fu_1057_p2              | -   |        | add_ln189_1 | add | fabric | 0       |
|    am_addmul_21s_21s_13ns_32_4_1_U53   | 1   |        | add_ln138_1 | add | dsp48  | 3       |
|    am_addmul_21s_21s_13ns_32_4_1_U53   | 1   |        | z1_8        | mul | dsp48  | 3       |
|    mac_muladd_21s_15s_32s_32_4_1_U61   | 1   |        | mul_ln139_1 | mul | dsp48  | 3       |
|    mac_muladd_21s_15s_32s_32_4_1_U61   | 1   |        | tmp2_11     | add | dsp48  | 3       |
|    mac_muladd_21s_13ns_32s_32_4_1_U55  | 1   |        | mul_ln140_1 | mul | dsp48  | 3       |
|    mac_muladd_21s_13ns_32s_32_4_1_U55  | 1   |        | tmp3_11     | add | dsp48  | 3       |
|    sub_ln143_1_fu_1277_p2              | -   |        | sub_ln143_1 | sub | fabric | 0       |
|    add_ln142_1_fu_1281_p2              | -   |        | add_ln142_1 | add | fabric | 0       |
|    z3_12_fu_958_p2                     | -   |        | z3_12       | add | fabric | 0       |
|    am_addmul_21s_21s_16s_32_4_1_U56    | 1   |        | z2_9        | add | dsp48  | 3       |
|    z4_8_fu_972_p2                      | -   |        | z4_8        | add | fabric | 0       |
|    am_addmul_22s_22s_14ns_32_4_1_U54   | 1   |        | add_ln163_1 | add | dsp48  | 3       |
|    am_addmul_21s_21s_14s_32_4_1_U57    | 1   |        | z1_9        | add | dsp48  | 3       |
|    am_addmul_22s_22s_14ns_32_4_1_U54   | 1   |        | z5_2        | mul | dsp48  | 3       |
|    mac_muladd_21s_12ns_32ns_32_4_1_U63 | 1   |        | tmp0_13     | mul | dsp48  | 3       |
|    mac_muladd_21s_15ns_32ns_32_4_1_U64 | 1   |        | tmp1_13     | mul | dsp48  | 3       |
|    mac_muladd_21s_15ns_32ns_32_4_1_U62 | 1   |        | tmp2_13     | mul | dsp48  | 3       |
|    mac_muladd_21s_14ns_32ns_32_4_1_U59 | 1   |        | tmp3_13     | mul | dsp48  | 3       |
|    am_addmul_21s_21s_14s_32_4_1_U57    | 1   |        | z1_10       | mul | dsp48  | 3       |
|    am_addmul_21s_21s_16s_32_4_1_U56    | 1   |        | z2_10       | mul | dsp48  | 3       |
|    mac_muladd_22s_15s_32s_32_4_1_U60   | 1   |        | z3_13       | mul | dsp48  | 3       |
|    mac_muladd_22s_15s_32s_32_4_1_U60   | 1   |        | z3_14       | add | dsp48  | 3       |
|    mac_muladd_21s_15ns_32ns_32_4_1_U62 | 1   |        | add_ln180_2 | add | dsp48  | 3       |
|    tmp2_14_fu_1482_p2                  | -   |        | tmp2_14     | add | fabric | 0       |
|    mac_muladd_21s_12ns_32ns_32_4_1_U63 | 1   |        | add_ln178_2 | add | dsp48  | 3       |
|    tmp0_14_fu_1486_p2                  | -   |        | tmp0_14     | add | fabric | 0       |
|    mac_muladd_22s_13s_32s_32_4_1_U58   | 1   |        | z4_9        | mul | dsp48  | 3       |
|    mac_muladd_22s_13s_32s_32_4_1_U58   | 1   |        | z4_10       | add | dsp48  | 3       |
|    mac_muladd_21s_14ns_32ns_32_4_1_U59 | 1   |        | add_ln181_2 | add | dsp48  | 3       |
|    tmp3_14_fu_1327_p2                  | -   |        | tmp3_14     | add | fabric | 0       |
|    mac_muladd_21s_15ns_32ns_32_4_1_U64 | 1   |        | add_ln179_2 | add | dsp48  | 3       |
|    tmp1_14_fu_1490_p2                  | -   |        | tmp1_14     | add | fabric | 0       |
|    sub_ln193_1_fu_1331_p2              | -   |        | sub_ln193_1 | sub | fabric | 0       |
|    add_ln186_3_fu_1336_p2              | -   |        | add_ln186_3 | add | fabric | 0       |
|    sub_ln192_1_fu_1494_p2              | -   |        | sub_ln192_1 | sub | fabric | 0       |
|    add_ln187_3_fu_1499_p2              | -   |        | add_ln187_3 | add | fabric | 0       |
|    sub_ln191_1_fu_1628_p2              | -   |        | sub_ln191_1 | sub | fabric | 0       |
|    add_ln188_3_fu_1632_p2              | -   |        | add_ln188_3 | add | fabric | 0       |
|    sub_ln190_1_fu_1698_p2              | -   |        | sub_ln190_1 | sub | fabric | 0       |
|    add_ln189_3_fu_1702_p2              | -   |        | add_ln189_3 | add | fabric | 0       |
|    add_ln130_fu_352_p2                 | -   |        | add_ln130   | add | fabric | 0       |
+----------------------------------------+-----+--------+-------------+-----+--------+---------+


================================================================
== Bind Storage Report
================================================================
+---------------+------+------+--------+-----------+---------+------+---------+
| Name          | BRAM | URAM | Pragma | Variable  | Storage | Impl | Latency |
+---------------+------+------+--------+-----------+---------+------+---------+
| + idct        | 8    | 0    |        |           |         |      |         |
|   DCAC_temp_U | 2    | -    |        | DCAC_temp | ram_s2p | auto | 1       |
|   workspace_U | 2    | -    |        | workspace | ram_t2p | auto | 1       |
+---------------+------+------+--------+-----------+---------+------+---------+


================================================================
== Pragma Report
================================================================
* Pragmas with Warnings
+----------+---------+-----------------------------------------------------+------------------------------------------------------------------------------------------------------------------------------------------------------------------------------------+
| Type     | Options | Location                                            | Messages                                                                                                                                                                           |
+----------+---------+-----------------------------------------------------+------------------------------------------------------------------------------------------------------------------------------------------------------------------------------------+
| dataflow |         | ../import_files/import_files/2D_idct.cpp:26 in idct | Since the only kind of statements allowed in a canonical dataflow region are variable declarations and function calls, the compiler may not be able to correctly handle the region |
+----------+---------+-----------------------------------------------------+------------------------------------------------------------------------------------------------------------------------------------------------------------------------------------+

* Valid Pragma Syntax
+---------------+--------------------------------------------------+--------------------------------------------------------------------+
| Type          | Options                                          | Location                                                           |
+---------------+--------------------------------------------------+--------------------------------------------------------------------+
| interface     | ap_ctrl_none port=return                         | ../import_files/import_files/2D_idct.cpp:20 in idct, return        |
| interface     | axis register both port=DCAC                     | ../import_files/import_files/2D_idct.cpp:23 in idct, DCAC          |
| interface     | axis register both port=blockout                 | ../import_files/import_files/2D_idct.cpp:24 in idct, blockout      |
| array_reshape | variable=DCAC_temp type=block factor=2 dim=2     | ../import_files/import_files/2D_idct.cpp:34 in idct, DCAC_temp     |
| array_reshape | variable=blockout_temp type=block factor=4 dim=2 | ../import_files/import_files/2D_idct.cpp:35 in idct, blockout_temp |
| unroll        | factor=2                                         | ../import_files/import_files/2D_idct.cpp:62 in idct                |
| unroll        | factor=2                                         | ../import_files/import_files/2D_idct.cpp:131 in idct               |
+---------------+--------------------------------------------------+--------------------------------------------------------------------+


