

================================================================
== Vitis HLS Report for 'idct'
================================================================
* Date:           Wed Feb  5 21:12:21 2025

* Version:        2022.1 (Build 3526262 on Mon Apr 18 15:48:16 MDT 2022)
* Project:        ECE423_Lab2
* Solution:       solution1 (Vivado IP Flow Target)
* Product family: zynq
* Target device:  xc7z020-clg400-1


================================================================
== Performance Estimates
================================================================
+ Timing: 
    * Summary: 
    +--------+----------+----------+------------+
    |  Clock |  Target  | Estimated| Uncertainty|
    +--------+----------+----------+------------+
    |ap_clk  |  10.00 ns|  8.374 ns|     1.25 ns|
    +--------+----------+----------+------------+

+ Latency: 
    * Summary: 
    +---------+---------+----------+----------+-----+-----+----------+
    |  Latency (cycles) |  Latency (absolute) |  Interval | Pipeline |
    |   min   |   max   |    min   |    max   | min | max |   Type   |
    +---------+---------+----------+----------+-----+-----+----------+
    |      152|      152|  1.520 us|  1.520 us|   86|   86|  dataflow|
    +---------+---------+----------+----------+-----+-----+----------+

    + Detail: 
        * Instance: 
        +-------------------------------------+----------------------------------+---------+---------+----------+----------+-----+-----+---------+
        |                                     |                                  |  Latency (cycles) |  Latency (absolute) |  Interval | Pipeline|
        |               Instance              |              Module              |   min   |   max   |    min   |    max   | min | max |   Type  |
        +-------------------------------------+----------------------------------+---------+---------+----------+----------+-----+-----+---------+
        |Loop_VITIS_LOOP_39_1_proc1_U0        |Loop_VITIS_LOOP_39_1_proc1        |       66|       66|  0.660 us|  0.660 us|   66|   66|       no|
        |Block_idct_for_cond_i_exit_proc2_U0  |Block_idct_for_cond_i_exit_proc2  |       85|       85|  0.850 us|  0.850 us|   85|   85|       no|
        +-------------------------------------+----------------------------------+---------+---------+----------+----------+-----+-----+---------+

        * Loop: 
        N/A



================================================================
== Utilization Estimates
================================================================
* Summary: 
+-----------------+---------+-----+--------+-------+-----+
|       Name      | BRAM_18K| DSP |   FF   |  LUT  | URAM|
+-----------------+---------+-----+--------+-------+-----+
|DSP              |        -|    -|       -|      -|    -|
|Expression       |        -|    -|       -|      -|    -|
|FIFO             |        -|    -|       -|      -|    -|
|Instance         |        -|  192|    7058|  16119|    -|
|Memory           |        4|    -|       0|      0|    0|
|Multiplexer      |        -|    -|       -|      -|    -|
|Register         |        -|    -|       -|      -|    -|
+-----------------+---------+-----+--------+-------+-----+
|Total            |        4|  192|    7058|  16119|    0|
+-----------------+---------+-----+--------+-------+-----+
|Available        |      280|  220|  106400|  53200|    0|
+-----------------+---------+-----+--------+-------+-----+
|Utilization (%)  |        1|   87|       6|     30|    0|
+-----------------+---------+-----+--------+-------+-----+

+ Detail: 
    * Instance: 
    +-------------------------------------+----------------------------------+---------+-----+------+-------+-----+
    |               Instance              |              Module              | BRAM_18K| DSP |  FF  |  LUT  | URAM|
    +-------------------------------------+----------------------------------+---------+-----+------+-------+-----+
    |Block_idct_for_cond_i_exit_proc2_U0  |Block_idct_for_cond_i_exit_proc2  |        0|  192|  7019|  15842|    0|
    |Loop_VITIS_LOOP_39_1_proc1_U0        |Loop_VITIS_LOOP_39_1_proc1        |        0|    0|    39|    277|    0|
    +-------------------------------------+----------------------------------+---------+-----+------+-------+-----+
    |Total                                |                                  |        0|  192|  7058|  16119|    0|
    +-------------------------------------+----------------------------------+---------+-----+------+-------+-----+

    * DSP: 
    N/A

    * Memory: 
    +-------------+-------------------------+---------+---+----+-----+------+-----+------+-------------+
    |    Memory   |          Module         | BRAM_18K| FF| LUT| URAM| Words| Bits| Banks| W*Bits*Banks|
    +-------------+-------------------------+---------+---+----+-----+------+-----+------+-------------+
    |DCAC_temp_U  |DCAC_temp_RAM_AUTO_1R1W  |        4|  0|   0|    0|    32|   32|     1|         1024|
    +-------------+-------------------------+---------+---+----+-----+------+-----+------+-------------+
    |Total        |                         |        4|  0|   0|    0|    32|   32|     1|         1024|
    +-------------+-------------------------+---------+---+----+-----+------+-----+------+-------------+

    * FIFO: 
    N/A

    * Expression: 
    N/A

    * Multiplexer: 
    N/A

    * Register: 
    N/A



================================================================
== Interface
================================================================
* Summary: 
+-----------------+-----+-----+--------------+--------------+--------------+
|    RTL Ports    | Dir | Bits|   Protocol   | Source Object|    C Type    |
+-----------------+-----+-----+--------------+--------------+--------------+
|ap_clk           |   in|    1|  ap_ctrl_none|          idct|  return value|
|ap_rst_n         |   in|    1|  ap_ctrl_none|          idct|  return value|
|DCAC_TDATA       |   in|   16|          axis|          DCAC|       pointer|
|DCAC_TVALID      |   in|    1|          axis|          DCAC|       pointer|
|DCAC_TREADY      |  out|    1|          axis|          DCAC|       pointer|
|blockout_TDATA   |  out|    8|          axis|      blockout|       pointer|
|blockout_TVALID  |  out|    1|          axis|      blockout|       pointer|
|blockout_TREADY  |   in|    1|          axis|      blockout|       pointer|
+-----------------+-----+-----+--------------+--------------+--------------+

