

================================================================
== Vitis HLS Report for 'idct'
================================================================
* Date:           Wed Feb  5 18:39:13 2025

* Version:        2022.1 (Build 3526262 on Mon Apr 18 15:48:16 MDT 2022)
* Project:        ECE423_Lab2
* Solution:       solution1 (Vivado IP Flow Target)
* Product family: zynq
* Target device:  xc7z020-clg400-1


================================================================
== Performance Estimates
================================================================
+ Timing: 
    * Summary: 
    +--------+----------+----------+------------+
    |  Clock |  Target  | Estimated| Uncertainty|
    +--------+----------+----------+------------+
    |ap_clk  |  10.00 ns|  7.779 ns|     1.25 ns|
    +--------+----------+----------+------------+

+ Latency: 
    * Summary: 
    +---------+---------+----------+----------+-----+-----+----------+
    |  Latency (cycles) |  Latency (absolute) |  Interval | Pipeline |
    |   min   |   max   |    min   |    max   | min | max |   Type   |
    +---------+---------+----------+----------+-----+-----+----------+
    |      194|      194|  1.940 us|  1.940 us|   76|   76|  dataflow|
    +---------+---------+----------+----------+-----+-----+----------+

    + Detail: 
        * Instance: 
        +--------------------------------+-----------------------------+---------+---------+----------+----------+-----+-----+---------+
        |                                |                             |  Latency (cycles) |  Latency (absolute) |  Interval | Pipeline|
        |            Instance            |            Module           |   min   |   max   |    min   |    max   | min | max |   Type  |
        +--------------------------------+-----------------------------+---------+---------+----------+----------+-----+-----+---------+
        |Loop_VITIS_LOOP_38_1_proc1_U0   |Loop_VITIS_LOOP_38_1_proc1   |       66|       66|  0.660 us|  0.660 us|   66|   66|       no|
        |Loop_VITIS_LOOP_59_2_proc_U0    |Loop_VITIS_LOOP_59_2_proc    |       51|       51|  0.510 us|  0.510 us|   51|   51|       no|
        |Loop_VITIS_LOOP_130_3_proc2_U0  |Loop_VITIS_LOOP_130_3_proc2  |       75|       75|  0.750 us|  0.750 us|   75|   75|       no|
        +--------------------------------+-----------------------------+---------+---------+----------+----------+-----+-----+---------+

        * Loop: 
        N/A



================================================================
== Utilization Estimates
================================================================
* Summary: 
+-----------------+---------+-----+--------+-------+-----+
|       Name      | BRAM_18K| DSP |   FF   |  LUT  | URAM|
+-----------------+---------+-----+--------+-------+-----+
|DSP              |        -|    -|       -|      -|    -|
|Expression       |        -|    -|       -|      -|    -|
|FIFO             |        -|    -|       -|      -|    -|
|Instance         |        -|   48|    2859|   6608|    -|
|Memory           |        8|    -|       0|      0|    0|
|Multiplexer      |        -|    -|       -|      -|    -|
|Register         |        -|    -|       -|      -|    -|
+-----------------+---------+-----+--------+-------+-----+
|Total            |        8|   48|    2859|   6608|    0|
+-----------------+---------+-----+--------+-------+-----+
|Available        |      280|  220|  106400|  53200|    0|
+-----------------+---------+-----+--------+-------+-----+
|Utilization (%)  |        2|   21|       2|     12|    0|
+-----------------+---------+-----+--------+-------+-----+

+ Detail: 
    * Instance: 
    +--------------------------------+-----------------------------+---------+----+------+------+-----+
    |            Instance            |            Module           | BRAM_18K| DSP|  FF  |  LUT | URAM|
    +--------------------------------+-----------------------------+---------+----+------+------+-----+
    |Loop_VITIS_LOOP_130_3_proc2_U0  |Loop_VITIS_LOOP_130_3_proc2  |        0|  24|  1507|  2526|    0|
    |Loop_VITIS_LOOP_38_1_proc1_U0   |Loop_VITIS_LOOP_38_1_proc1   |        0|   0|    39|   277|    0|
    |Loop_VITIS_LOOP_59_2_proc_U0    |Loop_VITIS_LOOP_59_2_proc    |        0|  24|  1313|  3805|    0|
    +--------------------------------+-----------------------------+---------+----+------+------+-----+
    |Total                           |                             |        0|  48|  2859|  6608|    0|
    +--------------------------------+-----------------------------+---------+----+------+------+-----+

    * DSP: 
    N/A

    * Memory: 
    +-------------+-------------------------+---------+---+----+-----+------+-----+------+-------------+
    |    Memory   |          Module         | BRAM_18K| FF| LUT| URAM| Words| Bits| Banks| W*Bits*Banks|
    +-------------+-------------------------+---------+---+----+-----+------+-----+------+-------------+
    |DCAC_temp_U  |DCAC_temp_RAM_AUTO_1R1W  |        4|  0|   0|    0|    32|   32|     1|         1024|
    |workspace_U  |workspace_RAM_AUTO_1R1W  |        4|  0|   0|    0|    64|   21|     1|         1344|
    +-------------+-------------------------+---------+---+----+-----+------+-----+------+-------------+
    |Total        |                         |        8|  0|   0|    0|    96|   53|     2|         2368|
    +-------------+-------------------------+---------+---+----+-----+------+-----+------+-------------+

    * FIFO: 
    N/A

    * Expression: 
    N/A

    * Multiplexer: 
    N/A

    * Register: 
    N/A



================================================================
== Interface
================================================================
* Summary: 
+-----------------+-----+-----+--------------+--------------+--------------+
|    RTL Ports    | Dir | Bits|   Protocol   | Source Object|    C Type    |
+-----------------+-----+-----+--------------+--------------+--------------+
|ap_clk           |   in|    1|  ap_ctrl_none|          idct|  return value|
|ap_rst_n         |   in|    1|  ap_ctrl_none|          idct|  return value|
|DCAC_TDATA       |   in|   16|          axis|          DCAC|       pointer|
|DCAC_TVALID      |   in|    1|          axis|          DCAC|       pointer|
|DCAC_TREADY      |  out|    1|          axis|          DCAC|       pointer|
|blockout_TDATA   |  out|    8|          axis|      blockout|       pointer|
|blockout_TVALID  |  out|    1|          axis|      blockout|       pointer|
|blockout_TREADY  |   in|    1|          axis|      blockout|       pointer|
+-----------------+-----+-----+--------------+--------------+--------------+

