

================================================================
== Vitis HLS Report for 'Loop_VITIS_LOOP_39_1_proc1'
================================================================
* Date:           Wed Feb  5 21:12:11 2025

* Version:        2022.1 (Build 3526262 on Mon Apr 18 15:48:16 MDT 2022)
* Project:        ECE423_Lab2
* Solution:       solution1 (Vivado IP Flow Target)
* Product family: zynq
* Target device:  xc7z020-clg400-1


================================================================
== Performance Estimates
================================================================
+ Timing: 
    * Summary: 
    +--------+----------+----------+------------+
    |  Clock |  Target  | Estimated| Uncertainty|
    +--------+----------+----------+------------+
    |ap_clk  |  10.00 ns|  7.242 ns|     1.25 ns|
    +--------+----------+----------+------------+

+ Latency: 
    * Summary: 
    +---------+---------+----------+----------+-----+-----+---------+
    |  Latency (cycles) |  Latency (absolute) |  Interval | Pipeline|
    |   min   |   max   |    min   |    max   | min | max |   Type  |
    +---------+---------+----------+----------+-----+-----+---------+
    |       66|       66|  0.660 us|  0.660 us|   66|   66|       no|
    +---------+---------+----------+----------+-----+-----+---------+

    + Detail: 
        * Instance: 
        N/A

        * Loop: 
        +---------------------------------+---------+---------+----------+-----------+-----------+------+----------+
        |                                 |  Latency (cycles) | Iteration|  Initiation Interval  | Trip |          |
        |            Loop Name            |   min   |   max   |  Latency |  achieved |   target  | Count| Pipelined|
        +---------------------------------+---------+---------+----------+-----------+-----------+------+----------+
        |- VITIS_LOOP_39_1_DCAC_col_copy  |       64|       64|         2|          1|          1|    64|       yes|
        +---------------------------------+---------+---------+----------+-----------+-----------+------+----------+



================================================================
== Utilization Estimates
================================================================
* Summary: 
+-----------------+---------+-----+--------+-------+-----+
|       Name      | BRAM_18K| DSP |   FF   |  LUT  | URAM|
+-----------------+---------+-----+--------+-------+-----+
|DSP              |        -|    -|       -|      -|    -|
|Expression       |        -|    -|       0|    187|    -|
|FIFO             |        -|    -|       -|      -|    -|
|Instance         |        -|    -|       -|      -|    -|
|Memory           |        -|    -|       -|      -|    -|
|Multiplexer      |        -|    -|       -|     90|    -|
|Register         |        -|    -|      39|      -|    -|
+-----------------+---------+-----+--------+-------+-----+
|Total            |        0|    0|      39|    277|    0|
+-----------------+---------+-----+--------+-------+-----+
|Available        |      280|  220|  106400|  53200|    0|
+-----------------+---------+-----+--------+-------+-----+
|Utilization (%)  |        0|    0|      ~0|     ~0|    0|
+-----------------+---------+-----+--------+-------+-----+

+ Detail: 
    * Instance: 
    N/A

    * DSP: 
    N/A

    * Memory: 
    N/A

    * FIFO: 
    N/A

    * Expression: 
    +----------------------------------+----------+----+---+-----+------------+------------+
    |           Variable Name          | Operation| DSP| FF| LUT | Bitwidth P0| Bitwidth P1|
    +----------------------------------+----------+----+---+-----+------------+------------+
    |add_ln39_1_fu_120_p2              |         +|   0|  0|   14|           7|           1|
    |add_ln39_fu_174_p2                |         +|   0|  0|   13|           4|           1|
    |add_ln41_fu_155_p2                |         +|   0|  0|   13|           4|           1|
    |ap_condition_100                  |       and|   0|  0|    2|           1|           1|
    |ap_condition_112                  |       and|   0|  0|    2|           1|           1|
    |icmp_ln39_fu_114_p2               |      icmp|   0|  0|   11|           7|           8|
    |icmp_ln41_fu_129_p2               |      icmp|   0|  0|    9|           4|           5|
    |ap_block_pp0_stage0_11001         |        or|   0|  0|    2|           1|           1|
    |ap_block_state1_pp0_stage0_iter0  |        or|   0|  0|    2|           1|           1|
    |select_ln39_1_fu_180_p3           |    select|   0|  0|    4|           1|           4|
    |select_ln39_fu_135_p3             |    select|   0|  0|    4|           1|           1|
    |DCAC_temp_d0                      |       shl|   0|  0|  100|          32|          32|
    |shl_ln44_1_fu_235_p2              |       shl|   0|  0|    9|           2|           4|
    |ap_enable_pp0                     |       xor|   0|  0|    2|           1|           2|
    +----------------------------------+----------+----+---+-----+------------+------------+
    |Total                             |          |   0|  0|  187|          67|          63|
    +----------------------------------+----------+----+---+-----+------------+------------+

    * Multiplexer: 
    +--------------------------------------+----+-----------+-----+-----------+
    |                 Name                 | LUT| Input Size| Bits| Total Bits|
    +--------------------------------------+----+-----------+-----+-----------+
    |DCAC_TDATA_blk_n                      |   9|          2|    1|          2|
    |DCAC_temp_we0                         |   9|          2|    4|          8|
    |ap_done_int                           |   9|          2|    1|          2|
    |ap_enable_reg_pp0_iter1               |   9|          2|    1|          2|
    |ap_sig_allocacmp_c_load               |   9|          2|    4|          8|
    |ap_sig_allocacmp_indvar_flatten_load  |   9|          2|    7|         14|
    |ap_sig_allocacmp_r_load               |   9|          2|    4|          8|
    |c_fu_66                               |   9|          2|    4|          8|
    |indvar_flatten_fu_74                  |   9|          2|    7|         14|
    |r_fu_70                               |   9|          2|    4|          8|
    +--------------------------------------+----+-----------+-----+-----------+
    |Total                                 |  90|         20|   37|         74|
    +--------------------------------------+----+-----------+-----+-----------+

    * Register: 
    +----------------------------+----+----+-----+-----------+
    |            Name            | FF | LUT| Bits| Const Bits|
    +----------------------------+----+----+-----+-----------+
    |DCAC_read_reg_281           |  16|   0|   16|          0|
    |ap_CS_fsm                   |   1|   0|    1|          0|
    |ap_done_reg                 |   1|   0|    1|          0|
    |ap_enable_reg_pp0_iter1     |   1|   0|    1|          0|
    |ap_loop_init_pp0_iter1_reg  |   1|   0|    1|          0|
    |c_fu_66                     |   4|   0|    4|          0|
    |empty_49_reg_276            |   2|   0|    2|          0|
    |icmp_ln41_reg_271           |   1|   0|    1|          0|
    |indvar_flatten_fu_74        |   7|   0|    7|          0|
    |r_fu_70                     |   4|   0|    4|          0|
    |tmp_reg_286                 |   1|   0|    1|          0|
    +----------------------------+----+----+-----+-----------+
    |Total                       |  39|   0|   39|          0|
    +----------------------------+----+----+-----+-----------+



================================================================
== Interface
================================================================
* Summary: 
+--------------------+-----+-----+------------+----------------------------+--------------+
|      RTL Ports     | Dir | Bits|  Protocol  |        Source Object       |    C Type    |
+--------------------+-----+-----+------------+----------------------------+--------------+
|ap_clk              |   in|    1|  ap_ctrl_hs|  Loop_VITIS_LOOP_39_1_proc1|  return value|
|ap_rst              |   in|    1|  ap_ctrl_hs|  Loop_VITIS_LOOP_39_1_proc1|  return value|
|ap_start            |   in|    1|  ap_ctrl_hs|  Loop_VITIS_LOOP_39_1_proc1|  return value|
|ap_done             |  out|    1|  ap_ctrl_hs|  Loop_VITIS_LOOP_39_1_proc1|  return value|
|ap_continue         |   in|    1|  ap_ctrl_hs|  Loop_VITIS_LOOP_39_1_proc1|  return value|
|ap_idle             |  out|    1|  ap_ctrl_hs|  Loop_VITIS_LOOP_39_1_proc1|  return value|
|ap_ready            |  out|    1|  ap_ctrl_hs|  Loop_VITIS_LOOP_39_1_proc1|  return value|
|DCAC_TVALID         |   in|    1|        axis|                        DCAC|       pointer|
|DCAC_TDATA          |   in|   16|        axis|                        DCAC|       pointer|
|DCAC_TREADY         |  out|    1|        axis|                        DCAC|       pointer|
|DCAC_temp_address0  |  out|    5|   ap_memory|                   DCAC_temp|         array|
|DCAC_temp_ce0       |  out|    1|   ap_memory|                   DCAC_temp|         array|
|DCAC_temp_we0       |  out|    4|   ap_memory|                   DCAC_temp|         array|
|DCAC_temp_d0        |  out|   32|   ap_memory|                   DCAC_temp|         array|
+--------------------+-----+-----+------------+----------------------------+--------------+

