

================================================================
== Vitis HLS Report for 'Loop_VITIS_LOOP_130_3_proc2'
================================================================
* Date:           Wed Feb  5 18:39:12 2025

* Version:        2022.1 (Build 3526262 on Mon Apr 18 15:48:16 MDT 2022)
* Project:        ECE423_Lab2
* Solution:       solution1 (Vivado IP Flow Target)
* Product family: zynq
* Target device:  xc7z020-clg400-1


================================================================
== Performance Estimates
================================================================
+ Timing: 
    * Summary: 
    +--------+----------+----------+------------+
    |  Clock |  Target  | Estimated| Uncertainty|
    +--------+----------+----------+------------+
    |ap_clk  |  10.00 ns|  7.779 ns|     1.25 ns|
    +--------+----------+----------+------------+

+ Latency: 
    * Summary: 
    +---------+---------+----------+----------+-----+-----+---------+
    |  Latency (cycles) |  Latency (absolute) |  Interval | Pipeline|
    |   min   |   max   |    min   |    max   | min | max |   Type  |
    +---------+---------+----------+----------+-----+-----+---------+
    |       75|       75|  0.750 us|  0.750 us|   75|   75|       no|
    +---------+---------+----------+----------+-----+-----+---------+

    + Detail: 
        * Instance: 
        N/A

        * Loop: 
        +--------------------+---------+---------+----------+-----------+-----------+------+----------+
        |                    |  Latency (cycles) | Iteration|  Initiation Interval  | Trip |          |
        |      Loop Name     |   min   |   max   |  Latency |  achieved |   target  | Count| Pipelined|
        +--------------------+---------+---------+----------+-----------+-----------+------+----------+
        |- VITIS_LOOP_130_3  |       73|       73|        26|         16|          1|     4|       yes|
        +--------------------+---------+---------+----------+-----------+-----------+------+----------+



================================================================
== Utilization Estimates
================================================================
* Summary: 
+-----------------+---------+-----+--------+-------+-----+
|       Name      | BRAM_18K| DSP |   FF   |  LUT  | URAM|
+-----------------+---------+-----+--------+-------+-----+
|DSP              |        -|   24|       -|      -|    -|
|Expression       |        -|    -|       0|   2187|    -|
|FIFO             |        -|    -|       -|      -|    -|
|Instance         |        -|    -|       -|      -|    -|
|Memory           |        -|    -|       -|      -|    -|
|Multiplexer      |        -|    -|       -|    339|    -|
|Register         |        -|    -|    1507|      -|    -|
+-----------------+---------+-----+--------+-------+-----+
|Total            |        0|   24|    1507|   2526|    0|
+-----------------+---------+-----+--------+-------+-----+
|Available        |      280|  220|  106400|  53200|    0|
+-----------------+---------+-----+--------+-------+-----+
|Utilization (%)  |        0|   10|       1|      4|    0|
+-----------------+---------+-----+--------+-------+-----+

+ Detail: 
    * Instance: 
    N/A

    * DSP: 
    +-------------------------------------+---------------------------------+----------------+
    |               Instance              |              Module             |   Expression   |
    +-------------------------------------+---------------------------------+----------------+
    |am_addmul_21s_21s_13ns_32_4_1_U43    |am_addmul_21s_21s_13ns_32_4_1    |  (i0 + i1) * i2|
    |am_addmul_21s_21s_13ns_32_4_1_U53    |am_addmul_21s_21s_13ns_32_4_1    |  (i0 + i1) * i2|
    |am_addmul_21s_21s_14s_32_4_1_U42     |am_addmul_21s_21s_14s_32_4_1     |  (i0 + i1) * i2|
    |am_addmul_21s_21s_14s_32_4_1_U57     |am_addmul_21s_21s_14s_32_4_1     |  (i0 + i1) * i2|
    |am_addmul_21s_21s_16s_32_4_1_U41     |am_addmul_21s_21s_16s_32_4_1     |  (i0 + i1) * i2|
    |am_addmul_21s_21s_16s_32_4_1_U56     |am_addmul_21s_21s_16s_32_4_1     |  (i0 + i1) * i2|
    |am_addmul_22s_22s_14ns_32_4_1_U44    |am_addmul_22s_22s_14ns_32_4_1    |  (i0 + i1) * i2|
    |am_addmul_22s_22s_14ns_32_4_1_U54    |am_addmul_22s_22s_14ns_32_4_1    |  (i0 + i1) * i2|
    |mac_muladd_21s_12ns_32ns_32_4_1_U51  |mac_muladd_21s_12ns_32ns_32_4_1  |    i0 * i1 + i2|
    |mac_muladd_21s_12ns_32ns_32_4_1_U63  |mac_muladd_21s_12ns_32ns_32_4_1  |    i0 * i1 + i2|
    |mac_muladd_21s_13ns_32s_32_4_1_U45   |mac_muladd_21s_13ns_32s_32_4_1   |    i0 + i1 * i2|
    |mac_muladd_21s_13ns_32s_32_4_1_U55   |mac_muladd_21s_13ns_32s_32_4_1   |    i0 + i1 * i2|
    |mac_muladd_21s_14ns_32ns_32_4_1_U47  |mac_muladd_21s_14ns_32ns_32_4_1  |    i0 * i1 + i2|
    |mac_muladd_21s_14ns_32ns_32_4_1_U59  |mac_muladd_21s_14ns_32ns_32_4_1  |    i0 * i1 + i2|
    |mac_muladd_21s_15ns_32ns_32_4_1_U50  |mac_muladd_21s_15ns_32ns_32_4_1  |    i0 * i1 + i2|
    |mac_muladd_21s_15ns_32ns_32_4_1_U52  |mac_muladd_21s_15ns_32ns_32_4_1  |    i0 * i1 + i2|
    |mac_muladd_21s_15ns_32ns_32_4_1_U62  |mac_muladd_21s_15ns_32ns_32_4_1  |    i0 * i1 + i2|
    |mac_muladd_21s_15ns_32ns_32_4_1_U64  |mac_muladd_21s_15ns_32ns_32_4_1  |    i0 * i1 + i2|
    |mac_muladd_21s_15s_32s_32_4_1_U49    |mac_muladd_21s_15s_32s_32_4_1    |    i0 + i1 * i2|
    |mac_muladd_21s_15s_32s_32_4_1_U61    |mac_muladd_21s_15s_32s_32_4_1    |    i0 + i1 * i2|
    |mac_muladd_22s_13s_32s_32_4_1_U46    |mac_muladd_22s_13s_32s_32_4_1    |    i0 + i1 * i2|
    |mac_muladd_22s_13s_32s_32_4_1_U58    |mac_muladd_22s_13s_32s_32_4_1    |    i0 + i1 * i2|
    |mac_muladd_22s_15s_32s_32_4_1_U48    |mac_muladd_22s_15s_32s_32_4_1    |    i0 + i1 * i2|
    |mac_muladd_22s_15s_32s_32_4_1_U60    |mac_muladd_22s_15s_32s_32_4_1    |    i0 + i1 * i2|
    +-------------------------------------+---------------------------------+----------------+

    * Memory: 
    N/A

    * FIFO: 
    N/A

    * Expression: 
    +-----------------------------------+----------+----+---+----+------------+------------+
    |           Variable Name           | Operation| DSP| FF| LUT| Bitwidth P0| Bitwidth P1|
    +-----------------------------------+----------+----+---+----+------------+------------+
    |add_ln130_fu_352_p2                |         +|   0|  0|  13|           4|           2|
    |add_ln142_1_fu_1281_p2             |         +|   0|  0|  26|          19|          19|
    |add_ln142_fu_581_p2                |         +|   0|  0|  26|          19|          19|
    |add_ln186_1_fu_644_p2              |         +|   0|  0|  39|          32|          32|
    |add_ln186_2_fu_1304_p2             |         +|   0|  0|  32|          32|          32|
    |add_ln186_3_fu_1336_p2             |         +|   0|  0|  39|          32|          32|
    |add_ln186_4_fu_598_p2              |         +|   0|  0|  32|          32|          18|
    |add_ln186_5_fu_1298_p2             |         +|   0|  0|  32|          32|          18|
    |add_ln186_fu_604_p2                |         +|   0|  0|  32|          32|          32|
    |add_ln187_1_fu_808_p2              |         +|   0|  0|  39|          32|          32|
    |add_ln187_2_fu_1409_p2             |         +|   0|  0|  32|          32|          32|
    |add_ln187_3_fu_1499_p2             |         +|   0|  0|  39|          32|          32|
    |add_ln187_4_fu_712_p2              |         +|   0|  0|  32|          32|          18|
    |add_ln187_5_fu_1403_p2             |         +|   0|  0|  32|          32|          18|
    |add_ln187_fu_718_p2                |         +|   0|  0|  32|          32|          32|
    |add_ln188_1_fu_986_p2              |         +|   0|  0|  39|          32|          32|
    |add_ln188_2_fu_1414_p2             |         +|   0|  0|  32|          32|          18|
    |add_ln188_3_fu_1632_p2             |         +|   0|  0|  39|          32|          32|
    |add_ln188_fu_723_p2                |         +|   0|  0|  32|          32|          18|
    |add_ln189_1_fu_1057_p2             |         +|   0|  0|  39|          32|          32|
    |add_ln189_2_fu_1309_p2             |         +|   0|  0|  32|          32|          18|
    |add_ln189_3_fu_1702_p2             |         +|   0|  0|  39|          32|          32|
    |add_ln189_fu_609_p2                |         +|   0|  0|  32|          32|          18|
    |tmp0_10_fu_795_p2                  |         +|   0|  0|  39|          32|          32|
    |tmp0_14_fu_1486_p2                 |         +|   0|  0|  39|          32|          32|
    |tmp1_10_fu_799_p2                  |         +|   0|  0|  39|          32|          32|
    |tmp1_14_fu_1490_p2                 |         +|   0|  0|  39|          32|          32|
    |tmp2_10_fu_791_p2                  |         +|   0|  0|  39|          32|          32|
    |tmp2_14_fu_1482_p2                 |         +|   0|  0|  39|          32|          32|
    |tmp3_10_fu_635_p2                  |         +|   0|  0|  39|          32|          32|
    |tmp3_14_fu_1327_p2                 |         +|   0|  0|  39|          32|          32|
    |z3_12_fu_958_p2                    |         +|   0|  0|  29|          22|          22|
    |z3_8_fu_415_p2                     |         +|   0|  0|  29|          22|          22|
    |z4_8_fu_972_p2                     |         +|   0|  0|  29|          22|          22|
    |z4_fu_425_p2                       |         +|   0|  0|  29|          22|          22|
    |sub_ln143_1_fu_1277_p2             |         -|   0|  0|  26|          19|          19|
    |sub_ln143_fu_577_p2                |         -|   0|  0|  26|          19|          19|
    |sub_ln190_1_fu_1698_p2             |         -|   0|  0|  39|          32|          32|
    |sub_ln190_fu_1053_p2               |         -|   0|  0|  39|          32|          32|
    |sub_ln191_1_fu_1628_p2             |         -|   0|  0|  39|          32|          32|
    |sub_ln191_fu_982_p2                |         -|   0|  0|  39|          32|          32|
    |sub_ln192_1_fu_1494_p2             |         -|   0|  0|  39|          32|          32|
    |sub_ln192_fu_803_p2                |         -|   0|  0|  39|          32|          32|
    |sub_ln193_1_fu_1331_p2             |         -|   0|  0|  39|          32|          32|
    |sub_ln193_fu_639_p2                |         -|   0|  0|  39|          32|          32|
    |tmp12_2_fu_1322_p2                 |         -|   0|  0|  32|          32|          32|
    |tmp12_fu_630_p2                    |         -|   0|  0|  32|          32|          32|
    |tmp13_2_fu_1293_p2                 |         -|   0|  0|  32|          32|          32|
    |tmp13_fu_593_p2                    |         -|   0|  0|  32|          32|          32|
    |ap_block_state10_io                |       and|   0|  0|   2|           1|           1|
    |ap_condition_688                   |       and|   0|  0|   2|           1|           1|
    |icmp_ln186_1_fu_1369_p2            |      icmp|   0|  0|  10|           6|           1|
    |icmp_ln186_fu_677_p2               |      icmp|   0|  0|  10|           6|           1|
    |icmp_ln187_1_fu_1532_p2            |      icmp|   0|  0|  10|           6|           1|
    |icmp_ln187_fu_841_p2               |      icmp|   0|  0|  10|           6|           1|
    |icmp_ln188_1_fu_1664_p2            |      icmp|   0|  0|  10|           6|           1|
    |icmp_ln188_fu_1018_p2              |      icmp|   0|  0|  10|           6|           1|
    |icmp_ln189_1_fu_1734_p2            |      icmp|   0|  0|  10|           6|           1|
    |icmp_ln189_fu_1089_p2              |      icmp|   0|  0|  10|           6|           1|
    |icmp_ln190_1_fu_1796_p2            |      icmp|   0|  0|  10|           6|           1|
    |icmp_ln190_fu_1151_p2              |      icmp|   0|  0|  10|           6|           1|
    |icmp_ln191_1_fu_1858_p2            |      icmp|   0|  0|  10|           6|           1|
    |icmp_ln191_fu_1213_p2              |      icmp|   0|  0|  10|           6|           1|
    |icmp_ln192_1_fu_1594_p2            |      icmp|   0|  0|  10|           6|           1|
    |icmp_ln192_fu_904_p2               |      icmp|   0|  0|  10|           6|           1|
    |icmp_ln193_1_fu_1448_p2            |      icmp|   0|  0|  10|           6|           1|
    |icmp_ln193_fu_757_p2               |      icmp|   0|  0|  10|           6|           1|
    |ap_block_pp0_stage0_01001          |        or|   0|  0|   2|           1|           1|
    |ap_block_pp0_stage10_01001         |        or|   0|  0|   2|           1|           1|
    |ap_block_pp0_stage10_11001         |        or|   0|  0|   2|           1|           1|
    |ap_block_pp0_stage11_01001         |        or|   0|  0|   2|           1|           1|
    |ap_block_pp0_stage11_11001         |        or|   0|  0|   2|           1|           1|
    |ap_block_pp0_stage12_11001         |        or|   0|  0|   2|           1|           1|
    |ap_block_pp0_stage13_11001         |        or|   0|  0|   2|           1|           1|
    |ap_block_pp0_stage14_11001         |        or|   0|  0|   2|           1|           1|
    |ap_block_pp0_stage15_11001         |        or|   0|  0|   2|           1|           1|
    |ap_block_pp0_stage1_01001          |        or|   0|  0|   2|           1|           1|
    |ap_block_pp0_stage9_01001          |        or|   0|  0|   2|           1|           1|
    |ap_block_pp0_stage9_11001          |        or|   0|  0|   2|           1|           1|
    |ap_block_state10_pp0_stage9_iter0  |        or|   0|  0|   2|           1|           1|
    |or_ln135_1_fu_557_p2               |        or|   0|  0|   6|           6|           4|
    |or_ln135_2_fu_529_p2               |        or|   0|  0|   6|           6|           4|
    |or_ln135_fu_383_p2                 |        or|   0|  0|   6|           6|           2|
    |or_ln136_1_fu_539_p2               |        or|   0|  0|   6|           6|           4|
    |or_ln136_fu_393_p2                 |        or|   0|  0|   6|           6|           3|
    |or_ln142_1_fu_567_p2               |        or|   0|  0|   6|           6|           4|
    |or_ln142_fu_443_p2                 |        or|   0|  0|   6|           6|           3|
    |or_ln154_1_fu_474_p2               |        or|   0|  0|   6|           6|           4|
    |or_ln154_fu_330_p2                 |        or|   0|  0|   6|           6|           3|
    |or_ln155_1_fu_484_p2               |        or|   0|  0|   6|           6|           4|
    |or_ln155_fu_341_p2                 |        or|   0|  0|   6|           6|           3|
    |or_ln156_1_fu_501_p2               |        or|   0|  0|   6|           6|           4|
    |or_ln156_fu_363_p2                 |        or|   0|  0|   6|           6|           2|
    |or_ln157_1_fu_511_p2               |        or|   0|  0|   6|           6|           4|
    |or_ln157_fu_373_p2                 |        or|   0|  0|   6|           6|           1|
    |or_ln186_1_fu_1375_p2              |        or|   0|  0|   2|           1|           1|
    |or_ln186_fu_683_p2                 |        or|   0|  0|   2|           1|           1|
    |or_ln187_1_fu_1538_p2              |        or|   0|  0|   2|           1|           1|
    |or_ln187_fu_847_p2                 |        or|   0|  0|   2|           1|           1|
    |or_ln188_1_fu_1670_p2              |        or|   0|  0|   2|           1|           1|
    |or_ln188_fu_1024_p2                |        or|   0|  0|   2|           1|           1|
    |or_ln189_1_fu_1740_p2              |        or|   0|  0|   2|           1|           1|
    |or_ln189_fu_1095_p2                |        or|   0|  0|   2|           1|           1|
    |or_ln190_1_fu_1802_p2              |        or|   0|  0|   2|           1|           1|
    |or_ln190_fu_1157_p2                |        or|   0|  0|   2|           1|           1|
    |or_ln191_1_fu_1864_p2              |        or|   0|  0|   2|           1|           1|
    |or_ln191_fu_1219_p2                |        or|   0|  0|   2|           1|           1|
    |or_ln192_1_fu_1600_p2              |        or|   0|  0|   2|           1|           1|
    |or_ln192_fu_910_p2                 |        or|   0|  0|   2|           1|           1|
    |or_ln193_1_fu_1454_p2              |        or|   0|  0|   2|           1|           1|
    |or_ln193_fu_763_p2                 |        or|   0|  0|   2|           1|           1|
    |select_ln186_1_fu_1395_p3          |    select|   0|  0|   8|           1|           8|
    |select_ln186_2_fu_695_p3           |    select|   0|  0|   2|           1|           2|
    |select_ln186_3_fu_1387_p3          |    select|   0|  0|   2|           1|           2|
    |select_ln186_fu_703_p3             |    select|   0|  0|   8|           1|           8|
    |select_ln187_1_fu_1558_p3          |    select|   0|  0|   8|           1|           8|
    |select_ln187_2_fu_859_p3           |    select|   0|  0|   2|           1|           2|
    |select_ln187_3_fu_1550_p3          |    select|   0|  0|   2|           1|           2|
    |select_ln187_fu_867_p3             |    select|   0|  0|   8|           1|           8|
    |select_ln188_1_fu_1690_p3          |    select|   0|  0|   8|           1|           8|
    |select_ln188_2_fu_1036_p3          |    select|   0|  0|   2|           1|           2|
    |select_ln188_3_fu_1682_p3          |    select|   0|  0|   2|           1|           2|
    |select_ln188_fu_1044_p3            |    select|   0|  0|   8|           1|           8|
    |select_ln189_1_fu_1760_p3          |    select|   0|  0|   8|           1|           8|
    |select_ln189_2_fu_1107_p3          |    select|   0|  0|   2|           1|           2|
    |select_ln189_3_fu_1752_p3          |    select|   0|  0|   2|           1|           2|
    |select_ln189_fu_1115_p3            |    select|   0|  0|   8|           1|           8|
    |select_ln190_1_fu_1822_p3          |    select|   0|  0|   8|           1|           8|
    |select_ln190_2_fu_1169_p3          |    select|   0|  0|   2|           1|           2|
    |select_ln190_3_fu_1814_p3          |    select|   0|  0|   2|           1|           2|
    |select_ln190_fu_1177_p3            |    select|   0|  0|   8|           1|           8|
    |select_ln191_1_fu_1884_p3          |    select|   0|  0|   8|           1|           8|
    |select_ln191_2_fu_1231_p3          |    select|   0|  0|   2|           1|           2|
    |select_ln191_3_fu_1876_p3          |    select|   0|  0|   2|           1|           2|
    |select_ln191_fu_1239_p3            |    select|   0|  0|   8|           1|           8|
    |select_ln192_1_fu_1620_p3          |    select|   0|  0|   8|           1|           8|
    |select_ln192_2_fu_922_p3           |    select|   0|  0|   2|           1|           2|
    |select_ln192_3_fu_1612_p3          |    select|   0|  0|   2|           1|           2|
    |select_ln192_fu_930_p3             |    select|   0|  0|   8|           1|           8|
    |select_ln193_1_fu_1474_p3          |    select|   0|  0|   8|           1|           8|
    |select_ln193_2_fu_775_p3           |    select|   0|  0|   2|           1|           2|
    |select_ln193_3_fu_1466_p3          |    select|   0|  0|   2|           1|           2|
    |select_ln193_fu_783_p3             |    select|   0|  0|   8|           1|           8|
    |ap_enable_pp0                      |       xor|   0|  0|   2|           1|           2|
    |xor_ln186_1_fu_1381_p2             |       xor|   0|  0|   2|           1|           2|
    |xor_ln186_fu_689_p2                |       xor|   0|  0|   2|           1|           2|
    |xor_ln187_1_fu_1544_p2             |       xor|   0|  0|   2|           1|           2|
    |xor_ln187_fu_853_p2                |       xor|   0|  0|   2|           1|           2|
    |xor_ln188_1_fu_1676_p2             |       xor|   0|  0|   2|           1|           2|
    |xor_ln188_fu_1030_p2               |       xor|   0|  0|   2|           1|           2|
    |xor_ln189_1_fu_1746_p2             |       xor|   0|  0|   2|           1|           2|
    |xor_ln189_fu_1101_p2               |       xor|   0|  0|   2|           1|           2|
    |xor_ln190_1_fu_1808_p2             |       xor|   0|  0|   2|           1|           2|
    |xor_ln190_fu_1163_p2               |       xor|   0|  0|   2|           1|           2|
    |xor_ln191_1_fu_1870_p2             |       xor|   0|  0|   2|           1|           2|
    |xor_ln191_fu_1225_p2               |       xor|   0|  0|   2|           1|           2|
    |xor_ln192_1_fu_1606_p2             |       xor|   0|  0|   2|           1|           2|
    |xor_ln192_fu_916_p2                |       xor|   0|  0|   2|           1|           2|
    |xor_ln193_1_fu_1460_p2             |       xor|   0|  0|   2|           1|           2|
    |xor_ln193_fu_769_p2                |       xor|   0|  0|   2|           1|           2|
    +-----------------------------------+----------+----+---+----+------------+------------+
    |Total                              |          |   0|  0|2187|        1714|        1624|
    +-----------------------------------+----------+----+---+----+------------+------------+

    * Multiplexer: 
    +-----------------------------+----+-----------+-----+-----------+
    |             Name            | LUT| Input Size| Bits| Total Bits|
    +-----------------------------+----+-----------+-----+-----------+
    |ap_NS_fsm                    |  81|         17|    1|         17|
    |ap_done_int                  |   9|          2|    1|          2|
    |ap_enable_reg_pp0_iter0      |   9|          2|    1|          2|
    |ap_enable_reg_pp0_iter0_reg  |   9|          2|    1|          2|
    |ap_enable_reg_pp0_iter1      |   9|          2|    1|          2|
    |ap_sig_allocacmp_row_1       |   9|          2|    4|          8|
    |blockout_TDATA_blk_n         |   9|          2|    1|          2|
    |blockout_TDATA_int_regslice  |  81|         17|    8|        136|
    |reg_288                      |   9|          2|   21|         42|
    |reg_293                      |   9|          2|   21|         42|
    |row_fu_128                   |   9|          2|    4|          8|
    |workspace_address0           |  48|          9|    6|         54|
    |workspace_address1           |  48|          9|    6|         54|
    +-----------------------------+----+-----------+-----+-----------+
    |Total                        | 339|         70|   76|        371|
    +-----------------------------+----+-----------+-----+-----------+

    * Register: 
    +-----------------------------+----+----+-----+-----------+
    |             Name            | FF | LUT| Bits| Const Bits|
    +-----------------------------+----+----+-----+-----------+
    |add_ln180_2_reg_2532         |  32|   0|   32|          0|
    |add_ln180_reg_2329           |  32|   0|   32|          0|
    |add_ln181_2_reg_2515         |  32|   0|   32|          0|
    |add_ln181_reg_2300           |  32|   0|   32|          0|
    |add_ln186_2_reg_2520         |  32|   0|   32|          0|
    |add_ln186_reg_2305           |  32|   0|   32|          0|
    |add_ln187_2_reg_2542         |  32|   0|   32|          0|
    |add_ln187_reg_2339           |  32|   0|   32|          0|
    |add_ln188_2_reg_2548         |  32|   0|   32|          0|
    |add_ln188_reg_2345           |  32|   0|   32|          0|
    |add_ln189_2_reg_2526         |  32|   0|   32|          0|
    |add_ln189_reg_2311           |  32|   0|   32|          0|
    |ap_CS_fsm                    |  16|   0|   16|          0|
    |ap_done_reg                  |   1|   0|    1|          0|
    |ap_enable_reg_pp0_iter0_reg  |   1|   0|    1|          0|
    |ap_enable_reg_pp0_iter1      |   1|   0|    1|          0|
    |empty_62_reg_2166            |  19|   0|   19|          0|
    |empty_63_reg_2172            |  19|   0|   19|          0|
    |empty_64_reg_2317            |  19|   0|   19|          0|
    |empty_65_reg_2323            |  19|   0|   19|          0|
    |reg_276                      |  21|   0|   21|          0|
    |reg_280                      |  21|   0|   21|          0|
    |reg_284                      |  21|   0|   21|          0|
    |reg_288                      |  21|   0|   21|          0|
    |reg_293                      |  21|   0|   21|          0|
    |reg_298                      |  21|   0|   21|          0|
    |row_fu_128                   |   4|   0|    4|          0|
    |select_ln186_1_reg_2537      |   8|   0|    8|          0|
    |select_ln187_1_reg_2571      |   8|   0|    8|          0|
    |select_ln188_1_reg_2581      |   8|   0|    8|          0|
    |select_ln189_1_reg_2586      |   8|   0|    8|          0|
    |select_ln189_reg_2413        |   8|   0|    8|          0|
    |select_ln190_1_reg_2591      |   8|   0|    8|          0|
    |select_ln190_reg_2418        |   8|   0|    8|          0|
    |select_ln191_1_reg_2596      |   8|   0|    8|          0|
    |select_ln191_reg_2423        |   8|   0|    8|          0|
    |select_ln192_1_reg_2576      |   8|   0|    8|          0|
    |select_ln192_reg_2373        |   8|   0|    8|          0|
    |select_ln193_1_reg_2554      |   8|   0|    8|          0|
    |select_ln193_reg_2351        |   8|   0|    8|          0|
    |shl_ln_reg_2091              |   3|   0|    6|          3|
    |sub_ln143_1_reg_2504         |  19|   0|   19|          0|
    |sub_ln143_reg_2289           |  19|   0|   19|          0|
    |tmp0_10_reg_2356             |  32|   0|   32|          0|
    |tmp0_13_cast_reg_2378        |  22|   0|   22|          0|
    |tmp0_14_reg_2559             |  32|   0|   32|          0|
    |tmp1_10_reg_2362             |  32|   0|   32|          0|
    |tmp1_13_cast_reg_2383        |  22|   0|   22|          0|
    |tmp1_14_reg_2565             |  32|   0|   32|          0|
    |tmp2_13_cast_reg_2388        |  22|   0|   22|          0|
    |tmp3_11_reg_2470             |  32|   0|   32|          0|
    |tmp3_13_cast_reg_2398        |  22|   0|   22|          0|
    |tmp3_reg_2257                |  32|   0|   32|          0|
    |tmp_reg_2087                 |   1|   0|    1|          0|
    |z1_10_reg_2486               |  32|   0|   32|          0|
    |z1_7_reg_2203                |  32|   0|   32|          0|
    |z1_8_reg_2453                |  32|   0|   32|          0|
    |z1_reg_2230                  |  32|   0|   32|          0|
    |z2_10_reg_2492               |  32|   0|   32|          0|
    |z2_7_reg_2209                |  32|   0|   32|          0|
    |z3_10_reg_2294               |  32|   0|   32|          0|
    |z3_12_reg_2393               |  22|   0|   22|          0|
    |z3_14_reg_2509               |  32|   0|   32|          0|
    |z3_8_reg_2139                |  22|   0|   22|          0|
    |z4_10_reg_2498               |  32|   0|   32|          0|
    |z4_7_reg_2273                |  32|   0|   32|          0|
    |z4_8_reg_2403                |  22|   0|   22|          0|
    |z4_reg_2145                  |  22|   0|   22|          0|
    |z5_2_reg_2464                |  32|   0|   32|          0|
    |z5_reg_2241                  |  32|   0|   32|          0|
    +-----------------------------+----+----+-----+-----------+
    |Total                        |1507|   0| 1510|          3|
    +-----------------------------+----+----+-----+-----------+



================================================================
== Interface
================================================================
* Summary: 
+--------------------+-----+-----+------------+-----------------------------+--------------+
|      RTL Ports     | Dir | Bits|  Protocol  |        Source Object        |    C Type    |
+--------------------+-----+-----+------------+-----------------------------+--------------+
|ap_clk              |   in|    1|  ap_ctrl_hs|  Loop_VITIS_LOOP_130_3_proc2|  return value|
|ap_rst              |   in|    1|  ap_ctrl_hs|  Loop_VITIS_LOOP_130_3_proc2|  return value|
|ap_start            |   in|    1|  ap_ctrl_hs|  Loop_VITIS_LOOP_130_3_proc2|  return value|
|ap_done             |  out|    1|  ap_ctrl_hs|  Loop_VITIS_LOOP_130_3_proc2|  return value|
|ap_continue         |   in|    1|  ap_ctrl_hs|  Loop_VITIS_LOOP_130_3_proc2|  return value|
|ap_idle             |  out|    1|  ap_ctrl_hs|  Loop_VITIS_LOOP_130_3_proc2|  return value|
|ap_ready            |  out|    1|  ap_ctrl_hs|  Loop_VITIS_LOOP_130_3_proc2|  return value|
|blockout_TREADY     |   in|    1|        axis|                     blockout|       pointer|
|blockout_TDATA      |  out|    8|        axis|                     blockout|       pointer|
|blockout_TVALID     |  out|    1|        axis|                     blockout|       pointer|
|workspace_address0  |  out|    6|   ap_memory|                    workspace|         array|
|workspace_ce0       |  out|    1|   ap_memory|                    workspace|         array|
|workspace_q0        |   in|   21|   ap_memory|                    workspace|         array|
|workspace_address1  |  out|    6|   ap_memory|                    workspace|         array|
|workspace_ce1       |  out|    1|   ap_memory|                    workspace|         array|
|workspace_q1        |   in|   21|   ap_memory|                    workspace|         array|
+--------------------+-----+-----+------------+-----------------------------+--------------+

