

================================================================
== Vitis HLS Report for 'Loop_DCAC_row_copy_proc1'
================================================================
* Date:           Wed Feb 12 14:35:54 2025

* Version:        2022.1 (Build 3526262 on Mon Apr 18 15:48:16 MDT 2022)
* Project:        ECE423_Lab2
* Solution:       solution1 (Vivado IP Flow Target)
* Product family: zynq
* Target device:  xc7z020-clg400-1


================================================================
== Performance Estimates
================================================================
+ Timing: 
    * Summary: 
    +--------+----------+----------+------------+
    |  Clock |  Target  | Estimated| Uncertainty|
    +--------+----------+----------+------------+
    |ap_clk  |  10.00 ns|  6.746 ns|     1.25 ns|
    +--------+----------+----------+------------+

+ Latency: 
    * Summary: 
    +---------+---------+----------+----------+-----+-----+---------+
    |  Latency (cycles) |  Latency (absolute) |  Interval | Pipeline|
    |   min   |   max   |    min   |    max   | min | max |   Type  |
    +---------+---------+----------+----------+-----+-----+---------+
    |       66|       66|  0.660 us|  0.660 us|   66|   66|       no|
    +---------+---------+----------+----------+-----+-----+---------+

    + Detail: 
        * Instance: 
        N/A

        * Loop: 
        +-------------------------------+---------+---------+----------+-----------+-----------+------+----------+
        |                               |  Latency (cycles) | Iteration|  Initiation Interval  | Trip |          |
        |           Loop Name           |   min   |   max   |  Latency |  achieved |   target  | Count| Pipelined|
        +-------------------------------+---------+---------+----------+-----------+-----------+------+----------+
        |- DCAC_row_copy_DCAC_col_copy  |       64|       64|         2|          1|          1|    64|       yes|
        +-------------------------------+---------+---------+----------+-----------+-----------+------+----------+



================================================================
== Utilization Estimates
================================================================
* Summary: 
+-----------------+---------+-----+--------+-------+-----+
|       Name      | BRAM_18K| DSP |   FF   |  LUT  | URAM|
+-----------------+---------+-----+--------+-------+-----+
|DSP              |        -|    -|       -|      -|    -|
|Expression       |        -|    -|       0|    287|    -|
|FIFO             |        -|    -|       -|      -|    -|
|Instance         |        -|    -|       -|      -|    -|
|Memory           |        -|    -|       -|      -|    -|
|Multiplexer      |        -|    -|       -|     90|    -|
|Register         |        -|    -|      55|      -|    -|
+-----------------+---------+-----+--------+-------+-----+
|Total            |        0|    0|      55|    377|    0|
+-----------------+---------+-----+--------+-------+-----+
|Available        |      280|  220|  106400|  53200|    0|
+-----------------+---------+-----+--------+-------+-----+
|Utilization (%)  |        0|    0|      ~0|     ~0|    0|
+-----------------+---------+-----+--------+-------+-----+

+ Detail: 
    * Instance: 
    N/A

    * DSP: 
    N/A

    * Memory: 
    N/A

    * FIFO: 
    N/A

    * Expression: 
    +----------------------------------+----------+----+---+-----+------------+------------+
    |           Variable Name          | Operation| DSP| FF| LUT | Bitwidth P0| Bitwidth P1|
    +----------------------------------+----------+----+---+-----+------------+------------+
    |add_ln33_1_fu_118_p2              |         +|   0|  0|   14|           7|           1|
    |add_ln33_fu_208_p2                |         +|   0|  0|   13|           4|           1|
    |add_ln35_fu_189_p2                |         +|   0|  0|   13|           4|           1|
    |ap_condition_100                  |       and|   0|  0|    2|           1|           1|
    |ap_condition_112                  |       and|   0|  0|    2|           1|           1|
    |icmp_ln33_fu_112_p2               |      icmp|   0|  0|   11|           7|           8|
    |icmp_ln35_fu_127_p2               |      icmp|   0|  0|    9|           4|           5|
    |lshr_ln38_fu_165_p2               |      lshr|   0|  0|  100|          32|          32|
    |ap_block_pp0_stage0_11001         |        or|   0|  0|    2|           1|           1|
    |ap_block_state1_pp0_stage0_iter0  |        or|   0|  0|    2|           1|           1|
    |select_ln33_1_fu_214_p3           |    select|   0|  0|    4|           1|           4|
    |select_ln33_fu_133_p3             |    select|   0|  0|    4|           1|           1|
    |shl_ln38_1_fu_248_p2              |       shl|   0|  0|    9|           2|           4|
    |shl_ln38_fu_183_p2                |       shl|   0|  0|  100|          32|          32|
    |ap_enable_pp0                     |       xor|   0|  0|    2|           1|           2|
    +----------------------------------+----------+----+---+-----+------------+------------+
    |Total                             |          |   0|  0|  287|          99|          95|
    +----------------------------------+----------+----+---+-----+------------+------------+

    * Multiplexer: 
    +--------------------------------------+----+-----------+-----+-----------+
    |                 Name                 | LUT| Input Size| Bits| Total Bits|
    +--------------------------------------+----+-----------+-----+-----------+
    |DCAC_TDATA_blk_n                      |   9|          2|    1|          2|
    |DCAC_temp_we0                         |   9|          2|    4|          8|
    |ap_done_int                           |   9|          2|    1|          2|
    |ap_enable_reg_pp0_iter1               |   9|          2|    1|          2|
    |ap_sig_allocacmp_c_load               |   9|          2|    4|          8|
    |ap_sig_allocacmp_indvar_flatten_load  |   9|          2|    7|         14|
    |ap_sig_allocacmp_r_load               |   9|          2|    4|          8|
    |c_fu_64                               |   9|          2|    4|          8|
    |indvar_flatten_fu_72                  |   9|          2|    7|         14|
    |r_fu_68                               |   9|          2|    4|          8|
    +--------------------------------------+----+-----------+-----+-----------+
    |Total                                 |  90|         20|   37|         74|
    +--------------------------------------+----+-----------+-----+-----------+

    * Register: 
    +----------------------------+----+----+-----+-----------+
    |            Name            | FF | LUT| Bits| Const Bits|
    +----------------------------+----+----+-----+-----------+
    |ap_CS_fsm                   |   1|   0|    1|          0|
    |ap_done_reg                 |   1|   0|    1|          0|
    |ap_enable_reg_pp0_iter1     |   1|   0|    1|          0|
    |ap_loop_init_pp0_iter1_reg  |   1|   0|    1|          0|
    |c_fu_64                     |   4|   0|    4|          0|
    |icmp_ln35_reg_284           |   1|   0|    1|          0|
    |indvar_flatten_fu_72        |   7|   0|    7|          0|
    |r_fu_68                     |   4|   0|    4|          0|
    |shl_ln38_reg_299            |  32|   0|   32|          0|
    |tmp_reg_294                 |   1|   0|    1|          0|
    |trunc_ln35_1_reg_289        |   2|   0|    2|          0|
    +----------------------------+----+----+-----+-----------+
    |Total                       |  55|   0|   55|          0|
    +----------------------------+----+----+-----+-----------+



================================================================
== Interface
================================================================
* Summary: 
+--------------------+-----+-----+------------+--------------------------+--------------+
|      RTL Ports     | Dir | Bits|  Protocol  |       Source Object      |    C Type    |
+--------------------+-----+-----+------------+--------------------------+--------------+
|ap_clk              |   in|    1|  ap_ctrl_hs|  Loop_DCAC_row_copy_proc1|  return value|
|ap_rst              |   in|    1|  ap_ctrl_hs|  Loop_DCAC_row_copy_proc1|  return value|
|ap_start            |   in|    1|  ap_ctrl_hs|  Loop_DCAC_row_copy_proc1|  return value|
|ap_done             |  out|    1|  ap_ctrl_hs|  Loop_DCAC_row_copy_proc1|  return value|
|ap_continue         |   in|    1|  ap_ctrl_hs|  Loop_DCAC_row_copy_proc1|  return value|
|ap_idle             |  out|    1|  ap_ctrl_hs|  Loop_DCAC_row_copy_proc1|  return value|
|ap_ready            |  out|    1|  ap_ctrl_hs|  Loop_DCAC_row_copy_proc1|  return value|
|DCAC_TVALID         |   in|    1|        axis|                      DCAC|       pointer|
|DCAC_TDATA          |   in|   32|        axis|                      DCAC|       pointer|
|DCAC_TREADY         |  out|    1|        axis|                      DCAC|       pointer|
|DCAC_temp_address0  |  out|    5|   ap_memory|                 DCAC_temp|         array|
|DCAC_temp_ce0       |  out|    1|   ap_memory|                 DCAC_temp|         array|
|DCAC_temp_we0       |  out|    4|   ap_memory|                 DCAC_temp|         array|
|DCAC_temp_d0        |  out|   32|   ap_memory|                 DCAC_temp|         array|
+--------------------+-----+-----+------------+--------------------------+--------------+

