

================================================================
== Vitis HLS Report for 'Loop_VITIS_LOOP_59_2_proc'
================================================================
* Date:           Wed Feb  5 18:39:10 2025

* Version:        2022.1 (Build 3526262 on Mon Apr 18 15:48:16 MDT 2022)
* Project:        ECE423_Lab2
* Solution:       solution1 (Vivado IP Flow Target)
* Product family: zynq
* Target device:  xc7z020-clg400-1


================================================================
== Performance Estimates
================================================================
+ Timing: 
    * Summary: 
    +--------+----------+----------+------------+
    |  Clock |  Target  | Estimated| Uncertainty|
    +--------+----------+----------+------------+
    |ap_clk  |  10.00 ns|  7.674 ns|     1.25 ns|
    +--------+----------+----------+------------+

+ Latency: 
    * Summary: 
    +---------+---------+----------+----------+-----+-----+---------+
    |  Latency (cycles) |  Latency (absolute) |  Interval | Pipeline|
    |   min   |   max   |    min   |    max   | min | max |   Type  |
    +---------+---------+----------+----------+-----+-----+---------+
    |       51|       51|  0.510 us|  0.510 us|   51|   51|       no|
    +---------+---------+----------+----------+-----+-----+---------+

    + Detail: 
        * Instance: 
        N/A

        * Loop: 
        +-------------------+---------+---------+----------+-----------+-----------+------+----------+
        |                   |  Latency (cycles) | Iteration|  Initiation Interval  | Trip |          |
        |     Loop Name     |   min   |   max   |  Latency |  achieved |   target  | Count| Pipelined|
        +-------------------+---------+---------+----------+-----------+-----------+------+----------+
        |- VITIS_LOOP_59_2  |       49|       49|        20|         10|          1|     4|       yes|
        +-------------------+---------+---------+----------+-----------+-----------+------+----------+



================================================================
== Utilization Estimates
================================================================
* Summary: 
+-----------------+---------+-----+--------+-------+-----+
|       Name      | BRAM_18K| DSP |   FF   |  LUT  | URAM|
+-----------------+---------+-----+--------+-------+-----+
|DSP              |        -|   24|       -|      -|    -|
|Expression       |        -|    -|       0|   3413|    -|
|FIFO             |        -|    -|       -|      -|    -|
|Instance         |        -|    -|       -|      -|    -|
|Memory           |        -|    -|       -|      -|    -|
|Multiplexer      |        -|    -|       -|    392|    -|
|Register         |        -|    -|    1313|      -|    -|
+-----------------+---------+-----+--------+-------+-----+
|Total            |        0|   24|    1313|   3805|    0|
+-----------------+---------+-----+--------+-------+-----+
|Available        |      280|  220|  106400|  53200|    0|
+-----------------+---------+-----+--------+-------+-----+
|Utilization (%)  |        0|   10|       1|      7|    0|
+-----------------+---------+-----+--------+-------+-----+

+ Detail: 
    * Instance: 
    N/A

    * DSP: 
    +-------------------------------------+---------------------------------+----------------+
    |               Instance              |              Module             |   Expression   |
    +-------------------------------------+---------------------------------+----------------+
    |am_addmul_16s_16s_13ns_31_4_1_U4     |am_addmul_16s_16s_13ns_31_4_1    |  (i0 + i1) * i2|
    |am_addmul_16s_16s_13ns_31_4_1_U18    |am_addmul_16s_16s_13ns_31_4_1    |  (i0 + i1) * i2|
    |am_addmul_16s_16s_14s_31_4_1_U9      |am_addmul_16s_16s_14s_31_4_1     |  (i0 + i1) * i2|
    |am_addmul_16s_16s_14s_31_4_1_U17     |am_addmul_16s_16s_14s_31_4_1     |  (i0 + i1) * i2|
    |am_addmul_16s_16s_16s_32_4_1_U7      |am_addmul_16s_16s_16s_32_4_1     |  (i0 + i1) * i2|
    |am_addmul_16s_16s_16s_32_4_1_U15     |am_addmul_16s_16s_16s_32_4_1     |  (i0 + i1) * i2|
    |am_addmul_17s_17s_14ns_32_4_1_U8     |am_addmul_17s_17s_14ns_32_4_1    |  (i0 + i1) * i2|
    |am_addmul_17s_17s_14ns_32_4_1_U16    |am_addmul_17s_17s_14ns_32_4_1    |  (i0 + i1) * i2|
    |mac_muladd_16s_12ns_31s_31_4_1_U12   |mac_muladd_16s_12ns_31s_31_4_1   |    i0 + i1 * i2|
    |mac_muladd_16s_12ns_31s_31_4_1_U25   |mac_muladd_16s_12ns_31s_31_4_1   |    i0 + i1 * i2|
    |mac_muladd_16s_13ns_30ns_30_4_1_U6   |mac_muladd_16s_13ns_30ns_30_4_1  |    i0 + i1 * i2|
    |mac_muladd_16s_13ns_30ns_30_4_1_U24  |mac_muladd_16s_13ns_30ns_30_4_1  |    i0 + i1 * i2|
    |mac_muladd_16s_14ns_31s_31_4_1_U10   |mac_muladd_16s_14ns_31s_31_4_1   |    i0 + i1 * i2|
    |mac_muladd_16s_14ns_31s_31_4_1_U19   |mac_muladd_16s_14ns_31s_31_4_1   |    i0 + i1 * i2|
    |mac_muladd_16s_15ns_32s_32_4_1_U13   |mac_muladd_16s_15ns_32s_32_4_1   |    i0 * i1 + i2|
    |mac_muladd_16s_15ns_32s_32_4_1_U22   |mac_muladd_16s_15ns_32s_32_4_1   |    i0 * i1 + i2|
    |mac_muladd_16s_15ns_32s_32_4_1_U26   |mac_muladd_16s_15ns_32s_32_4_1   |    i0 * i1 + i2|
    |mac_muladd_16s_15ns_32s_32_4_1_U27   |mac_muladd_16s_15ns_32s_32_4_1   |    i0 * i1 + i2|
    |mac_muladd_16s_15s_31s_31_4_1_U5     |mac_muladd_16s_15s_31s_31_4_1    |    i0 + i1 * i2|
    |mac_muladd_16s_15s_31s_31_4_1_U23    |mac_muladd_16s_15s_31s_31_4_1    |    i0 + i1 * i2|
    |mac_muladd_17s_13s_32s_32_4_1_U14    |mac_muladd_17s_13s_32s_32_4_1    |    i0 + i1 * i2|
    |mac_muladd_17s_13s_32s_32_4_1_U21    |mac_muladd_17s_13s_32s_32_4_1    |    i0 + i1 * i2|
    |mac_muladd_17s_15s_32s_32_4_1_U11    |mac_muladd_17s_15s_32s_32_4_1    |    i0 + i1 * i2|
    |mac_muladd_17s_15s_32s_32_4_1_U20    |mac_muladd_17s_15s_32s_32_4_1    |    i0 + i1 * i2|
    +-------------------------------------+---------------------------------+----------------+

    * Memory: 
    N/A

    * FIFO: 
    N/A

    * Expression: 
    +---------------------------+----------+----+---+-----+------------+------------+
    |       Variable Name       | Operation| DSP| FF| LUT | Bitwidth P0| Bitwidth P1|
    +---------------------------+----------+----+---+-----+------------+------------+
    |add_ln115_1_fu_1024_p2     |         +|   0|  0|   39|          32|          32|
    |add_ln115_2_fu_1291_p2     |         +|   0|  0|   38|          31|          31|
    |add_ln115_3_fu_1366_p2     |         +|   0|  0|   39|          32|          32|
    |add_ln115_fu_1008_p2       |         +|   0|  0|   38|          31|          31|
    |add_ln116_fu_1529_p2       |         +|   0|  0|   13|           4|           4|
    |add_ln117_1_fu_1071_p2     |         +|   0|  0|   39|          32|          32|
    |add_ln117_2_fu_1401_p2     |         +|   0|  0|   39|          32|          32|
    |add_ln117_3_fu_1413_p2     |         +|   0|  0|   39|          32|          32|
    |add_ln117_4_fu_1550_p2     |         +|   0|  0|   13|           5|           4|
    |add_ln117_fu_1059_p2       |         +|   0|  0|   39|          32|          32|
    |add_ln119_1_fu_1210_p2     |         +|   0|  0|   39|          32|          32|
    |add_ln119_2_fu_1439_p2     |         +|   0|  0|   32|          32|          11|
    |add_ln119_3_fu_1451_p2     |         +|   0|  0|   39|          32|          32|
    |add_ln119_fu_1097_p2       |         +|   0|  0|   32|          32|          11|
    |add_ln120_1_fu_1593_p2     |         +|   0|  0|   14|           6|           6|
    |add_ln120_fu_1518_p2       |         +|   0|  0|   14|           6|           6|
    |add_ln121_1_fu_1115_p2     |         +|   0|  0|   39|          32|          32|
    |add_ln121_2_fu_1477_p2     |         +|   0|  0|   39|          32|          11|
    |add_ln121_3_fu_1489_p2     |         +|   0|  0|   39|          32|          32|
    |add_ln121_4_fu_1603_p2     |         +|   0|  0|   14|           6|           5|
    |add_ln121_fu_1103_p2       |         +|   0|  0|   39|          32|          11|
    |add_ln59_fu_1150_p2        |         +|   0|  0|   13|           4|           2|
    |add_ln73_1_fu_1250_p2      |         +|   0|  0|   24|          17|          17|
    |add_ln73_fu_894_p2         |         +|   0|  0|   24|          17|          17|
    |tmp0_3_fu_989_p2           |         +|   0|  0|   39|          32|          32|
    |tmp0_7_fu_1349_p2          |         +|   0|  0|   39|          32|          32|
    |tmp10_1_fu_1282_p2         |         +|   0|  0|   37|          30|          11|
    |tmp10_fu_999_p2            |         +|   0|  0|   37|          30|          11|
    |tmp11_1_fu_1392_p2         |         +|   0|  0|   38|          31|          11|
    |tmp11_fu_1050_p2           |         +|   0|  0|   38|          31|          11|
    |tmp1_3_fu_1197_p2          |         +|   0|  0|   39|          32|          32|
    |tmp1_7_fu_1354_p2          |         +|   0|  0|   39|          32|          32|
    |tmp2_3_fu_985_p2           |         +|   0|  0|   39|          32|          32|
    |tmp2_7_fu_1345_p2          |         +|   0|  0|   39|          32|          32|
    |tmp3_3_fu_994_p2           |         +|   0|  0|   39|          32|          32|
    |tmp3_7_fu_1277_p2          |         +|   0|  0|   39|          32|          32|
    |z3_1_fu_625_p2             |         +|   0|  0|   24|          17|          17|
    |z3_5_fu_802_p2             |         +|   0|  0|   24|          17|          17|
    |z4_3_fu_815_p2             |         +|   0|  0|   24|          17|          17|
    |z4_fu_638_p2               |         +|   0|  0|   24|          17|          17|
    |sub_ln116_1_fu_1361_p2     |         -|   0|  0|   39|          32|          32|
    |sub_ln116_fu_1018_p2       |         -|   0|  0|   39|          32|          32|
    |sub_ln118_1_fu_1407_p2     |         -|   0|  0|   39|          32|          32|
    |sub_ln118_fu_1065_p2       |         -|   0|  0|   39|          32|          32|
    |sub_ln120_1_fu_1445_p2     |         -|   0|  0|   39|          32|          32|
    |sub_ln120_fu_1205_p2       |         -|   0|  0|   39|          32|          32|
    |sub_ln122_1_fu_1483_p2     |         -|   0|  0|   39|          32|          32|
    |sub_ln122_fu_1109_p2       |         -|   0|  0|   39|          32|          32|
    |sub_ln74_1_fu_1244_p2      |         -|   0|  0|   24|          17|          17|
    |sub_ln74_fu_888_p2         |         -|   0|  0|   24|          17|          17|
    |tmp12_1_fu_1336_p2         |         -|   0|  0|   32|          32|          32|
    |tmp12_fu_973_p2            |         -|   0|  0|   32|          32|          32|
    |tmp13_1_fu_1268_p2         |         -|   0|  0|   38|          31|          31|
    |tmp13_fu_952_p2            |         -|   0|  0|   38|          31|          31|
    |ap_condition_1685          |       and|   0|  0|    2|           1|           1|
    |ap_condition_352           |       and|   0|  0|    2|           1|           1|
    |lshr_ln63_1_fu_770_p2      |      lshr|   0|  0|  100|          32|          32|
    |lshr_ln63_fu_481_p2        |      lshr|   0|  0|  100|          32|          32|
    |lshr_ln64_1_fu_783_p2      |      lshr|   0|  0|  100|          32|          32|
    |lshr_ln64_fu_495_p2        |      lshr|   0|  0|  100|          32|          32|
    |lshr_ln70_1_fu_912_p2      |      lshr|   0|  0|  100|          32|          32|
    |lshr_ln70_fu_828_p2        |      lshr|   0|  0|  100|          32|          32|
    |lshr_ln71_1_fu_925_p2      |      lshr|   0|  0|  100|          32|          32|
    |lshr_ln71_fu_841_p2        |      lshr|   0|  0|  100|          32|          32|
    |lshr_ln85_1_fu_663_p2      |      lshr|   0|  0|  100|          32|          32|
    |lshr_ln85_fu_526_p2        |      lshr|   0|  0|  100|          32|          32|
    |lshr_ln86_1_fu_676_p2      |      lshr|   0|  0|  100|          32|          32|
    |lshr_ln86_fu_539_p2        |      lshr|   0|  0|  100|          32|          32|
    |lshr_ln87_1_fu_719_p2      |      lshr|   0|  0|  100|          32|          32|
    |lshr_ln87_fu_558_p2        |      lshr|   0|  0|  100|          32|          32|
    |lshr_ln88_1_fu_732_p2      |      lshr|   0|  0|  100|          32|          32|
    |lshr_ln88_fu_571_p2        |      lshr|   0|  0|  100|          32|          32|
    |ap_block_pp0_stage0_11001  |        or|   0|  0|    2|           1|           1|
    |or_ln59_fu_1309_p2         |        or|   0|  0|    3|           3|           1|
    |or_ln63_fu_581_p2          |        or|   0|  0|    2|           2|           1|
    |ap_enable_pp0              |       xor|   0|  0|    2|           1|           2|
    |xor_ln116_fu_1160_p2       |       xor|   0|  0|    5|           4|           5|
    +---------------------------+----------+----+---+-----+------------+------------+
    |Total                      |          |   0|  0| 3413|        1962|        1795|
    +---------------------------+----------+----+---+-----+------------+------------+

    * Multiplexer: 
    +-------------------------+----+-----------+-----+-----------+
    |           Name          | LUT| Input Size| Bits| Total Bits|
    +-------------------------+----+-----------+-----+-----------+
    |DCAC_temp_address0       |  48|          9|    5|         45|
    |DCAC_temp_address1       |  48|          9|    5|         45|
    |ap_NS_fsm                |  59|         11|    1|         11|
    |ap_done_int              |   9|          2|    1|          2|
    |ap_enable_reg_pp0_iter0  |   9|          2|    1|          2|
    |ap_enable_reg_pp0_iter1  |   9|          2|    1|          2|
    |ap_sig_allocacmp_col_1   |   9|          2|    4|          8|
    |col_fu_110               |   9|          2|    4|          8|
    |workspace_address0       |  48|          9|    6|         54|
    |workspace_address1       |  48|          9|    6|         54|
    |workspace_d0             |  48|          9|   21|        189|
    |workspace_d1             |  48|          9|   21|        189|
    +-------------------------+----+-----------+-----+-----------+
    |Total                    | 392|         75|   76|        609|
    +-------------------------+----+-----------+-----+-----------+

    * Register: 
    +------------------------------+----+----+-----+-----------+
    |             Name             | FF | LUT| Bits| Const Bits|
    +------------------------------+----+----+-----+-----------+
    |add_ln111_2_reg_2310          |  31|   0|   31|          0|
    |add_ln111_reg_2184            |  31|   0|   31|          0|
    |add_ln115_2_reg_2359          |  31|   0|   31|          0|
    |add_ln119_reg_2240            |  32|   0|   32|          0|
    |add_ln73_reg_2174             |  17|   0|   17|          0|
    |and_ln_reg_1870               |   1|   0|    5|          4|
    |ap_CS_fsm                     |  10|   0|   10|          0|
    |ap_done_reg                   |   1|   0|    1|          0|
    |ap_enable_reg_pp0_iter0_reg   |   1|   0|    1|          0|
    |ap_enable_reg_pp0_iter1       |   1|   0|    1|          0|
    |col_1_reg_1829                |   4|   0|    4|          0|
    |col_1_reg_1829_pp0_iter1_reg  |   4|   0|    4|          0|
    |col_cast23_reg_2404           |   4|   0|    6|          2|
    |col_fu_110                    |   4|   0|    4|          0|
    |empty_59_reg_1851             |   2|   0|    2|          0|
    |empty_reg_1842                |   3|   0|    3|          0|
    |empty_reg_1842_pp0_iter1_reg  |   3|   0|    3|          0|
    |or_ln59_reg_2364              |   2|   0|    3|          1|
    |or_ln63_reg_1960              |   1|   0|    2|          1|
    |sub_ln74_1_reg_2343           |  17|   0|   17|          0|
    |sub_ln74_reg_2169             |  17|   0|   17|          0|
    |tmp0_1_reg_1926               |  16|   0|   16|          0|
    |tmp0_5_reg_2003               |  16|   0|   16|          0|
    |tmp13_1_reg_2348              |  31|   0|   31|          0|
    |tmp1_1_reg_1932               |  16|   0|   16|          0|
    |tmp1_5_reg_2009               |  16|   0|   16|          0|
    |tmp2_1_reg_1948               |  16|   0|   16|          0|
    |tmp2_4_reg_2337               |  31|   0|   31|          0|
    |tmp2_5_reg_2045               |  16|   0|   16|          0|
    |tmp2_reg_2067                 |  31|   0|   31|          0|
    |tmp3_1_reg_1954               |  16|   0|   16|          0|
    |tmp3_5_reg_2051               |  16|   0|   16|          0|
    |tmp3_7_reg_2353               |  32|   0|   32|          0|
    |tmp3_reg_2073                 |  30|   0|   30|          0|
    |tmp_7_reg_1888                |   2|   0|    3|          1|
    |tmp_reg_1847                  |   1|   0|    1|          0|
    |tmp_s_reg_1967                |   1|   0|    3|          2|
    |trunc_ln116_1_reg_2369        |  21|   0|   21|          0|
    |trunc_ln117_1_reg_2374        |  21|   0|   21|          0|
    |trunc_ln118_1_reg_2379        |  21|   0|   21|          0|
    |trunc_ln119_1_reg_2384        |  21|   0|   21|          0|
    |trunc_ln120_1_reg_2389        |  21|   0|   21|          0|
    |trunc_ln121_1_reg_2394        |  21|   0|   21|          0|
    |trunc_ln122_1_reg_2399        |  21|   0|   21|          0|
    |trunc_ln1_reg_2220            |  21|   0|   21|          0|
    |trunc_ln2_reg_2225            |  21|   0|   21|          0|
    |trunc_ln3_reg_2230            |  21|   0|   21|          0|
    |trunc_ln4_reg_2235            |  21|   0|   21|          0|
    |trunc_ln5_reg_2327            |  21|   0|   21|          0|
    |trunc_ln6_reg_2332            |  21|   0|   21|          0|
    |trunc_ln70_1_reg_2205         |  16|   0|   16|          0|
    |trunc_ln70_reg_2116           |  16|   0|   16|          0|
    |trunc_ln71_1_reg_2210         |  16|   0|   16|          0|
    |trunc_ln71_reg_2121           |  16|   0|   16|          0|
    |trunc_ln7_reg_2246            |  21|   0|   21|          0|
    |trunc_ln8_reg_2251            |  21|   0|   21|          0|
    |xor_ln116_reg_2289            |   4|   0|    4|          0|
    |z1_2_reg_2132                 |  31|   0|   31|          0|
    |z1_5_reg_2277                 |  31|   0|   31|          0|
    |z2_2_reg_2138                 |  32|   0|   32|          0|
    |z2_3_reg_2094                 |  16|   0|   16|          0|
    |z2_5_reg_2283                 |  32|   0|   32|          0|
    |z2_reg_1904                   |  16|   0|   16|          0|
    |z3_1_reg_1983                 |  17|   0|   17|          0|
    |z3_3_reg_2189                 |  32|   0|   32|          0|
    |z3_4_reg_2100                 |  16|   0|   16|          0|
    |z3_5_reg_2106                 |  17|   0|   17|          0|
    |z3_7_reg_2315                 |  32|   0|   32|          0|
    |z3_reg_1910                   |  16|   0|   16|          0|
    |z4_2_reg_2215                 |  32|   0|   32|          0|
    |z4_3_reg_2111                 |  17|   0|   17|          0|
    |z4_5_reg_2321                 |  32|   0|   32|          0|
    |z4_reg_1988                   |  17|   0|   17|          0|
    |z5_reg_2126                   |  32|   0|   32|          0|
    |zext_ln119_1_cast_reg_2415    |   2|   0|    5|          3|
    |zext_ln119_1_reg_2410         |   2|   0|    4|          2|
    |zext_ln119_cast_reg_2295      |   4|   0|    5|          1|
    +------------------------------+----+----+-----+-----------+
    |Total                         |1313|   0| 1330|         17|
    +------------------------------+----+----+-----+-----------+



================================================================
== Interface
================================================================
* Summary: 
+--------------------+-----+-----+------------+---------------------------+--------------+
|      RTL Ports     | Dir | Bits|  Protocol  |       Source Object       |    C Type    |
+--------------------+-----+-----+------------+---------------------------+--------------+
|ap_clk              |   in|    1|  ap_ctrl_hs|  Loop_VITIS_LOOP_59_2_proc|  return value|
|ap_rst              |   in|    1|  ap_ctrl_hs|  Loop_VITIS_LOOP_59_2_proc|  return value|
|ap_start            |   in|    1|  ap_ctrl_hs|  Loop_VITIS_LOOP_59_2_proc|  return value|
|ap_done             |  out|    1|  ap_ctrl_hs|  Loop_VITIS_LOOP_59_2_proc|  return value|
|ap_continue         |   in|    1|  ap_ctrl_hs|  Loop_VITIS_LOOP_59_2_proc|  return value|
|ap_idle             |  out|    1|  ap_ctrl_hs|  Loop_VITIS_LOOP_59_2_proc|  return value|
|ap_ready            |  out|    1|  ap_ctrl_hs|  Loop_VITIS_LOOP_59_2_proc|  return value|
|DCAC_temp_address0  |  out|    5|   ap_memory|                  DCAC_temp|         array|
|DCAC_temp_ce0       |  out|    1|   ap_memory|                  DCAC_temp|         array|
|DCAC_temp_q0        |   in|   32|   ap_memory|                  DCAC_temp|         array|
|DCAC_temp_address1  |  out|    5|   ap_memory|                  DCAC_temp|         array|
|DCAC_temp_ce1       |  out|    1|   ap_memory|                  DCAC_temp|         array|
|DCAC_temp_q1        |   in|   32|   ap_memory|                  DCAC_temp|         array|
|workspace_address0  |  out|    6|   ap_memory|                  workspace|         array|
|workspace_ce0       |  out|    1|   ap_memory|                  workspace|         array|
|workspace_we0       |  out|    1|   ap_memory|                  workspace|         array|
|workspace_d0        |  out|   21|   ap_memory|                  workspace|         array|
|workspace_address1  |  out|    6|   ap_memory|                  workspace|         array|
|workspace_ce1       |  out|    1|   ap_memory|                  workspace|         array|
|workspace_we1       |  out|    1|   ap_memory|                  workspace|         array|
|workspace_d1        |  out|   21|   ap_memory|                  workspace|         array|
+--------------------+-----+-----+------------+---------------------------+--------------+

